Archive member included to satisfy reference by file (symbol)

.build/obj_lily58_rev1_shanec80/serial_protocol.a(serial_protocol.o)
                              .build/obj_lily58_rev1_shanec80/quantum/split_common/transport.o (soft_serial_target_init)
.build/obj_lily58_rev1_shanec80/serial_vendor.a(serial_vendor.o)
                              .build/obj_lily58_rev1_shanec80/serial_protocol.a(serial_protocol.o) (serial_transport_driver_clear)
.build/obj_lily58_rev1_shanec80/i2c_master.a(i2c_master.o)
                              .build/obj_lily58_rev1_shanec80/oled_driver.o (i2c_init)
/usr/lib/gcc/arm-none-eabi/13.2.0/thumb/v6-m/nofp/libgcc.a(_thumb1_case_sqi.o)
                              .build/obj_lily58_rev1_shanec80/quantum/keycode_config.o (__gnu_thumb1_case_sqi)
/usr/lib/gcc/arm-none-eabi/13.2.0/thumb/v6-m/nofp/libgcc.a(_thumb1_case_uqi.o)
                              .build/obj_lily58_rev1_shanec80/./lib/layer_state_reader.o (__gnu_thumb1_case_uqi)
/usr/lib/gcc/arm-none-eabi/13.2.0/thumb/v6-m/nofp/libgcc.a(_thumb1_case_shi.o)
                              .build/obj_lily58_rev1_shanec80/lib/chibios/os/hal/lib/streams/chprintf.o (__gnu_thumb1_case_shi)
/usr/lib/gcc/arm-none-eabi/13.2.0/thumb/v6-m/nofp/libgcc.a(_thumb1_case_uhi.o)
                              .build/obj_lily58_rev1_shanec80/quantum/action.o (__gnu_thumb1_case_uhi)
/usr/lib/gcc/arm-none-eabi/13.2.0/thumb/v6-m/nofp/libgcc.a(_dvmd_tls.o)
                              .build/obj_lily58_rev1_shanec80/./lib/pico-sdk/src/rp2_common/pico_divider/divider.o (__aeabi_idiv0)
/usr/lib/gcc/arm-none-eabi/13.2.0/thumb/v6-m/nofp/libgcc.a(_ctzsi2.o)
                              .build/obj_lily58_rev1_shanec80/./lib/pico-sdk/src/rp2_common/hardware_pio/pio.o (__ctzsi2)
/usr/lib/gcc/arm-none-eabi/13.2.0/thumb/v6-m/nofp/libgcc.a(_fixunssfsi.o)
                              .build/obj_lily58_rev1_shanec80/serial_vendor.a(serial_vendor.o) (__aeabi_f2uiz)
/usr/lib/gcc/arm-none-eabi/13.2.0/thumb/v6-m/nofp/libgcc.a(divsf3.o)
                              .build/obj_lily58_rev1_shanec80/serial_vendor.a(serial_vendor.o) (__aeabi_fdiv)
/usr/lib/gcc/arm-none-eabi/13.2.0/thumb/v6-m/nofp/libgcc.a(mulsf3.o)
                              .build/obj_lily58_rev1_shanec80/serial_vendor.a(serial_vendor.o) (__aeabi_fmul)
/usr/lib/gcc/arm-none-eabi/13.2.0/thumb/v6-m/nofp/libgcc.a(subsf3.o)
                              .build/obj_lily58_rev1_shanec80/serial_vendor.a(serial_vendor.o) (__aeabi_fsub)
/usr/lib/gcc/arm-none-eabi/13.2.0/thumb/v6-m/nofp/libgcc.a(fixsfsi.o)
                              /usr/lib/gcc/arm-none-eabi/13.2.0/thumb/v6-m/nofp/libgcc.a(_fixunssfsi.o) (__aeabi_f2iz)
/usr/lib/gcc/arm-none-eabi/13.2.0/thumb/v6-m/nofp/libgcc.a(floatunsisf.o)
                              .build/obj_lily58_rev1_shanec80/serial_vendor.a(serial_vendor.o) (__aeabi_ui2f)
/usr/lib/gcc/arm-none-eabi/13.2.0/thumb/v6-m/nofp/libgcc.a(_arm_cmpsf2.o)
                              /usr/lib/gcc/arm-none-eabi/13.2.0/thumb/v6-m/nofp/libgcc.a(_fixunssfsi.o) (__aeabi_fcmpge)
/usr/lib/gcc/arm-none-eabi/13.2.0/thumb/v6-m/nofp/libgcc.a(_clzsi2.o)
                              /usr/lib/gcc/arm-none-eabi/13.2.0/thumb/v6-m/nofp/libgcc.a(divsf3.o) (__clzsi2)
/usr/lib/gcc/arm-none-eabi/13.2.0/thumb/v6-m/nofp/libgcc.a(eqsf2.o)
                              /usr/lib/gcc/arm-none-eabi/13.2.0/thumb/v6-m/nofp/libgcc.a(_arm_cmpsf2.o) (__eqsf2)
/usr/lib/gcc/arm-none-eabi/13.2.0/thumb/v6-m/nofp/libgcc.a(gesf2.o)
                              /usr/lib/gcc/arm-none-eabi/13.2.0/thumb/v6-m/nofp/libgcc.a(_arm_cmpsf2.o) (__gesf2)
/usr/lib/gcc/arm-none-eabi/13.2.0/thumb/v6-m/nofp/libgcc.a(lesf2.o)
                              /usr/lib/gcc/arm-none-eabi/13.2.0/thumb/v6-m/nofp/libgcc.a(_arm_cmpsf2.o) (__lesf2)
/usr/lib/gcc/arm-none-eabi/13.2.0/../../../../arm-none-eabi/lib/thumb/v6-m/nofp/libg_nano.a(libc_a-abort.o)
                              .build/obj_lily58_rev1_shanec80/lib/chibios/os/various/syscalls.o (abort)
/usr/lib/gcc/arm-none-eabi/13.2.0/../../../../arm-none-eabi/lib/thumb/v6-m/nofp/libg_nano.a(libc_a-rand.o)
                              .build/obj_lily58_rev1_shanec80/quantum/send_string/send_string.o (rand)
/usr/lib/gcc/arm-none-eabi/13.2.0/../../../../arm-none-eabi/lib/thumb/v6-m/nofp/libg_nano.a(libc_a-ctype_.o)
                              .build/obj_lily58_rev1_shanec80/quantum/send_string/send_string.o (_ctype_)
/usr/lib/gcc/arm-none-eabi/13.2.0/../../../../arm-none-eabi/lib/thumb/v6-m/nofp/libg_nano.a(libc_a-memcmp.o)
                              .build/obj_lily58_rev1_shanec80/quantum/action_util.o (memcmp)
/usr/lib/gcc/arm-none-eabi/13.2.0/../../../../arm-none-eabi/lib/thumb/v6-m/nofp/libg_nano.a(libc_a-memmove.o)
                              .build/obj_lily58_rev1_shanec80/oled_driver.o (memmove)
/usr/lib/gcc/arm-none-eabi/13.2.0/../../../../arm-none-eabi/lib/thumb/v6-m/nofp/libg_nano.a(libc_a-memset.o)
[...]
Memory Configuration

Name             Origin             Length             Attributes
flash0           0x00000000         0x00004000         xr
flash1           0x10000000         0x00200000         xr
flash2           0x00000000         0x00000000         xr
flash3           0x00000000         0x00000000         xr
flash4           0x00000000         0x00000000         xr
flash5           0x00000000         0x00000000         xr
flash6           0x00000000         0x00000000         xr
flash7           0x00000000         0x00000000         xr
ram0             0x20000000         0x00040000         xw
ram1             0x00000000         0x00040000         xw
ram2             0x00000000         0x00000000         xw
ram3             0x00000000         0x00000000         xw
ram4             0x20040000         0x00001000         xw
ram5             0x20041000         0x00001000         xw
ram6             0x00000000         0x00000000         xw
ram7             0x20041f00         0x00000100         xw
*default*        0x00000000         0xffffffff

Linker script and memory map

LOAD .build/obj_lily58_rev1_shanec80/./lib/rgb_state_reader.o
LOAD .build/obj_lily58_rev1_shanec80/./lib/layer_state_reader.o
LOAD .build/obj_lily58_rev1_shanec80/./lib/logo_reader.o
LOAD .build/obj_lily58_rev1_shanec80/.build/obj_lily58_rev1_shanec80/src/default_keyboard.o
LOAD .build/obj_lily58_rev1_shanec80/quantum/keymap_introspection.o
LOAD .build/obj_lily58_rev1_shanec80/quantum/quantum.o
LOAD .build/obj_lily58_rev1_shanec80/quantum/bitwise.o
LOAD .build/obj_lily58_rev1_shanec80/quantum/led.o
LOAD .build/obj_lily58_rev1_shanec80/quantum/action.o
LOAD .build/obj_lily58_rev1_shanec80/quantum/action_layer.o
LOAD .build/obj_lily58_rev1_shanec80/quantum/action_tapping.o
LOAD .build/obj_lily58_rev1_shanec80/quantum/action_util.o
LOAD .build/obj_lily58_rev1_shanec80/quantum/eeconfig.o
LOAD .build/obj_lily58_rev1_shanec80/quantum/keyboard.o
LOAD .build/obj_lily58_rev1_shanec80/quantum/keymap_common.o
LOAD .build/obj_lily58_rev1_shanec80/quantum/keycode_config.o
LOAD .build/obj_lily58_rev1_shanec80/quantum/sync_timer.o
LOAD .build/obj_lily58_rev1_shanec80/quantum/logging/debug.o
LOAD .build/obj_lily58_rev1_shanec80/quantum/logging/sendchar.o
LOAD .build/obj_lily58_rev1_shanec80/quantum/logging/print.o
LOAD .build/obj_lily58_rev1_shanec80/quantum/bootmagic/bootmagic_lite.o
LOAD .build/obj_lily58_rev1_shanec80/quantum/bootmagic/magic.o
LOAD .build/obj_lily58_rev1_shanec80/quantum/matrix_common.o
LOAD .build/obj_lily58_rev1_shanec80/quantum/matrix.o
LOAD .build/obj_lily58_rev1_shanec80/quantum/debounce/sym_defer_g.o
LOAD .build/obj_lily58_rev1_shanec80/quantum/split_common/split_util.o
LOAD .build/obj_lily58_rev1_shanec80/quantum/split_common/transport.o
LOAD .build/obj_lily58_rev1_shanec80/quantum/split_common/transactions.o
LOAD .build/obj_lily58_rev1_shanec80/quantum/main.o
LOAD .build/obj_lily58_rev1_shanec80/printf.o
LOAD .build/obj_lily58_rev1_shanec80/eeprom_driver.o
LOAD .build/obj_lily58_rev1_shanec80/eeprom_wear_leveling.o
LOAD .build/obj_lily58_rev1_shanec80/wear_leveling.o
LOAD .build/obj_lily58_rev1_shanec80/wear_leveling_rp2040_flash.o
LOAD .build/obj_lily58_rev1_shanec80/qmk_fnv_type_validation.o
LOAD .build/obj_lily58_rev1_shanec80/hash_32a.o
LOAD .build/obj_lily58_rev1_shanec80/hash_64a.o
LOAD .build/obj_lily58_rev1_shanec80/oled_driver.o
LOAD .build/obj_lily58_rev1_shanec80/quantum/process_keycode/process_caps_word.o
LOAD .build/obj_lily58_rev1_shanec80/quantum/caps_word.o
LOAD .build/obj_lily58_rev1_shanec80/quantum/process_keycode/process_combo.o
LOAD .build/obj_lily58_rev1_shanec80/quantum/crc.o
LOAD .build/obj_lily58_rev1_shanec80/quantum/process_keycode/process_grave_esc.o
LOAD .build/obj_lily58_rev1_shanec80/quantum/process_keycode/process_magic.o
LOAD .build/obj_lily58_rev1_shanec80/quantum/mousekey.o
LOAD .build/obj_lily58_rev1_shanec80/quantum/send_string/send_string.o
LOAD .build/obj_lily58_rev1_shanec80/quantum/process_keycode/process_space_cadet.o
LOAD .build/obj_lily58_rev1_shanec80/quantum/wpm.o
LOAD .build/obj_lily58_rev1_shanec80/protocol/host.o
LOAD .build/obj_lily58_rev1_shanec80/protocol/report.o
LOAD .build/obj_lily58_rev1_shanec80/protocol/usb_device_state.o
LOAD .build/obj_lily58_rev1_shanec80/protocol/usb_util.o
LOAD .build/obj_lily58_rev1_shanec80/platforms/suspend.o
LOAD .build/obj_lily58_rev1_shanec80/platforms/synchronization_util.o
LOAD .build/obj_lily58_rev1_shanec80/platforms/timer.o
LOAD .build/obj_lily58_rev1_shanec80/platforms/chibios/hardware_id.o
LOAD .build/obj_lily58_rev1_shanec80/platforms/chibios/platform.o
LOAD .build/obj_lily58_rev1_shanec80/platforms/chibios/suspend.o
LOAD .build/obj_lily58_rev1_shanec80/platforms/chibios/timer.o
LOAD .build/obj_lily58_rev1_shanec80/platforms/chibios/bootloaders/rp2040.o
LOAD .build/obj_lily58_rev1_shanec80/serial_protocol.a
LOAD .build/obj_lily58_rev1_shanec80/serial_vendor.a
LOAD .build/obj_lily58_rev1_shanec80/i2c_master.a
LOAD .build/obj_lily58_rev1_shanec80/./lib/chibios/os/common/startup/ARMCMx/compilers/GCC/crt0_v6m.o
LOAD .build/obj_lily58_rev1_shanec80/./lib/chibios/os/common/startup/ARMCMx/compilers/GCC/vectors.o
LOAD .build/obj_lily58_rev1_shanec80/./lib/chibios/os/common/ports/ARMv6-M-RP2/compilers/GCC/chcoreasm.o
LOAD .build/obj_lily58_rev1_shanec80/protocol/chibios/usb_main.o
LOAD .build/obj_lily58_rev1_shanec80/protocol/chibios/chibios.o
LOAD .build/obj_lily58_rev1_shanec80/usb_descriptor.o
LOAD .build/obj_lily58_rev1_shanec80/protocol/chibios/usb_driver.o
LOAD .build/obj_lily58_rev1_shanec80/protocol/chibios/usb_util.o
LOAD .build/obj_lily58_rev1_shanec80/./lib/chibios/os/oslib/src/chmboxes.o
LOAD .build/obj_lily58_rev1_shanec80/./lib/chibios/os/oslib/src/chmemcore.o
LOAD .build/obj_lily58_rev1_shanec80/./lib/chibios/os/oslib/src/chmemheaps.o
LOAD .build/obj_lily58_rev1_shanec80/./lib/chibios/os/oslib/src/chmempools.o
LOAD .build/obj_lily58_rev1_shanec80/./lib/chibios/os/oslib/src/chpipes.o
LOAD .build/obj_lily58_rev1_shanec80/./lib/chibios/os/oslib/src/chobjcaches.o
LOAD .build/obj_lily58_rev1_shanec80/./lib/chibios/os/oslib/src/chdelegates.o
LOAD .build/obj_lily58_rev1_shanec80/./lib/chibios/os/oslib/src/chfactory.o
LOAD .build/obj_lily58_rev1_shanec80/lib/chibios/os/common/startup/ARMCMx/compilers/GCC/crt1.o
LOAD .build/obj_lily58_rev1_shanec80/lib/chibios/os/rt/src/chsys.o
LOAD .build/obj_lily58_rev1_shanec80/lib/chibios/os/rt/src/chrfcu.o
LOAD .build/obj_lily58_rev1_shanec80/lib/chibios/os/rt/src/chdebug.o
LOAD .build/obj_lily58_rev1_shanec80/lib/chibios/os/rt/src/chtrace.o
LOAD .build/obj_lily58_rev1_shanec80/lib/chibios/os/rt/src/chvt.o
LOAD .build/obj_lily58_rev1_shanec80/lib/chibios/os/rt/src/chschd.o
LOAD .build/obj_lily58_rev1_shanec80/lib/chibios/os/rt/src/chinstances.o
LOAD .build/obj_lily58_rev1_shanec80/lib/chibios/os/rt/src/chthreads.o
LOAD .build/obj_lily58_rev1_shanec80/lib/chibios/os/rt/src/chtm.o
LOAD .build/obj_lily58_rev1_shanec80/lib/chibios/os/rt/src/chstats.o
LOAD .build/obj_lily58_rev1_shanec80/lib/chibios/os/rt/src/chregistry.o
LOAD .build/obj_lily58_rev1_shanec80/lib/chibios/os/rt/src/chsem.o
LOAD .build/obj_lily58_rev1_shanec80/lib/chibios/os/rt/src/chmtx.o
LOAD .build/obj_lily58_rev1_shanec80/lib/chibios/os/rt/src/chcond.o
LOAD .build/obj_lily58_rev1_shanec80/lib/chibios/os/rt/src/chevents.o
LOAD .build/obj_lily58_rev1_shanec80/lib/chibios/os/rt/src/chmsg.o
LOAD .build/obj_lily58_rev1_shanec80/lib/chibios/os/rt/src/chdynamic.o
LOAD .build/obj_lily58_rev1_shanec80/lib/chibios/os/common/ports/ARMv6-M-RP2/chcore.o
LOAD .build/obj_lily58_rev1_shanec80/lib/chibios/os/hal/osal/rt-nil/osal.o
LOAD .build/obj_lily58_rev1_shanec80/lib/chibios/os/hal/src/hal.o
LOAD .build/obj_lily58_rev1_shanec80/lib/chibios/os/hal/src/hal_st.o
LOAD .build/obj_lily58_rev1_shanec80/lib/chibios/os/hal/src/hal_buffers.o
LOAD .build/obj_lily58_rev1_shanec80/lib/chibios/os/hal/src/hal_queues.o
LOAD .build/obj_lily58_rev1_shanec80/lib/chibios/os/hal/src/hal_flash.o
LOAD .build/obj_lily58_rev1_shanec80/lib/chibios/os/hal/src/hal_mmcsd.o
LOAD .build/obj_lily58_rev1_shanec80/lib/chibios/os/hal/src/hal_adc.o
LOAD .build/obj_lily58_rev1_shanec80/lib/chibios/os/hal/src/hal_can.o
LOAD .build/obj_lily58_rev1_shanec80/lib/chibios/os/hal/src/hal_crypto.o
LOAD .build/obj_lily58_rev1_shanec80/lib/chibios/os/hal/src/hal_dac.o
LOAD .build/obj_lily58_rev1_shanec80/lib/chibios/os/hal/src/hal_efl.o
LOAD .build/obj_lily58_rev1_shanec80/lib/chibios/os/hal/src/hal_gpt.o
LOAD .build/obj_lily58_rev1_shanec80/lib/chibios/os/hal/src/hal_i2c.o
LOAD .build/obj_lily58_rev1_shanec80/lib/chibios/os/hal/src/hal_i2s.o
LOAD .build/obj_lily58_rev1_shanec80/lib/chibios/os/hal/src/hal_icu.o
LOAD .build/obj_lily58_rev1_shanec80/lib/chibios/os/hal/src/hal_mac.o
LOAD .build/obj_lily58_rev1_shanec80/lib/chibios/os/hal/src/hal_mmc_spi.o
LOAD .build/obj_lily58_rev1_shanec80/lib/chibios/os/hal/src/hal_pal.o
LOAD .build/obj_lily58_rev1_shanec80/lib/chibios/os/hal/src/hal_pwm.o
LOAD .build/obj_lily58_rev1_shanec80/lib/chibios/os/hal/src/hal_rtc.o
LOAD .build/obj_lily58_rev1_shanec80/lib/chibios/os/hal/src/hal_sdc.o
LOAD .build/obj_lily58_rev1_shanec80/lib/chibios/os/hal/src/hal_serial.o
LOAD .build/obj_lily58_rev1_shanec80/lib/chibios/os/hal/src/hal_serial_usb.o
LOAD .build/obj_lily58_rev1_shanec80/lib/chibios/os/hal/src/hal_sio.o
LOAD .build/obj_lily58_rev1_shanec80/lib/chibios/os/hal/src/hal_spi.o
LOAD .build/obj_lily58_rev1_shanec80/lib/chibios/os/hal/src/hal_trng.o
LOAD .build/obj_lily58_rev1_shanec80/lib/chibios/os/hal/src/hal_uart.o
LOAD .build/obj_lily58_rev1_shanec80/lib/chibios/os/hal/src/hal_usb.o
LOAD .build/obj_lily58_rev1_shanec80/lib/chibios/os/hal/src/hal_wdg.o
LOAD .build/obj_lily58_rev1_shanec80/lib/chibios/os/hal/src/hal_wspi.o
LOAD .build/obj_lily58_rev1_shanec80/lib/chibios/os/hal/ports/common/ARMCMx/nvic.o
LOAD .build/obj_lily58_rev1_shanec80/lib/chibios/os/hal/ports/RP/RP2040/rp_isr.o
LOAD .build/obj_lily58_rev1_shanec80/lib/chibios/os/hal/ports/RP/RP2040/hal_lld.o
LOAD .build/obj_lily58_rev1_shanec80/lib/chibios/os/hal/ports/RP/LLD/DMAv1/rp_dma.o
LOAD .build/obj_lily58_rev1_shanec80/lib/chibios/os/hal/ports/RP/LLD/GPIOv1/hal_pal_lld.o
LOAD .build/obj_lily58_rev1_shanec80/lib/chibios/os/hal/ports/RP/LLD/SPIv1/hal_spi_lld.o
LOAD .build/obj_lily58_rev1_shanec80/lib/chibios/os/hal/ports/RP/LLD/TIMERv1/hal_st_lld.o
LOAD .build/obj_lily58_rev1_shanec80/lib/chibios/os/hal/ports/RP/LLD/UARTv1/hal_sio_lld.o
LOAD .build/obj_lily58_rev1_shanec80/lib/chibios/os/hal/ports/RP/LLD/RTCv1/hal_rtc_lld.o
LOAD .build/obj_lily58_rev1_shanec80/lib/chibios/os/hal/ports/RP/LLD/WDGv1/hal_wdg_lld.o
LOAD .build/obj_lily58_rev1_shanec80/lib/chibios-contrib/os/hal/ports/RP/LLD/I2Cv1/hal_i2c_lld.o
LOAD .build/obj_lily58_rev1_shanec80/lib/chibios-contrib/os/hal/ports/RP/LLD/PWMv1/hal_pwm_lld.o
LOAD .build/obj_lily58_rev1_shanec80/lib/chibios-contrib/os/hal/ports/RP/LLD/ADCv1/hal_adc_lld.o
LOAD .build/obj_lily58_rev1_shanec80/lib/chibios-contrib/os/hal/ports/RP/LLD/USBDv1/hal_usb_lld.o
LOAD .build/obj_lily58_rev1_shanec80/lib/chibios/os/hal/boards/RP_PICO_RP2040/board.o
LOAD .build/obj_lily58_rev1_shanec80/lib/chibios/os/hal/lib/streams/chprintf.o
LOAD .build/obj_lily58_rev1_shanec80/lib/chibios/os/hal/lib/streams/chscanf.o
LOAD .build/obj_lily58_rev1_shanec80/lib/chibios/os/hal/lib/streams/memstreams.o
LOAD .build/obj_lily58_rev1_shanec80/lib/chibios/os/hal/lib/streams/nullstreams.o
LOAD .build/obj_lily58_rev1_shanec80/lib/chibios/os/hal/lib/streams/bufstreams.o
LOAD .build/obj_lily58_rev1_shanec80/lib/chibios/os/various/syscalls.o
LOAD .build/obj_lily58_rev1_shanec80/platforms/chibios/syscall-fallbacks.o
LOAD .build/obj_lily58_rev1_shanec80/platforms/chibios/wait.o
LOAD .build/obj_lily58_rev1_shanec80/platforms/chibios/synchronization_util.o
LOAD .build/obj_lily58_rev1_shanec80/platforms/chibios/interrupt_handlers.o
LOAD .build/obj_lily58_rev1_shanec80/./lib/pico-sdk/src/rp2_common/hardware_clocks/clocks.o
LOAD .build/obj_lily58_rev1_shanec80/./lib/pico-sdk/src/rp2_common/hardware_pll/pll.o
LOAD .build/obj_lily58_rev1_shanec80/./lib/pico-sdk/src/rp2_common/hardware_pio/pio.o
LOAD .build/obj_lily58_rev1_shanec80/./lib/pico-sdk/src/rp2_common/hardware_timer/timer.o
LOAD .build/obj_lily58_rev1_shanec80/./lib/pico-sdk/src/rp2_common/hardware_flash/flash.o
LOAD .build/obj_lily58_rev1_shanec80/./lib/pico-sdk/src/rp2_common/hardware_gpio/gpio.o
LOAD .build/obj_lily58_rev1_shanec80/./lib/pico-sdk/src/rp2_common/hardware_claim/claim.o
LOAD .build/obj_lily58_rev1_shanec80/./lib/pico-sdk/src/rp2_common/hardware_watchdog/watchdog.o
LOAD .build/obj_lily58_rev1_shanec80/./lib/pico-sdk/src/rp2_common/hardware_xosc/xosc.o
LOAD .build/obj_lily58_rev1_shanec80/./lib/pico-sdk/src/rp2_common/pico_bootrom/bootrom.o
LOAD .build/obj_lily58_rev1_shanec80/platforms/chibios/vendors/RP/stage2_bootloaders.o
LOAD .build/obj_lily58_rev1_shanec80/platforms/chibios/vendors/RP/pico_sdk_shims.o
LOAD .build/obj_lily58_rev1_shanec80/./lib/pico-sdk/src/rp2_common/pico_divider/divider.o
LOAD .build/obj_lily58_rev1_shanec80/./lib/pico-sdk/src/rp2_common/pico_int64_ops/pico_int64_ops_aeabi.o
                0x00000800                        __process_stack_size__ = 0x800
                0x00000400                        __main_stack_size__ = 0x400
LOAD /usr/lib/gcc/arm-none-eabi/13.2.0/../../../../arm-none-eabi/lib/thumb/v6-m/nofp/libm.a
START GROUP
LOAD /usr/lib/gcc/arm-none-eabi/13.2.0/thumb/v6-m/nofp/libgcc.a
LOAD /usr/lib/gcc/arm-none-eabi/13.2.0/../../../../arm-none-eabi/lib/thumb/v6-m/nofp/libg_nano.a
LOAD /usr/lib/gcc/arm-none-eabi/13.2.0/../../../../arm-none-eabi/lib/thumb/v6-m/nofp/libc_nano.a
END GROUP
START GROUP
LOAD /usr/lib/gcc/arm-none-eabi/13.2.0/thumb/v6-m/nofp/libgcc.a
LOAD /usr/lib/gcc/arm-none-eabi/13.2.0/../../../../arm-none-eabi/lib/thumb/v6-m/nofp/libc_nano.a
END GROUP

.flash_begin    0x10000000        0x0
                0x10000000                        __flash_binary_start = .

.boot2          0x10000000      0x100
                0x10000000                        __boot2_start__ = .
 *(.boot2)
 .boot2         0x10000000      0x100 .build/obj_lily58_rev1_shanec80/platforms/chibios/vendors/RP/stage2_bootloaders.o
                0x10000000                BOOT2_ROM
                0x10000100                        __boot2_end__ = .

.mstack         0x20040000      0x400
                0x20040000                        . = ALIGN (0x8)
                0x20040000                        __main_stack_base__ = .
                0x20040400                        . = (. + __main_stack_size__)
 *fill*         0x20040000      0x400 
                0x20040400                        . = ALIGN (0x8)
                0x20040400                        __main_stack_end__ = .

.pstack         0x20040400      0x800
                0x20040400                        . = ALIGN (0x8)
                0x20040400                        __process_stack_base__ = .
                0x20040400                        __main_thread_stack_base__ = .
                0x20040c00                        . = (. + __process_stack_size__)
 *fill*         0x20040400      0x800 
                0x20040c00                        . = ALIGN (0x8)
                0x20040c00                        __process_stack_end__ = .
                0x20040c00                        __main_thread_stack_end__ = .
                0x00000400                        __c1_main_stack_size__ = __main_stack_size__
                0x00000800                        __c1_process_stack_size__ = __process_stack_size__

.c1_mstack      0x20041000      0x400
                0x20041000                        . = ALIGN (0x8)
                0x20041000                        __c1_main_stack_base__ = .
                0x20041400                        . = (. + __c1_main_stack_size__)
 *fill*         0x20041000      0x400 
                0x20041400                        . = ALIGN (0x8)
                0x20041400                        __c1_main_stack_end__ = .

.c1_pstack      0x20041400      0x800
                0x20041400                        . = ALIGN (0x8)
                0x20041400                        __c1_process_stack_base__ = .
                0x20041400                        __c1_main_thread_stack_base__ = .
                0x20041c00                        . = (. + __c1_process_stack_size__)
 *fill*         0x20041400      0x800 
                0x20041c00                        . = ALIGN (0x8)
                0x20041c00                        __c1_process_stack_end__ = .
                0x20041c00                        __c1_main_thread_stack_end__ = .

.vectors        0x10000100       0xc0
                0x10000100                        __textvectors_base__ = LOADADDR (.vectors)
                0x10000100                        __vectors_base__ = .
 *(.vectors)
 .vectors       0x10000100       0xc0 .build/obj_lily58_rev1_shanec80/./lib/chibios/os/common/startup/ARMCMx/compilers/GCC/vectors.o
                0x10000100                _vectors
                0x100001c0                        __vectors_end__ = .

.xtors          0x100001c0        0x0
                0x100001c0                        __init_array_base__ = .
 *(SORT_BY_NAME(.init_array.*))
 *(.init_array)
                0x100001c0                        __init_array_end__ = .
                0x100001c0                        __fini_array_base__ = .
 *(.fini_array)
 *(SORT_BY_NAME(.fini_array.*))
                0x100001c0                        __fini_array_end__ = .

.text           0x100001c0     0xa358
                0x100001c0                        __text_base__ = .
 *(.text)
 .text          0x100001c0      0x104 .build/obj_lily58_rev1_shanec80/./lib/chibios/os/common/startup/ARMCMx/compilers/GCC/crt0_v6m.o
                0x100001c0                _crt0_entry
 .text          0x100002c4        0x8 .build/obj_lily58_rev1_shanec80/./lib/chibios/os/common/startup/ARMCMx/compilers/GCC/vectors.o
                0x100002c4                Reset_Handler
                0x100002c6                Vector58
                0x100002c6                Vector9C
                0x100002c6                VectorAC
                0x100002c6                DebugMon_Handler
                0x100002c6                HardFault_Handler
                0x100002c6                Vector8C
                0x100002c6                SysTick_Handler
                0x100002c6                PendSV_Handler
                0x100002c6                Vector94
                0x100002c6                VectorA8
                0x100002c6                VectorB4
                0x100002c6                Vector74
                0x100002c6                UsageFault_Handler
                0x100002c6                VectorBC
                0x100002c6                Vector64
                0x100002c6                Vector24
                0x100002c6                Vector84
                0x100002c6                SecureFault_Handler
                0x100002c6                MemManage_Handler
                0x100002c6                SVC_Handler
                0x100002c6                VectorB0
                0x100002c6                Vector90
                0x100002c6                Vector60
                0x100002c6                Vector68
                0x100002c6                Vector78
                0x100002c6                Vector88
                0x100002c6                BusFault_Handler
                0x100002c6                Vector50
                0x100002c6                Vector28
                0x100002c6                VectorB8
                0x100002c6                Vector34
                0x100002c6                VectorA4
                0x100002c6                Vector20
                0x100002ca                _unhandled_exception
 .text          0x100002cc       0x48 .build/obj_lily58_rev1_shanec80/./lib/chibios/os/common/ports/ARMv6-M-RP2/compilers/GCC/chcoreasm.o
                0x100002cc                __port_switch
                0x100002ec                __port_thread_start
                0x100002fe                __port_switch_from_isr
                0x10000302                __port_exit_from_isr
 .text          0x10000314       0x14 /usr/lib/gcc/arm-none-eabi/13.2.0/thumb/v6-m/nofp/libgcc.a(_thumb1_case_sqi.o)
                0x10000314                __gnu_thumb1_case_sqi
 .text          0x10000328       0x14 /usr/lib/gcc/arm-none-eabi/13.2.0/thumb/v6-m/nofp/libgcc.a(_thumb1_case_uqi.o)
                0x10000328                __gnu_thumb1_case_uqi
 .text          0x1000033c       0x14 /usr/lib/gcc/arm-none-eabi/13.2.0/thumb/v6-m/nofp/libgcc.a(_thumb1_case_uhi.o)
                0x1000033c                __gnu_thumb1_case_uhi
 .text          0x10000350        0x4 /usr/lib/gcc/arm-none-eabi/13.2.0/thumb/v6-m/nofp/libgcc.a(_dvmd_tls.o)
                0x10000350                __aeabi_ldiv0
                0x10000350                __aeabi_idiv0
 .text          0x10000354       0x40 /usr/lib/gcc/arm-none-eabi/13.2.0/thumb/v6-m/nofp/libgcc.a(_ctzsi2.o)
                0x10000354                __ctzsi2
 .text          0x10000394       0x74 /usr/lib/gcc/arm-none-eabi/13.2.0/thumb/v6-m/nofp/libgcc.a(_arm_cmpsf2.o)
                0x10000394                __aeabi_cfrcmple
                0x1000039c                __aeabi_cfcmple
                0x1000039c                __aeabi_cfcmpeq
                0x100003ac                __aeabi_fcmpeq
                0x100003b8                __aeabi_fcmplt
                0x100003cc                __aeabi_fcmple
                0x100003e0                __aeabi_fcmpgt
                0x100003f4                __aeabi_fcmpge
 .text          0x10000408       0x3c /usr/lib/gcc/arm-none-eabi/13.2.0/thumb/v6-m/nofp/libgcc.a(_clzsi2.o)
                0x10000408                __clzsi2
 .text          0x10000444        0xe /usr/lib/gcc/arm-none-eabi/13.2.0/../../../../arm-none-eabi/lib/thumb/v6-m/nofp/libg_nano.a(libc_a-strlen.o)
                0x10000444                strlen
 *(.text.*)
 *fill*         0x10000452        0x2 
 .text.caps_word_press_user
                0x10000454       0x44 .build/obj_lily58_rev1_shanec80/quantum/keymap_introspection.o
                0x10000454                caps_word_press_user
 .text.oled_init_user
                0x10000498        0x4 .build/obj_lily58_rev1_shanec80/quantum/keymap_introspection.o
                0x10000498                oled_init_user
 .text.oled_task_user
                0x1000049c      0x220 .build/obj_lily58_rev1_shanec80/quantum/keymap_introspection.o
                0x1000049c                oled_task_user
 .text.process_record_user
                0x100006bc      0x1ac .build/obj_lily58_rev1_shanec80/quantum/keymap_introspection.o
                0x100006bc                process_record_user
 .text.keycode_at_keymap_location_raw
                0x10000868       0x2c .build/obj_lily58_rev1_shanec80/quantum/keymap_introspection.o
                0x10000868                keycode_at_keymap_location_raw
 .text.keycode_at_keymap_location
                0x10000894        0x8 .build/obj_lily58_rev1_shanec80/quantum/keymap_introspection.o
                0x10000894                keycode_at_keymap_location
 .text.combo_count
                0x1000089c        0x4 .build/obj_lily58_rev1_shanec80/quantum/keymap_introspection.o
                0x1000089c                combo_count
 .text.combo_get
                0x100008a0       0x10 .build/obj_lily58_rev1_shanec80/quantum/keymap_introspection.o
                0x100008a0                combo_get
 .text.pre_process_record_user
                0x100008b0        0x4 .build/obj_lily58_rev1_shanec80/quantum/quantum.o
                0x100008b0                pre_process_record_user
 .text.pre_process_record_kb
                0x100008b4        0x8 .build/obj_lily58_rev1_shanec80/quantum/quantum.o
                0x100008b4                pre_process_record_kb
 .text.process_action_kb
                0x100008bc        0x4 .build/obj_lily58_rev1_shanec80/quantum/quantum.o
                0x100008bc                process_action_kb
 .text.process_record_kb
                0x100008c0        0x8 .build/obj_lily58_rev1_shanec80/quantum/quantum.o
                0x100008c0                process_record_kb
 .text.post_process_record_user
                0x100008c8        0x2 .build/obj_lily58_rev1_shanec80/quantum/quantum.o
                0x100008c8                post_process_record_user
 .text.post_process_record_kb
                0x100008ca        0x8 .build/obj_lily58_rev1_shanec80/quantum/quantum.o
                0x100008ca                post_process_record_kb
 *fill*         0x100008d2        0x2 
 .text.get_event_keycode
                0x100008d4       0x4c .build/obj_lily58_rev1_shanec80/quantum/quantum.o
                0x100008d4                get_event_keycode
 .text.get_record_keycode
                0x10000920       0x1c .build/obj_lily58_rev1_shanec80/quantum/quantum.o
                0x10000920                get_record_keycode
 .text.pre_process_record_quantum
                0x1000093c       0x28 .build/obj_lily58_rev1_shanec80/quantum/quantum.o
                0x1000093c                pre_process_record_quantum
 .text.post_process_record_quantum
                0x10000964       0x12 .build/obj_lily58_rev1_shanec80/quantum/quantum.o
                0x10000964                post_process_record_quantum
 .text.shutdown_user
                0x10000976        0x4 .build/obj_lily58_rev1_shanec80/quantum/quantum.o
                0x10000976                shutdown_user
 .text.shutdown_kb
                0x1000097a        0x8 .build/obj_lily58_rev1_shanec80/quantum/quantum.o
                0x1000097a                shutdown_kb
 *fill*         0x10000982        0x2 
 .text.shutdown_quantum
                0x10000984       0x1c .build/obj_lily58_rev1_shanec80/quantum/quantum.o
                0x10000984                shutdown_quantum
 .text.reset_keyboard
                0x100009a0        0xe .build/obj_lily58_rev1_shanec80/quantum/quantum.o
                0x100009a0                reset_keyboard
 .text.soft_reset_keyboard
                0x100009ae        0xe .build/obj_lily58_rev1_shanec80/quantum/quantum.o
                0x100009ae                soft_reset_keyboard
 .text.process_record_quantum
                0x100009bc       0xf4 .build/obj_lily58_rev1_shanec80/quantum/quantum.o
                0x100009bc                process_record_quantum
 .text.suspend_power_down_quantum
                0x10000ab0       0x10 .build/obj_lily58_rev1_shanec80/quantum/quantum.o
                0x10000ab0                suspend_power_down_quantum
 .text.suspend_wakeup_init_quantum
                0x10000ac0        0xc .build/obj_lily58_rev1_shanec80/quantum/quantum.o
                0x10000ac0                suspend_wakeup_init_quantum
 .text.biton16  0x10000acc       0x2c .build/obj_lily58_rev1_shanec80/quantum/bitwise.o
                0x10000acc                biton16
 .text.bitrev   0x10000af8       0x26 .build/obj_lily58_rev1_shanec80/quantum/bitwise.o
                0x10000af8                bitrev
 *fill*         0x10000b1e        0x2 
 .text.last_led_activity_elapsed
                0x10000b20       0x10 .build/obj_lily58_rev1_shanec80/quantum/led.o
                0x10000b20                last_led_activity_elapsed
 .text.led_set_user
                0x10000b30        0x2 .build/obj_lily58_rev1_shanec80/quantum/led.o
                0x10000b30                led_set_user
 .text.led_update_user
                0x10000b32        0x4 .build/obj_lily58_rev1_shanec80/quantum/led.o
                0x10000b32                led_update_user
 .text.led_update_ports
                0x10000b36        0x2 .build/obj_lily58_rev1_shanec80/quantum/led.o
                0x10000b36                led_update_ports
 .text.led_update_kb
                0x10000b38       0x16 .build/obj_lily58_rev1_shanec80/quantum/led.o
                0x10000b38                led_update_kb
 .text.led_init_ports
                0x10000b4e        0x2 .build/obj_lily58_rev1_shanec80/quantum/led.o
                0x10000b4e                led_init_ports
 .text.led_set  0x10000b50       0x10 .build/obj_lily58_rev1_shanec80/quantum/led.o
                0x10000b50                led_set
 .text.led_suspend
                0x10000b60        0xa .build/obj_lily58_rev1_shanec80/quantum/led.o
                0x10000b60                led_suspend
 .text.led_wakeup
                0x10000b6a        0xc .build/obj_lily58_rev1_shanec80/quantum/led.o
                0x10000b6a                led_wakeup
 *fill*         0x10000b76        0x2 
 .text.led_task
                0x10000b78       0x68 .build/obj_lily58_rev1_shanec80/quantum/led.o
                0x10000b78                led_task
 .text.action_exec
                0x10000be0       0x4c .build/obj_lily58_rev1_shanec80/quantum/action.o
                0x10000be0                action_exec
 .text.process_record_tap_hint
                0x10000c2c       0x10 .build/obj_lily58_rev1_shanec80/quantum/action.o
                0x10000c2c                process_record_tap_hint
 .text.register_mouse
                0x10000c3c       0x16 .build/obj_lily58_rev1_shanec80/quantum/action.o
                0x10000c3c                register_mouse
 *fill*         0x10000c52        0x2 
 .text.register_code
                0x10000c54       0x88 .build/obj_lily58_rev1_shanec80/quantum/action.o
                0x10000c54                register_code
 .text.unregister_code
                0x10000cdc       0x6a .build/obj_lily58_rev1_shanec80/quantum/action.o
                0x10000cdc                unregister_code
 .text.tap_code_delay
                0x10000d46       0x26 .build/obj_lily58_rev1_shanec80/quantum/action.o
                0x10000d46                tap_code_delay
 .text.tap_code
                0x10000d6c       0x10 .build/obj_lily58_rev1_shanec80/quantum/action.o
                0x10000d6c                tap_code
 .text.register_mods
                0x10000d7c       0x10 .build/obj_lily58_rev1_shanec80/quantum/action.o
                0x10000d7c                register_mods
 .text.unregister_mods
                0x10000d8c       0x10 .build/obj_lily58_rev1_shanec80/quantum/action.o
                0x10000d8c                unregister_mods
 .text.process_action
                0x10000d9c      0x3c0 .build/obj_lily58_rev1_shanec80/quantum/action.o
                0x10000d9c                process_action
 .text.process_record_handler
                0x1000115c       0x2c .build/obj_lily58_rev1_shanec80/quantum/action.o
                0x1000115c                process_record_handler
 .text.process_record
                0x10001188       0x44 .build/obj_lily58_rev1_shanec80/quantum/action.o
                0x10001188                process_record
 .text.unregister_weak_mods
                0x100011cc       0x10 .build/obj_lily58_rev1_shanec80/quantum/action.o
                0x100011cc                unregister_weak_mods
 .text.clear_keyboard_but_mods_and_keys
                0x100011dc       0x20 .build/obj_lily58_rev1_shanec80/quantum/action.o
                0x100011dc                clear_keyboard_but_mods_and_keys
 .text.clear_keyboard_but_mods
                0x100011fc        0xc .build/obj_lily58_rev1_shanec80/quantum/action.o
                0x100011fc                clear_keyboard_but_mods
 .text.clear_keyboard
                0x10001208        0xc .build/obj_lily58_rev1_shanec80/quantum/action.o
                0x10001208                clear_keyboard
 .text.is_tap_action
                0x10001214       0x4c .build/obj_lily58_rev1_shanec80/quantum/action.o
                0x10001214                is_tap_action
 .text.is_tap_record
                0x10001260       0x22 .build/obj_lily58_rev1_shanec80/quantum/action.o
                0x10001260                is_tap_record
 .text.debug_event
                0x10001282        0x6 .build/obj_lily58_rev1_shanec80/quantum/action.o
                0x10001282                debug_event
 .text.debug_record
                0x10001288        0x6 .build/obj_lily58_rev1_shanec80/quantum/action.o
                0x10001288                debug_record
 .text.default_layer_state_set_user
                0x1000128e        0x2 .build/obj_lily58_rev1_shanec80/quantum/action_layer.o
                0x1000128e                default_layer_state_set_user
 .text.default_layer_state_set_kb
                0x10001290        0x8 .build/obj_lily58_rev1_shanec80/quantum/action_layer.o
                0x10001290                default_layer_state_set_kb
 .text.default_layer_state_set
                0x10001298       0x10 .build/obj_lily58_rev1_shanec80/quantum/action_layer.o
 .text.default_layer_debug
                0x100012a8        0x2 .build/obj_lily58_rev1_shanec80/quantum/action_layer.o
                0x100012a8                default_layer_debug
 .text.default_layer_set
                0x100012aa        0x8 .build/obj_lily58_rev1_shanec80/quantum/action_layer.o
                0x100012aa                default_layer_set
 *fill*         0x100012b2        0x2 
 .text.default_layer_or
                0x100012b4       0x14 .build/obj_lily58_rev1_shanec80/quantum/action_layer.o
                0x100012b4                default_layer_or
 .text.default_layer_and
                0x100012c8       0x14 .build/obj_lily58_rev1_shanec80/quantum/action_layer.o
                0x100012c8                default_layer_and
 .text.default_layer_xor
                0x100012dc       0x14 .build/obj_lily58_rev1_shanec80/quantum/action_layer.o
                0x100012dc                default_layer_xor
 .text.layer_state_set_user
                0x100012f0        0x2 .build/obj_lily58_rev1_shanec80/quantum/action_layer.o
                0x100012f0                layer_state_set_user
 .text.layer_state_set_kb
                0x100012f2        0x8 .build/obj_lily58_rev1_shanec80/quantum/action_layer.o
                0x100012f2                layer_state_set_kb
 *fill*         0x100012fa        0x2 
 .text.layer_state_set
                0x100012fc       0x10 .build/obj_lily58_rev1_shanec80/quantum/action_layer.o
                0x100012fc                layer_state_set
 .text.layer_clear
                0x1000130c        0xa .build/obj_lily58_rev1_shanec80/quantum/action_layer.o
                0x1000130c                layer_clear
 .text.layer_move
                0x10001316        0xe .build/obj_lily58_rev1_shanec80/quantum/action_layer.o
                0x10001316                layer_move
 .text.layer_on
                0x10001324       0x18 .build/obj_lily58_rev1_shanec80/quantum/action_layer.o
                0x10001324                layer_on
 .text.layer_off
                0x1000133c       0x18 .build/obj_lily58_rev1_shanec80/quantum/action_layer.o
                0x1000133c                layer_off
 .text.layer_invert
                0x10001354       0x18 .build/obj_lily58_rev1_shanec80/quantum/action_layer.o
                0x10001354                layer_invert
 .text.layer_or
                0x1000136c       0x14 .build/obj_lily58_rev1_shanec80/quantum/action_layer.o
                0x1000136c                layer_or
 .text.layer_and
                0x10001380       0x14 .build/obj_lily58_rev1_shanec80/quantum/action_layer.o
                0x10001380                layer_and
 .text.layer_xor
                0x10001394       0x14 .build/obj_lily58_rev1_shanec80/quantum/action_layer.o
                0x10001394                layer_xor
 .text.layer_debug
                0x100013a8        0x2 .build/obj_lily58_rev1_shanec80/quantum/action_layer.o
                0x100013a8                layer_debug
 .text.update_source_layers_cache_impl
                0x100013aa       0x30 .build/obj_lily58_rev1_shanec80/quantum/action_layer.o
                0x100013aa                update_source_layers_cache_impl
 .text.read_source_layers_cache_impl
                0x100013da       0x26 .build/obj_lily58_rev1_shanec80/quantum/action_layer.o
                0x100013da                read_source_layers_cache_impl
 .text.update_source_layers_cache
                0x10001400       0x28 .build/obj_lily58_rev1_shanec80/quantum/action_layer.o
                0x10001400                update_source_layers_cache
 .text.read_source_layers_cache
                0x10001428       0x28 .build/obj_lily58_rev1_shanec80/quantum/action_layer.o
                0x10001428                read_source_layers_cache
 .text.layer_switch_get_layer
                0x10001450       0x44 .build/obj_lily58_rev1_shanec80/quantum/action_layer.o
                0x10001450                layer_switch_get_layer
 .text.layer_switch_get_action
                0x10001494       0x14 .build/obj_lily58_rev1_shanec80/quantum/action_layer.o
                0x10001494                layer_switch_get_action
 .text.store_or_get_action
                0x100014a8       0x44 .build/obj_lily58_rev1_shanec80/quantum/action_layer.o
                0x100014a8                store_or_get_action
 .text.debug_waiting_buffer
                0x100014ec       0x44 .build/obj_lily58_rev1_shanec80/quantum/action_tapping.o
 .text.debug_tapping_key
                0x10001530       0x20 .build/obj_lily58_rev1_shanec80/quantum/action_tapping.o
 .text.waiting_buffer_scan_tap
                0x10001550       0x84 .build/obj_lily58_rev1_shanec80/quantum/action_tapping.o
 .text.waiting_buffer_typed.isra.0
                0x100015d4       0x4c .build/obj_lily58_rev1_shanec80/quantum/action_tapping.o
 .text.process_tapping
                0x10001620      0x290 .build/obj_lily58_rev1_shanec80/quantum/action_tapping.o
 .text.action_tapping_process
                0x100018b0       0xcc .build/obj_lily58_rev1_shanec80/quantum/action_tapping.o
                0x100018b0                action_tapping_process
 .text.get_oneshot_layer
                0x1000197c        0xc .build/obj_lily58_rev1_shanec80/quantum/action_util.o
                0x1000197c                get_oneshot_layer
 .text.get_oneshot_layer_state
                0x10001988       0x10 .build/obj_lily58_rev1_shanec80/quantum/action_util.o
                0x10001988                get_oneshot_layer_state
 .text.is_oneshot_layer_active
                0x10001998       0x14 .build/obj_lily58_rev1_shanec80/quantum/action_util.o
                0x10001998                is_oneshot_layer_active
 .text.get_mods
                0x100019ac        0xc .build/obj_lily58_rev1_shanec80/quantum/action_util.o
                0x100019ac                get_mods
 .text.add_mods
                0x100019b8       0x10 .build/obj_lily58_rev1_shanec80/quantum/action_util.o
                0x100019b8                add_mods
 .text.del_mods
                0x100019c8       0x10 .build/obj_lily58_rev1_shanec80/quantum/action_util.o
                0x100019c8                del_mods
 .text.clear_mods
                0x100019d8        0xc .build/obj_lily58_rev1_shanec80/quantum/action_util.o
                0x100019d8                clear_mods
 .text.get_weak_mods
                0x100019e4        0xc .build/obj_lily58_rev1_shanec80/quantum/action_util.o
                0x100019e4                get_weak_mods
 .text.add_weak_mods
                0x100019f0       0x10 .build/obj_lily58_rev1_shanec80/quantum/action_util.o
                0x100019f0                add_weak_mods
 .text.del_weak_mods
                0x10001a00       0x10 .build/obj_lily58_rev1_shanec80/quantum/action_util.o
                0x10001a00                del_weak_mods
 .text.set_weak_mods
                0x10001a10        0xc .build/obj_lily58_rev1_shanec80/quantum/action_util.o
                0x10001a10                set_weak_mods
 .text.clear_weak_mods
                0x10001a1c        0xc .build/obj_lily58_rev1_shanec80/quantum/action_util.o
                0x10001a1c                clear_weak_mods
 .text.get_oneshot_mods
                0x10001a28        0xc .build/obj_lily58_rev1_shanec80/quantum/action_util.o
                0x10001a28                get_oneshot_mods
 .text.oneshot_locked_mods_changed_user
                0x10001a34        0x2 .build/obj_lily58_rev1_shanec80/quantum/action_util.o
                0x10001a34                oneshot_locked_mods_changed_user
 .text.oneshot_locked_mods_changed_kb
                0x10001a36        0x8 .build/obj_lily58_rev1_shanec80/quantum/action_util.o
                0x10001a36                oneshot_locked_mods_changed_kb
 *fill*         0x10001a3e        0x2 
 .text.del_oneshot_locked_mods
                0x10001a40       0x1c .build/obj_lily58_rev1_shanec80/quantum/action_util.o
                0x10001a40                del_oneshot_locked_mods
 .text.oneshot_mods_changed_user
                0x10001a5c        0x2 .build/obj_lily58_rev1_shanec80/quantum/action_util.o
                0x10001a5c                oneshot_mods_changed_user
 .text.oneshot_mods_changed_kb
                0x10001a5e        0x8 .build/obj_lily58_rev1_shanec80/quantum/action_util.o
                0x10001a5e                oneshot_mods_changed_kb
 *fill*         0x10001a66        0x2 
 .text.add_oneshot_mods
                0x10001a68       0x1c .build/obj_lily58_rev1_shanec80/quantum/action_util.o
                0x10001a68                add_oneshot_mods
 .text.del_oneshot_mods
                0x10001a84       0x1c .build/obj_lily58_rev1_shanec80/quantum/action_util.o
                0x10001a84                del_oneshot_mods
 .text.clear_oneshot_mods
                0x10001aa0       0x18 .build/obj_lily58_rev1_shanec80/quantum/action_util.o
                0x10001aa0                clear_oneshot_mods
 .text.get_mods_for_report
                0x10001ab8       0x34 .build/obj_lily58_rev1_shanec80/quantum/action_util.o
 .text.send_6kro_report
                0x10001aec       0x38 .build/obj_lily58_rev1_shanec80/quantum/action_util.o
                0x10001aec                send_6kro_report
 .text.send_nkro_report
                0x10001b24       0x38 .build/obj_lily58_rev1_shanec80/quantum/action_util.o
                0x10001b24                send_nkro_report
 .text.send_keyboard_report
                0x10001b5c       0x28 .build/obj_lily58_rev1_shanec80/quantum/action_util.o
                0x10001b5c                send_keyboard_report
 .text.oneshot_layer_changed_user
                0x10001b84        0x2 .build/obj_lily58_rev1_shanec80/quantum/action_util.o
                0x10001b84                oneshot_layer_changed_user
 .text.oneshot_layer_changed_kb
                0x10001b86        0x8 .build/obj_lily58_rev1_shanec80/quantum/action_util.o
                0x10001b86                oneshot_layer_changed_kb
 *fill*         0x10001b8e        0x2 
 .text.set_oneshot_layer
                0x10001b90       0x30 .build/obj_lily58_rev1_shanec80/quantum/action_util.o
                0x10001b90                set_oneshot_layer
 .text.reset_oneshot_layer
                0x10001bc0       0x14 .build/obj_lily58_rev1_shanec80/quantum/action_util.o
                0x10001bc0                reset_oneshot_layer
 .text.clear_oneshot_layer_state
                0x10001bd4       0x30 .build/obj_lily58_rev1_shanec80/quantum/action_util.o
                0x10001bd4                clear_oneshot_layer_state
 .text.oneshot_set
                0x10001c04       0x4c .build/obj_lily58_rev1_shanec80/quantum/action_util.o
                0x10001c04                oneshot_set
 .text.oneshot_toggle
                0x10001c50       0x18 .build/obj_lily58_rev1_shanec80/quantum/action_util.o
                0x10001c50                oneshot_toggle
 .text.oneshot_enable
                0x10001c68        0xa .build/obj_lily58_rev1_shanec80/quantum/action_util.o
                0x10001c68                oneshot_enable
 .text.oneshot_disable
                0x10001c72        0xa .build/obj_lily58_rev1_shanec80/quantum/action_util.o
                0x10001c72                oneshot_disable
 .text.eeconfig_disable
                0x10001c7c       0x14 .build/obj_lily58_rev1_shanec80/quantum/eeconfig.o
                0x10001c7c                eeconfig_disable
 .text.eeconfig_is_enabled
                0x10001c90       0x18 .build/obj_lily58_rev1_shanec80/quantum/eeconfig.o
                0x10001c90                eeconfig_is_enabled
 .text.eeconfig_read_debug
                0x10001ca8        0xa .build/obj_lily58_rev1_shanec80/quantum/eeconfig.o
                0x10001ca8                eeconfig_read_debug
 .text.eeconfig_read_default_layer
                0x10001cb2        0xa .build/obj_lily58_rev1_shanec80/quantum/eeconfig.o
                0x10001cb2                eeconfig_read_default_layer
 .text.eeconfig_read_keymap
                0x10001cbc        0xa .build/obj_lily58_rev1_shanec80/quantum/eeconfig.o
                0x10001cbc                eeconfig_read_keymap
 .text.eeconfig_update_keymap
                0x10001cc6        0xc .build/obj_lily58_rev1_shanec80/quantum/eeconfig.o
                0x10001cc6                eeconfig_update_keymap
 .text.eeconfig_update_kb
                0x10001cd2        0xc .build/obj_lily58_rev1_shanec80/quantum/eeconfig.o
                0x10001cd2                eeconfig_update_kb
 .text.eeconfig_update_user
                0x10001cde        0xc .build/obj_lily58_rev1_shanec80/quantum/eeconfig.o
                0x10001cde                eeconfig_update_user
 .text.eeconfig_init_user
                0x10001cea        0xa .build/obj_lily58_rev1_shanec80/quantum/eeconfig.o
                0x10001cea                eeconfig_init_user
 .text.eeconfig_init_kb
                0x10001cf4        0xe .build/obj_lily58_rev1_shanec80/quantum/eeconfig.o
                0x10001cf4                eeconfig_init_kb
 *fill*         0x10001d02        0x2 
 .text.eeconfig_init_quantum
                0x10001d04       0x8c .build/obj_lily58_rev1_shanec80/quantum/eeconfig.o
                0x10001d04                eeconfig_init_quantum
 .text.eeconfig_init
                0x10001d90        0x8 .build/obj_lily58_rev1_shanec80/quantum/eeconfig.o
                0x10001d90                eeconfig_init
 .text.eeconfig_update_handedness
                0x10001d98        0xc .build/obj_lily58_rev1_shanec80/quantum/eeconfig.o
                0x10001d98                eeconfig_update_handedness
 .text.generate_tick_event
                0x10001da4       0x30 .build/obj_lily58_rev1_shanec80/quantum/keyboard.o
 .text.last_input_activity_elapsed
                0x10001dd4       0x10 .build/obj_lily58_rev1_shanec80/quantum/keyboard.o
                0x10001dd4                last_input_activity_elapsed
 .text.last_matrix_activity_trigger
                0x10001de4       0x18 .build/obj_lily58_rev1_shanec80/quantum/keyboard.o
                0x10001de4                last_matrix_activity_trigger
 .text.matrix_setup
                0x10001dfc        0x2 .build/obj_lily58_rev1_shanec80/quantum/keyboard.o
                0x10001dfc                matrix_setup
 .text.keyboard_pre_init_user
                0x10001dfe        0x2 .build/obj_lily58_rev1_shanec80/quantum/keyboard.o
                0x10001dfe                keyboard_pre_init_user
 .text.keyboard_pre_init_kb
                0x10001e00        0x8 .build/obj_lily58_rev1_shanec80/quantum/keyboard.o
                0x10001e00                keyboard_pre_init_kb
 .text.keyboard_post_init_user
                0x10001e08        0x2 .build/obj_lily58_rev1_shanec80/quantum/keyboard.o
                0x10001e08                keyboard_post_init_user
 .text.keyboard_post_init_kb
                0x10001e0a        0x8 .build/obj_lily58_rev1_shanec80/quantum/keyboard.o
                0x10001e0a                keyboard_post_init_kb
 .text.matrix_can_read
                0x10001e12        0x4 .build/obj_lily58_rev1_shanec80/quantum/keyboard.o
                0x10001e12                matrix_can_read
 *fill*         0x10001e16        0x2 
 .text.keyboard_setup
                0x10001e18       0x1c .build/obj_lily58_rev1_shanec80/quantum/keyboard.o
                0x10001e18                keyboard_setup
 .text.should_process_keypress
                0x10001e34        0x8 .build/obj_lily58_rev1_shanec80/quantum/keyboard.o
                0x10001e34                should_process_keypress
 .text.housekeeping_task_kb
                0x10001e3c        0x2 .build/obj_lily58_rev1_shanec80/quantum/keyboard.o
                0x10001e3c                housekeeping_task_kb
 .text.housekeeping_task_user
                0x10001e3e        0x2 .build/obj_lily58_rev1_shanec80/quantum/keyboard.o
                0x10001e3e                housekeeping_task_user
 .text.housekeeping_task
                0x10001e40        0xc .build/obj_lily58_rev1_shanec80/quantum/keyboard.o
                0x10001e40                housekeeping_task
 .text.quantum_init
                0x10001e4c        0xc .build/obj_lily58_rev1_shanec80/quantum/keyboard.o
                0x10001e4c                quantum_init
 .text.keyboard_init
                0x10001e58       0x2a .build/obj_lily58_rev1_shanec80/quantum/keyboard.o
                0x10001e58                keyboard_init
 .text.quantum_task
                0x10001e82       0x18 .build/obj_lily58_rev1_shanec80/quantum/keyboard.o
                0x10001e82                quantum_task
 *fill*         0x10001e9a        0x2 
 .text.keyboard_task
                0x10001e9c       0xdc .build/obj_lily58_rev1_shanec80/quantum/keyboard.o
                0x10001e9c                keyboard_task
 .text.action_for_keycode
                0x10001f78      0x1d4 .build/obj_lily58_rev1_shanec80/quantum/keymap_common.o
                0x10001f78                action_for_keycode
 .text.keymap_key_to_keycode
                0x1000214c       0x20 .build/obj_lily58_rev1_shanec80/quantum/keymap_common.o
                0x1000214c                keymap_key_to_keycode
 .text.action_for_key
                0x1000216c       0x12 .build/obj_lily58_rev1_shanec80/quantum/keymap_common.o
                0x1000216c                action_for_key
 *fill*         0x1000217e        0x2 
 .text.keycode_config
                0x10002180      0x124 .build/obj_lily58_rev1_shanec80/quantum/keycode_config.o
                0x10002180                keycode_config
 .text.mod_config
                0x100022a4       0x98 .build/obj_lily58_rev1_shanec80/quantum/keycode_config.o
                0x100022a4                mod_config
 .text.sync_timer_init
                0x1000233c        0xc .build/obj_lily58_rev1_shanec80/quantum/sync_timer.o
                0x1000233c                sync_timer_init
 .text.sync_timer_update
                0x10002348       0x1c .build/obj_lily58_rev1_shanec80/quantum/sync_timer.o
                0x10002348                sync_timer_update
 .text.sync_timer_read32
                0x10002364       0x20 .build/obj_lily58_rev1_shanec80/quantum/sync_timer.o
                0x10002364                sync_timer_read32
 .text.sync_timer_elapsed32
                0x10002384       0x1c .build/obj_lily58_rev1_shanec80/quantum/sync_timer.o
                0x10002384                sync_timer_elapsed32
 .text.null_sendchar_func
                0x100023a0        0x4 .build/obj_lily58_rev1_shanec80/quantum/logging/print.o
 .text.print_set_sendchar
                0x100023a4        0xc .build/obj_lily58_rev1_shanec80/quantum/logging/print.o
                0x100023a4                print_set_sendchar
 .text.putchar_
                0x100023b0       0x10 .build/obj_lily58_rev1_shanec80/quantum/logging/print.o
                0x100023b0                putchar_
 .text.bootmagic_lite_reset_eeprom
                0x100023c0        0x8 .build/obj_lily58_rev1_shanec80/quantum/bootmagic/bootmagic_lite.o
                0x100023c0                bootmagic_lite_reset_eeprom
 .text.bootmagic_lite
                0x100023c8       0x28 .build/obj_lily58_rev1_shanec80/quantum/bootmagic/bootmagic_lite.o
                0x100023c8                bootmagic_lite
 .text.bootmagic
                0x100023f0        0x8 .build/obj_lily58_rev1_shanec80/quantum/bootmagic/bootmagic_lite.o
                0x100023f0                bootmagic
 .text.magic    0x100023f8       0x40 .build/obj_lily58_rev1_shanec80/quantum/bootmagic/magic.o
                0x100023f8                magic
 .text.matrix_init_user
                0x10002438        0x2 .build/obj_lily58_rev1_shanec80/quantum/matrix_common.o
                0x10002438                matrix_init_user
 .text.matrix_init_kb
                0x1000243a        0x8 .build/obj_lily58_rev1_shanec80/quantum/matrix_common.o
                0x1000243a                matrix_init_kb
 .text.matrix_scan_user
                0x10002442        0x2 .build/obj_lily58_rev1_shanec80/quantum/matrix_common.o
                0x10002442                matrix_scan_user
 .text.matrix_scan_kb
                0x10002444        0x8 .build/obj_lily58_rev1_shanec80/quantum/matrix_common.o
                0x10002444                matrix_scan_kb
 .text.matrix_get_row
                0x1000244c        0xc .build/obj_lily58_rev1_shanec80/quantum/matrix_common.o
                0x1000244c                matrix_get_row
 .text.matrix_print
                0x10002458       0x50 .build/obj_lily58_rev1_shanec80/quantum/matrix_common.o
                0x10002458                matrix_print
 .text.matrix_io_delay
                0x100024a8        0xa .build/obj_lily58_rev1_shanec80/quantum/matrix_common.o
                0x100024a8                matrix_io_delay
 *fill*         0x100024b2        0x2 
 .text.matrix_output_select_delay
                0x100024b4      0x184 .build/obj_lily58_rev1_shanec80/quantum/matrix_common.o
                0x100024b4                matrix_output_select_delay
 .text.matrix_output_unselect_delay
                0x10002638        0x8 .build/obj_lily58_rev1_shanec80/quantum/matrix_common.o
                0x10002638                matrix_output_unselect_delay
 .text.matrix_slave_scan_user
                0x10002640        0x2 .build/obj_lily58_rev1_shanec80/quantum/matrix_common.o
                0x10002640                matrix_slave_scan_user
 .text.matrix_slave_scan_kb
                0x10002642        0x8 .build/obj_lily58_rev1_shanec80/quantum/matrix_common.o
                0x10002642                matrix_slave_scan_kb
 *fill*         0x1000264a        0x2 
 .text.matrix_post_scan
                0x1000264c       0x90 .build/obj_lily58_rev1_shanec80/quantum/matrix_common.o
                0x1000264c                matrix_post_scan
 .text.setPinInputHigh_atomic
                0x100026dc       0x44 .build/obj_lily58_rev1_shanec80/quantum/matrix.o
 .text.matrix_init_pins
                0x10002720       0x3c .build/obj_lily58_rev1_shanec80/quantum/matrix.o
                0x10002720                matrix_init_pins
 .text.matrix_read_cols_on_row
                0x1000275c       0xb8 .build/obj_lily58_rev1_shanec80/quantum/matrix.o
                0x1000275c                matrix_read_cols_on_row
 .text.matrix_init
                0x10002814       0x58 .build/obj_lily58_rev1_shanec80/quantum/matrix.o
                0x10002814                matrix_init
 .text.matrix_scan
                0x1000286c       0x70 .build/obj_lily58_rev1_shanec80/quantum/matrix.o
                0x1000286c                matrix_scan
 .text.debounce_init
                0x100028dc        0x2 .build/obj_lily58_rev1_shanec80/quantum/debounce/sym_defer_g.o
                0x100028dc                debounce_init
 *fill*         0x100028de        0x2 
 .text.debounce
                0x100028e0       0x5c .build/obj_lily58_rev1_shanec80/quantum/debounce/sym_defer_g.o
                0x100028e0                debounce
 .text.is_keyboard_master_impl
                0x1000293c       0x28 .build/obj_lily58_rev1_shanec80/quantum/split_common/split_util.o
                0x1000293c                is_keyboard_master_impl
 .text.is_keyboard_left
                0x10002964        0xc .build/obj_lily58_rev1_shanec80/quantum/split_common/split_util.o
                0x10002964                is_keyboard_left
 .text.is_keyboard_master
                0x10002970        0xc .build/obj_lily58_rev1_shanec80/quantum/split_common/split_util.o
                0x10002970                is_keyboard_master
 .text.is_keyboard_left_impl
                0x1000297c        0x8 .build/obj_lily58_rev1_shanec80/quantum/split_common/split_util.o
                0x1000297c                is_keyboard_left_impl
 .text.split_pre_init
                0x10002984       0x30 .build/obj_lily58_rev1_shanec80/quantum/split_common/split_util.o
                0x10002984                split_pre_init
 .text.split_post_init
                0x100029b4       0x10 .build/obj_lily58_rev1_shanec80/quantum/split_common/split_util.o
                0x100029b4                split_post_init
 .text.is_transport_connected
                0x100029c4       0x14 .build/obj_lily58_rev1_shanec80/quantum/split_common/split_util.o
                0x100029c4                is_transport_connected
 .text.transport_master_if_connected
                0x100029d8       0x88 .build/obj_lily58_rev1_shanec80/quantum/split_common/split_util.o
                0x100029d8                transport_master_if_connected
 .text.transport_master_init
                0x10002a60        0x8 .build/obj_lily58_rev1_shanec80/quantum/split_common/transport.o
                0x10002a60                transport_master_init
 .text.transport_slave_init
                0x10002a68        0x8 .build/obj_lily58_rev1_shanec80/quantum/split_common/transport.o
                0x10002a68                transport_slave_init
 .text.transport_execute_transaction
                0x10002a70       0x6c .build/obj_lily58_rev1_shanec80/quantum/split_common/transport.o
                0x10002a70                transport_execute_transaction
 .text.transport_master
                0x10002adc        0x8 .build/obj_lily58_rev1_shanec80/quantum/split_common/transport.o
                0x10002adc                transport_master
 .text.transport_slave
                0x10002ae4        0x8 .build/obj_lily58_rev1_shanec80/quantum/split_common/transport.o
                0x10002ae4                transport_slave
 .text.transaction_handler_master
                0x10002aec       0x5c .build/obj_lily58_rev1_shanec80/quantum/split_common/transactions.o
 .text.sync_timer_handlers_master
                0x10002b48       0x3c .build/obj_lily58_rev1_shanec80/quantum/split_common/transactions.o
 .text.send_if_condition.constprop.0
                0x10002b84       0x34 .build/obj_lily58_rev1_shanec80/quantum/split_common/transactions.o
 .text.led_state_handlers_master
                0x10002bb8       0x2c .build/obj_lily58_rev1_shanec80/quantum/split_common/transactions.o
 .text.wpm_handlers_master
                0x10002be4       0x2c .build/obj_lily58_rev1_shanec80/quantum/split_common/transactions.o
 .text.slave_matrix_handlers_master
                0x10002c10       0xac .build/obj_lily58_rev1_shanec80/quantum/split_common/transactions.o
 .text.transactions_master
                0x10002cbc       0x64 .build/obj_lily58_rev1_shanec80/quantum/split_common/transactions.o
                0x10002cbc                transactions_master
 .text.transactions_slave
                0x10002d20       0x64 .build/obj_lily58_rev1_shanec80/quantum/split_common/transactions.o
                0x10002d20                transactions_slave
 .text.protocol_init
                0x10002d84       0x10 .build/obj_lily58_rev1_shanec80/quantum/main.o
                0x10002d84                protocol_init
 .text.protocol_task
                0x10002d94       0x10 .build/obj_lily58_rev1_shanec80/quantum/main.o
                0x10002d94                protocol_task
 .text.startup.main
                0x10002da4       0x1c .build/obj_lily58_rev1_shanec80/quantum/main.o
                0x10002da4                main
 .text.putchar_via_gadget
                0x10002dc0       0x24 .build/obj_lily58_rev1_shanec80/printf.o
 .text.out_rev_
                0x10002de4       0x56 .build/obj_lily58_rev1_shanec80/printf.o
 *fill*         0x10002e3a        0x2 
 .text.print_integer
                0x10002e3c      0x174 .build/obj_lily58_rev1_shanec80/printf.o
 .text.putchar_wrapper
                0x10002fb0        0x8 .build/obj_lily58_rev1_shanec80/printf.o
 .text.vsnprintf_impl.constprop.0
                0x10002fb8      0x39c .build/obj_lily58_rev1_shanec80/printf.o
 .text.vprintf  0x10003354       0x28 .build/obj_lily58_rev1_shanec80/printf.o
                0x10003354                vprintf
 .text.printf   0x1000337c       0x16 .build/obj_lily58_rev1_shanec80/printf.o
                0x1000337c                printf
 .text.eeprom_read_byte
                0x10003392       0x1a .build/obj_lily58_rev1_shanec80/eeprom_driver.o
                0x10003392                eeprom_read_byte
 .text.eeprom_read_word
                0x100033ac       0x1a .build/obj_lily58_rev1_shanec80/eeprom_driver.o
                0x100033ac                eeprom_read_word
 .text.eeprom_read_dword
                0x100033c6       0x14 .build/obj_lily58_rev1_shanec80/eeprom_driver.o
                0x100033c6                eeprom_read_dword
 .text.eeprom_write_byte
                0x100033da       0x14 .build/obj_lily58_rev1_shanec80/eeprom_driver.o
                0x100033da                eeprom_write_byte
 .text.eeprom_write_word
                0x100033ee       0x14 .build/obj_lily58_rev1_shanec80/eeprom_driver.o
                0x100033ee                eeprom_write_word
 .text.eeprom_write_dword
                0x10003402       0x10 .build/obj_lily58_rev1_shanec80/eeprom_driver.o
                0x10003402                eeprom_write_dword
 .text.eeprom_update_block
                0x10003412       0x3a .build/obj_lily58_rev1_shanec80/eeprom_driver.o
                0x10003412                eeprom_update_block
 .text.eeprom_update_byte
                0x1000344c       0x18 .build/obj_lily58_rev1_shanec80/eeprom_driver.o
                0x1000344c                eeprom_update_byte
 .text.eeprom_update_word
                0x10003464       0x18 .build/obj_lily58_rev1_shanec80/eeprom_driver.o
                0x10003464                eeprom_update_word
 .text.eeprom_update_dword
                0x1000347c       0x18 .build/obj_lily58_rev1_shanec80/eeprom_driver.o
                0x1000347c                eeprom_update_dword
 .text.eeprom_driver_init
                0x10003494        0x8 .build/obj_lily58_rev1_shanec80/eeprom_wear_leveling.o
                0x10003494                eeprom_driver_init
 .text.eeprom_driver_erase
                0x1000349c        0x8 .build/obj_lily58_rev1_shanec80/eeprom_wear_leveling.o
                0x1000349c                eeprom_driver_erase
 .text.eeprom_read_block
                0x100034a4        0xe .build/obj_lily58_rev1_shanec80/eeprom_wear_leveling.o
                0x100034a4                eeprom_read_block
 .text.eeprom_write_block
                0x100034b2        0xe .build/obj_lily58_rev1_shanec80/eeprom_wear_leveling.o
                0x100034b2                eeprom_write_block
 .text.wear_leveling_clear_cache
                0x100034c0       0x20 .build/obj_lily58_rev1_shanec80/wear_leveling.o
 .text.wear_leveling_unlock
                0x100034e0       0x24 .build/obj_lily58_rev1_shanec80/wear_leveling.o
 .text.wear_leveling_lock
                0x10003504       0x28 .build/obj_lily58_rev1_shanec80/wear_leveling.o
 .text.wear_leveling_erase
                0x1000352c       0x2e .build/obj_lily58_rev1_shanec80/wear_leveling.o
                0x1000352c                wear_leveling_erase
 *fill*         0x1000355a        0x2 
 .text.wear_leveling_read
                0x1000355c       0x24 .build/obj_lily58_rev1_shanec80/wear_leveling.o
                0x1000355c                wear_leveling_read
 .text.wear_leveling_consolidate_force
                0x10003580       0x6c .build/obj_lily58_rev1_shanec80/wear_leveling.o
 .text.wear_leveling_consolidate_if_needed
                0x100035ec       0x20 .build/obj_lily58_rev1_shanec80/wear_leveling.o
 .text.wear_leveling_append_raw
                0x1000360c       0x28 .build/obj_lily58_rev1_shanec80/wear_leveling.o
 .text.wear_leveling_write
                0x10003634      0x160 .build/obj_lily58_rev1_shanec80/wear_leveling.o
                0x10003634                wear_leveling_write
 .text.wear_leveling_init
                0x10003794      0x184 .build/obj_lily58_rev1_shanec80/wear_leveling.o
                0x10003794                wear_leveling_init
 .text.backing_store_init
                0x10003918       0x1c .build/obj_lily58_rev1_shanec80/wear_leveling_rp2040_flash.o
                0x10003918                backing_store_init
 .text.backing_store_unlock
                0x10003934        0x4 .build/obj_lily58_rev1_shanec80/wear_leveling_rp2040_flash.o
                0x10003934                backing_store_unlock
 .text.backing_store_erase
                0x10003938       0x28 .build/obj_lily58_rev1_shanec80/wear_leveling_rp2040_flash.o
                0x10003938                backing_store_erase
 .text.backing_store_write_bulk
                0x10003960       0x24 .build/obj_lily58_rev1_shanec80/wear_leveling_rp2040_flash.o
                0x10003960                backing_store_write_bulk
 .text.backing_store_write
                0x10003984       0x12 .build/obj_lily58_rev1_shanec80/wear_leveling_rp2040_flash.o
                0x10003984                backing_store_write
 .text.backing_store_lock
                0x10003996        0x4 .build/obj_lily58_rev1_shanec80/wear_leveling_rp2040_flash.o
                0x10003996                backing_store_lock
 *fill*         0x1000399a        0x2 
 .text.backing_store_read_bulk
                0x1000399c       0x20 .build/obj_lily58_rev1_shanec80/wear_leveling_rp2040_flash.o
                0x1000399c                backing_store_read_bulk
 .text.backing_store_read
                0x100039bc        0xa .build/obj_lily58_rev1_shanec80/wear_leveling_rp2040_flash.o
                0x100039bc                backing_store_read
 .text.fnv_64a_buf
                0x100039c6       0x7a .build/obj_lily58_rev1_shanec80/hash_64a.o
                0x100039c6                fnv_64a_buf
 .text.oled_send_cmd
                0x10003a40       0x16 .build/obj_lily58_rev1_shanec80/oled_driver.o
                0x10003a40                oled_send_cmd
 .text.oled_send_cmd_P
                0x10003a56        0x8 .build/obj_lily58_rev1_shanec80/oled_driver.o
                0x10003a56                oled_send_cmd_P
 .text.oled_send_data
                0x10003a5e       0x1a .build/obj_lily58_rev1_shanec80/oled_driver.o
                0x10003a5e                oled_send_data
 .text.oled_driver_init
                0x10003a78        0x8 .build/obj_lily58_rev1_shanec80/oled_driver.o
                0x10003a78                oled_driver_init
 .text.oled_init_kb
                0x10003a80        0x2 .build/obj_lily58_rev1_shanec80/oled_driver.o
                0x10003a80                oled_init_kb
 *fill*         0x10003a82        0x2 
 .text.oled_clear
                0x10003a84       0x2c .build/obj_lily58_rev1_shanec80/oled_driver.o
                0x10003a84                oled_clear
 .text.oled_init
                0x10003ab0       0xc8 .build/obj_lily58_rev1_shanec80/oled_driver.o
                0x10003ab0                oled_init
 .text.oled_set_cursor
                0x10003b78       0x30 .build/obj_lily58_rev1_shanec80/oled_driver.o
                0x10003b78                oled_set_cursor
 .text.oled_advance_char
                0x10003ba8       0x44 .build/obj_lily58_rev1_shanec80/oled_driver.o
                0x10003ba8                oled_advance_char
 .text.oled_write_char
                0x10003bec       0xb0 .build/obj_lily58_rev1_shanec80/oled_driver.o
                0x10003bec                oled_write_char
 .text.oled_advance_page
                0x10003c9c       0x6c .build/obj_lily58_rev1_shanec80/oled_driver.o
                0x10003c9c                oled_advance_page
 .text.oled_write
                0x10003d08       0x1e .build/obj_lily58_rev1_shanec80/oled_driver.o
                0x10003d08                oled_write
 *fill*         0x10003d26        0x2 
 .text.oled_write_raw
                0x10003d28       0x58 .build/obj_lily58_rev1_shanec80/oled_driver.o
                0x10003d28                oled_write_raw
 .text.oled_on  0x10003d80       0x54 .build/obj_lily58_rev1_shanec80/oled_driver.o
                0x10003d80                oled_on
 .text.oled_render_dirty
                0x10003dd4      0x184 .build/obj_lily58_rev1_shanec80/oled_driver.o
                0x10003dd4                oled_render_dirty
 .text.oled_off
                0x10003f58       0x48 .build/obj_lily58_rev1_shanec80/oled_driver.o
                0x10003f58                oled_off
 .text.oled_task_kb
                0x10003fa0        0x8 .build/obj_lily58_rev1_shanec80/oled_driver.o
                0x10003fa0                oled_task_kb
 .text.oled_task
                0x10003fa8       0x60 .build/obj_lily58_rev1_shanec80/oled_driver.o
                0x10003fa8                oled_task
 .text.process_caps_word
                0x10004008      0x1b0 .build/obj_lily58_rev1_shanec80/quantum/process_keycode/process_caps_word.o
                0x10004008                process_caps_word
 .text.caps_word_reset_idle_timer
                0x100041b8       0x18 .build/obj_lily58_rev1_shanec80/quantum/caps_word.o
                0x100041b8                caps_word_reset_idle_timer
 .text.is_caps_word_on
                0x100041d0        0xc .build/obj_lily58_rev1_shanec80/quantum/caps_word.o
                0x100041d0                is_caps_word_on
 .text.caps_word_set_user
                0x100041dc        0x2 .build/obj_lily58_rev1_shanec80/quantum/caps_word.o
                0x100041dc                caps_word_set_user
 *fill*         0x100041de        0x2 
 .text.caps_word_on
                0x100041e0       0x24 .build/obj_lily58_rev1_shanec80/quantum/caps_word.o
                0x100041e0                caps_word_on
 .text.caps_word_off
                0x10004204       0x20 .build/obj_lily58_rev1_shanec80/quantum/caps_word.o
                0x10004204                caps_word_off
 .text.caps_word_task
                0x10004224       0x30 .build/obj_lily58_rev1_shanec80/quantum/caps_word.o
                0x10004224                caps_word_task
 .text.caps_word_toggle
                0x10004254       0x1c .build/obj_lily58_rev1_shanec80/quantum/caps_word.o
                0x10004254                caps_word_toggle
 .text.process_combo_event
                0x10004270        0x2 .build/obj_lily58_rev1_shanec80/quantum/process_keycode/process_combo.o
                0x10004270                process_combo_event
 *fill*         0x10004272        0x2 
 .text.dump_key_buffer
                0x10004274       0x80 .build/obj_lily58_rev1_shanec80/quantum/process_keycode/process_combo.o
 .text.combo_ref_from_layer
                0x100042f4        0x2 .build/obj_lily58_rev1_shanec80/quantum/process_keycode/process_combo.o
                0x100042f4                combo_ref_from_layer
 *fill*         0x100042f6        0x2 
 .text.clear_combos
                0x100042f8       0x2c .build/obj_lily58_rev1_shanec80/quantum/process_keycode/process_combo.o
                0x100042f8                clear_combos
 .text.drop_combo_from_buffer
                0x10004324       0x44 .build/obj_lily58_rev1_shanec80/quantum/process_keycode/process_combo.o
                0x10004324                drop_combo_from_buffer
 .text.apply_combo
                0x10004368       0x98 .build/obj_lily58_rev1_shanec80/quantum/process_keycode/process_combo.o
                0x10004368                apply_combo
 .text.apply_combos
                0x10004400       0x40 .build/obj_lily58_rev1_shanec80/quantum/process_keycode/process_combo.o
 .text.overlaps
                0x10004440       0x4e .build/obj_lily58_rev1_shanec80/quantum/process_keycode/process_combo.o
                0x10004440                overlaps
 *fill*         0x1000448e        0x2 
 .text.combo_task
                0x10004490       0x58 .build/obj_lily58_rev1_shanec80/quantum/process_keycode/process_combo.o
                0x10004490                combo_task
 .text.combo_disable
                0x100044e8       0x30 .build/obj_lily58_rev1_shanec80/quantum/process_keycode/process_combo.o
                0x100044e8                combo_disable
 .text.combo_toggle
                0x10004518       0x1c .build/obj_lily58_rev1_shanec80/quantum/process_keycode/process_combo.o
                0x10004518                combo_toggle
 .text.process_combo
                0x10004534      0x2a4 .build/obj_lily58_rev1_shanec80/quantum/process_keycode/process_combo.o
                0x10004534                process_combo
 .text.crc_init
                0x100047d8        0x2 .build/obj_lily58_rev1_shanec80/quantum/crc.o
                0x100047d8                crc_init
 .text.crc8     0x100047da       0x30 .build/obj_lily58_rev1_shanec80/quantum/crc.o
                0x100047da                crc8
 *fill*         0x1000480a        0x2 
 .text.process_grave_esc
                0x1000480c       0x54 .build/obj_lily58_rev1_shanec80/quantum/process_keycode/process_grave_esc.o
                0x1000480c                process_grave_esc
 .text.process_magic
                0x10004860      0x1b8 .build/obj_lily58_rev1_shanec80/quantum/process_keycode/process_magic.o
                0x10004860                process_magic
 .text.times_inv_sqrt2
                0x10004a18       0x22 .build/obj_lily58_rev1_shanec80/quantum/mousekey.o
 *fill*         0x10004a3a        0x2 
 .text.move_unit
                0x10004a3c       0x6c .build/obj_lily58_rev1_shanec80/quantum/mousekey.o
 .text.wheel_unit
                0x10004aa8       0x68 .build/obj_lily58_rev1_shanec80/quantum/mousekey.o
 .text.mousekey_on
                0x10004b10       0xbc .build/obj_lily58_rev1_shanec80/quantum/mousekey.o
                0x10004b10                mousekey_on
 .text.mousekey_off
                0x10004bcc       0xe8 .build/obj_lily58_rev1_shanec80/quantum/mousekey.o
                0x10004bcc                mousekey_off
 .text.mousekey_send
                0x10004cb4       0xe8 .build/obj_lily58_rev1_shanec80/quantum/mousekey.o
                0x10004cb4                mousekey_send
 .text.mousekey_clear
                0x10004d9c       0x2c .build/obj_lily58_rev1_shanec80/quantum/mousekey.o
                0x10004d9c                mousekey_clear
 .text.should_mousekey_report_send
                0x10004dc8       0x26 .build/obj_lily58_rev1_shanec80/quantum/mousekey.o
                0x10004dc8                should_mousekey_report_send
 *fill*         0x10004dee        0x2 
 .text.mousekey_task
                0x10004df0      0x1a4 .build/obj_lily58_rev1_shanec80/quantum/mousekey.o
                0x10004df0                mousekey_task
 .text.send_char
                0x10004f94       0x74 .build/obj_lily58_rev1_shanec80/quantum/send_string/send_string.o
                0x10004f94                send_char
 .text.send_string_with_delay
                0x10005008       0x98 .build/obj_lily58_rev1_shanec80/quantum/send_string/send_string.o
                0x10005008                send_string_with_delay
 .text.perform_space_cadet
                0x100050a0       0xb4 .build/obj_lily58_rev1_shanec80/quantum/process_keycode/process_space_cadet.o
                0x100050a0                perform_space_cadet
 .text.process_space_cadet
                0x10005154       0xa8 .build/obj_lily58_rev1_shanec80/quantum/process_keycode/process_space_cadet.o
                0x10005154                process_space_cadet
 .text.set_current_wpm
                0x100051fc        0xc .build/obj_lily58_rev1_shanec80/quantum/wpm.o
                0x100051fc                set_current_wpm
 .text.get_current_wpm
                0x10005208        0xc .build/obj_lily58_rev1_shanec80/quantum/wpm.o
                0x10005208                get_current_wpm
 .text.wpm_keycode_user
                0x10005214       0x32 .build/obj_lily58_rev1_shanec80/quantum/wpm.o
                0x10005214                wpm_keycode_user
 .text.wpm_keycode_kb
                0x10005246        0x8 .build/obj_lily58_rev1_shanec80/quantum/wpm.o
                0x10005246                wpm_keycode_kb
 *fill*         0x1000524e        0x2 
 .text.update_wpm
                0x10005250       0x2c .build/obj_lily58_rev1_shanec80/quantum/wpm.o
                0x10005250                update_wpm
 .text.decay_wpm
                0x1000527c       0xf0 .build/obj_lily58_rev1_shanec80/quantum/wpm.o
                0x1000527c                decay_wpm
 .text.host_set_driver
                0x1000536c        0xc .build/obj_lily58_rev1_shanec80/protocol/host.o
                0x1000536c                host_set_driver
 .text.set_split_host_keyboard_leds
                0x10005378        0xc .build/obj_lily58_rev1_shanec80/protocol/host.o
                0x10005378                set_split_host_keyboard_leds
 .text.host_keyboard_leds
                0x10005384       0x28 .build/obj_lily58_rev1_shanec80/protocol/host.o
                0x10005384                host_keyboard_leds
 .text.host_keyboard_led_state
                0x100053ac        0x8 .build/obj_lily58_rev1_shanec80/protocol/host.o
                0x100053ac                host_keyboard_led_state
 .text.host_keyboard_send
                0x100053b4       0x60 .build/obj_lily58_rev1_shanec80/protocol/host.o
                0x100053b4                host_keyboard_send
 .text.host_nkro_send
                0x10005414       0x64 .build/obj_lily58_rev1_shanec80/protocol/host.o
                0x10005414                host_nkro_send
 .text.host_mouse_send
                0x10005478       0x18 .build/obj_lily58_rev1_shanec80/protocol/host.o
                0x10005478                host_mouse_send
 .text.host_system_send
                0x10005490       0x34 .build/obj_lily58_rev1_shanec80/protocol/host.o
                0x10005490                host_system_send
 .text.host_consumer_send
                0x100054c4       0x34 .build/obj_lily58_rev1_shanec80/protocol/host.o
                0x100054c4                host_consumer_send
 .text.has_anykey
                0x100054f8       0x4c .build/obj_lily58_rev1_shanec80/protocol/report.o
                0x100054f8                has_anykey
 .text.is_key_pressed
                0x10005544       0x64 .build/obj_lily58_rev1_shanec80/protocol/report.o
                0x10005544                is_key_pressed
 .text.add_key_byte
                0x100055a8       0x2a .build/obj_lily58_rev1_shanec80/protocol/report.o
                0x100055a8                add_key_byte
 .text.del_key_byte
                0x100055d2       0x18 .build/obj_lily58_rev1_shanec80/protocol/report.o
                0x100055d2                del_key_byte
 *fill*         0x100055ea        0x2 
 .text.add_key_bit
                0x100055ec       0x34 .build/obj_lily58_rev1_shanec80/protocol/report.o
                0x100055ec                add_key_bit
 .text.del_key_bit
                0x10005620       0x34 .build/obj_lily58_rev1_shanec80/protocol/report.o
                0x10005620                del_key_bit
 .text.add_key_to_report
                0x10005654       0x38 .build/obj_lily58_rev1_shanec80/protocol/report.o
                0x10005654                add_key_to_report
 .text.del_key_from_report
                0x1000568c       0x38 .build/obj_lily58_rev1_shanec80/protocol/report.o
                0x1000568c                del_key_from_report
 .text.clear_keys_from_report
                0x100056c4       0x3c .build/obj_lily58_rev1_shanec80/protocol/report.o
                0x100056c4                clear_keys_from_report
 .text.has_mouse_report_changed
                0x10005700       0x58 .build/obj_lily58_rev1_shanec80/protocol/report.o
                0x10005700                has_mouse_report_changed
 .text.notify_usb_device_state_change_user
                0x10005758        0x2 .build/obj_lily58_rev1_shanec80/protocol/usb_device_state.o
                0x10005758                notify_usb_device_state_change_user
 .text.notify_usb_device_state_change_kb
                0x1000575a        0x8 .build/obj_lily58_rev1_shanec80/protocol/usb_device_state.o
                0x1000575a                notify_usb_device_state_change_kb
 *fill*         0x10005762        0x2 
 .text.usb_device_state_set_configuration
                0x10005764       0x14 .build/obj_lily58_rev1_shanec80/protocol/usb_device_state.o
                0x10005764                usb_device_state_set_configuration
 .text.usb_device_state_set_suspend
                0x10005778       0x14 .build/obj_lily58_rev1_shanec80/protocol/usb_device_state.o
                0x10005778                usb_device_state_set_suspend
 .text.usb_device_state_set_resume
                0x1000578c        0x8 .build/obj_lily58_rev1_shanec80/protocol/usb_device_state.o
                0x1000578c                usb_device_state_set_resume
 .text.usb_device_state_set_reset
                0x10005794       0x14 .build/obj_lily58_rev1_shanec80/protocol/usb_device_state.o
                0x10005794                usb_device_state_set_reset
 .text.usb_device_state_init
                0x100057a8        0x8 .build/obj_lily58_rev1_shanec80/protocol/usb_device_state.o
                0x100057a8                usb_device_state_init
 .text.matrix_power_up
                0x100057b0        0x2 .build/obj_lily58_rev1_shanec80/platforms/suspend.o
                0x100057b0                matrix_power_up
 .text.matrix_power_down
                0x100057b2        0x2 .build/obj_lily58_rev1_shanec80/platforms/suspend.o
                0x100057b2                matrix_power_down
 .text.suspend_power_down_user
                0x100057b4        0x2 .build/obj_lily58_rev1_shanec80/platforms/suspend.o
                0x100057b4                suspend_power_down_user
 .text.suspend_power_down_kb
                0x100057b6        0x8 .build/obj_lily58_rev1_shanec80/platforms/suspend.o
                0x100057b6                suspend_power_down_kb
 .text.suspend_wakeup_init_user
                0x100057be        0x2 .build/obj_lily58_rev1_shanec80/platforms/suspend.o
                0x100057be                suspend_wakeup_init_user
 .text.suspend_wakeup_init_kb
                0x100057c0        0x8 .build/obj_lily58_rev1_shanec80/platforms/suspend.o
                0x100057c0                suspend_wakeup_init_kb
 .text.suspend_wakeup_condition
                0x100057c8       0x28 .build/obj_lily58_rev1_shanec80/platforms/suspend.o
                0x100057c8                suspend_wakeup_condition
 .text.platform_setup
                0x100057f0        0xc .build/obj_lily58_rev1_shanec80/platforms/chibios/platform.o
                0x100057f0                platform_setup
 .text.suspend_power_down
                0x100057fc       0x14 .build/obj_lily58_rev1_shanec80/platforms/chibios/suspend.o
                0x100057fc                suspend_power_down
 .text.suspend_wakeup_init
                0x10005810       0x24 .build/obj_lily58_rev1_shanec80/platforms/chibios/suspend.o
                0x10005810                suspend_wakeup_init
 .text.timer_clear
                0x10005834       0x40 .build/obj_lily58_rev1_shanec80/platforms/chibios/timer.o
                0x10005834                timer_clear
 .text.timer_init
                0x10005874        0x8 .build/obj_lily58_rev1_shanec80/platforms/chibios/timer.o
                0x10005874                timer_init
 .text.timer_read32
                0x1000587c       0x90 .build/obj_lily58_rev1_shanec80/platforms/chibios/timer.o
                0x1000587c                timer_read32
 .text.timer_read
                0x1000590c        0xa .build/obj_lily58_rev1_shanec80/platforms/chibios/timer.o
                0x1000590c                timer_read
 .text.timer_elapsed
                0x10005916        0xe .build/obj_lily58_rev1_shanec80/platforms/chibios/timer.o
                0x10005916                timer_elapsed
 .text.timer_elapsed32
                0x10005924        0xc .build/obj_lily58_rev1_shanec80/platforms/chibios/timer.o
                0x10005924                timer_elapsed32
 .text.mcu_reset
                0x10005930       0x1c .build/obj_lily58_rev1_shanec80/platforms/chibios/bootloaders/rp2040.o
                0x10005930                mcu_reset
 .text.bootloader_jump
                0x1000594c       0x14 .build/obj_lily58_rev1_shanec80/platforms/chibios/bootloaders/rp2040.o
                0x1000594c                bootloader_jump
 .text.__late_init
                0x10005960       0x40 .build/obj_lily58_rev1_shanec80/platforms/chibios/bootloaders/rp2040.o
                0x10005960                __late_init
 .text.SlaveThread
                0x100059a0       0xb0 .build/obj_lily58_rev1_shanec80/serial_protocol.a(serial_protocol.o)
 .text.soft_serial_target_init
                0x10005a50       0x24 .build/obj_lily58_rev1_shanec80/serial_protocol.a(serial_protocol.o)
                0x10005a50                soft_serial_target_init
 .text.soft_serial_initiator_init
                0x10005a74        0x8 .build/obj_lily58_rev1_shanec80/serial_protocol.a(serial_protocol.o)
                0x10005a74                soft_serial_initiator_init
 .text.soft_serial_transaction
                0x10005a7c       0x98 .build/obj_lily58_rev1_shanec80/serial_protocol.a(serial_protocol.o)
                0x10005a7c                soft_serial_transaction
 .text.port_lock
                0x10005b14       0x16 .build/obj_lily58_rev1_shanec80/serial_vendor.a(serial_vendor.o)
 .text.port_unlock
                0x10005b2a       0x12 .build/obj_lily58_rev1_shanec80/serial_vendor.a(serial_vendor.o)
 .text.sm_config_set_clkdiv
                0x10005b3c       0x3a .build/obj_lily58_rev1_shanec80/serial_vendor.a(serial_vendor.o)
 *fill*         0x10005b76        0x2 
 .text.pio_sm_set_enabled.constprop.0
                0x10005b78       0x18 .build/obj_lily58_rev1_shanec80/serial_vendor.a(serial_vendor.o)
 .text.receive_impl
                0x10005b90       0xb0 .build/obj_lily58_rev1_shanec80/serial_vendor.a(serial_vendor.o)
 .text.Vector5C
                0x10005c40       0x9c .build/obj_lily58_rev1_shanec80/serial_vendor.a(serial_vendor.o)
                0x10005c40                Vector5C
 .text.serial_transport_driver_clear
                0x10005cdc       0x44 .build/obj_lily58_rev1_shanec80/serial_vendor.a(serial_vendor.o)
                0x10005cdc                serial_transport_driver_clear
 .text.hot.serial_transport_send
                0x10005d20       0xb8 .build/obj_lily58_rev1_shanec80/serial_vendor.a(serial_vendor.o)
                0x10005d20                serial_transport_send
 .text.hot.serial_transport_receive
                0x10005dd8       0x10 .build/obj_lily58_rev1_shanec80/serial_vendor.a(serial_vendor.o)
                0x10005dd8                serial_transport_receive
 .text.hot.serial_transport_receive_blocking
                0x10005de8        0xc .build/obj_lily58_rev1_shanec80/serial_vendor.a(serial_vendor.o)
                0x10005de8                serial_transport_receive_blocking
 .text.serial_transport_driver_slave_init
                0x10005df4      0x1e8 .build/obj_lily58_rev1_shanec80/serial_vendor.a(serial_vendor.o)
                0x10005df4                serial_transport_driver_slave_init
 .text.serial_transport_driver_master_init
                0x10005fdc        0x8 .build/obj_lily58_rev1_shanec80/serial_vendor.a(serial_vendor.o)
                0x10005fdc                serial_transport_driver_master_init
 .text.i2c_init
                0x10005fe4       0x54 .build/obj_lily58_rev1_shanec80/i2c_master.a(i2c_master.o)
                0x10005fe4                i2c_init
 .text.i2c_stop
                0x10006038       0x10 .build/obj_lily58_rev1_shanec80/i2c_master.a(i2c_master.o)
                0x10006038                i2c_stop
 .text.i2c_epilogue
                0x10006048       0x18 .build/obj_lily58_rev1_shanec80/i2c_master.a(i2c_master.o)
 .text.i2c_transmit
                0x10006060       0x6c .build/obj_lily58_rev1_shanec80/i2c_master.a(i2c_master.o)
                0x10006060                i2c_transmit
 .text.i2c_writeReg
                0x100060cc       0x98 .build/obj_lily58_rev1_shanec80/i2c_master.a(i2c_master.o)
                0x100060cc                i2c_writeReg
 .text.port_lock
                0x10006164       0x16 .build/obj_lily58_rev1_shanec80/protocol/chibios/usb_main.o
 .text.port_unlock
                0x1000617a       0x12 .build/obj_lily58_rev1_shanec80/protocol/chibios/usb_main.o
 .text.dummy_usb_cb
                0x1000618c        0x2 .build/obj_lily58_rev1_shanec80/protocol/chibios/usb_main.o
 *fill*         0x1000618e        0x2 
 .text.usb_sof_cb
                0x10006190       0x18 .build/obj_lily58_rev1_shanec80/protocol/chibios/usb_main.o
 .text.usb_get_descriptor_cb
                0x100061a8       0x3c .build/obj_lily58_rev1_shanec80/protocol/chibios/usb_main.o
 .text.set_led_transfer_cb
                0x100061e4       0x30 .build/obj_lily58_rev1_shanec80/protocol/chibios/usb_main.o
 .text.chVTSetI.constprop.0
                0x10006214       0x2c .build/obj_lily58_rev1_shanec80/protocol/chibios/usb_main.o
 .text.keyboard_idle_timer_cb
                0x10006240       0x80 .build/obj_lily58_rev1_shanec80/protocol/chibios/usb_main.o
 .text.usb_requests_hook_cb
                0x100062c0      0x188 .build/obj_lily58_rev1_shanec80/protocol/chibios/usb_main.o
 .text.usb_event_queue_enqueue.isra.0
                0x10006448       0x28 .build/obj_lily58_rev1_shanec80/protocol/chibios/usb_main.o
 .text.usb_event_cb
                0x10006470       0xc4 .build/obj_lily58_rev1_shanec80/protocol/chibios/usb_main.o
 .text.usb_event_queue_init
                0x10006534       0x24 .build/obj_lily58_rev1_shanec80/protocol/chibios/usb_main.o
                0x10006534                usb_event_queue_init
 .text.usb_event_queue_task
                0x10006558       0xa4 .build/obj_lily58_rev1_shanec80/protocol/chibios/usb_main.o
                0x10006558                usb_event_queue_task
 .text.init_usb_driver
                0x100065fc       0x88 .build/obj_lily58_rev1_shanec80/protocol/chibios/usb_main.o
                0x100065fc                init_usb_driver
 .text.restart_usb_driver
                0x10006684       0x30 .build/obj_lily58_rev1_shanec80/protocol/chibios/usb_main.o
                0x10006684                restart_usb_driver
 .text.keyboard_leds
                0x100066b4        0xc .build/obj_lily58_rev1_shanec80/protocol/chibios/usb_main.o
                0x100066b4                keyboard_leds
 .text.send_report
                0x100066c0       0x50 .build/obj_lily58_rev1_shanec80/protocol/chibios/usb_main.o
                0x100066c0                send_report
 .text.send_keyboard
                0x10006710       0x20 .build/obj_lily58_rev1_shanec80/protocol/chibios/usb_main.o
                0x10006710                send_keyboard
 .text.send_nkro
                0x10006730        0xe .build/obj_lily58_rev1_shanec80/protocol/chibios/usb_main.o
                0x10006730                send_nkro
 *fill*         0x1000673e        0x2 
 .text.send_mouse
                0x10006740       0x20 .build/obj_lily58_rev1_shanec80/protocol/chibios/usb_main.o
                0x10006740                send_mouse
 .text.send_extra
                0x10006760        0xe .build/obj_lily58_rev1_shanec80/protocol/chibios/usb_main.o
                0x10006760                send_extra
 *fill*         0x1000676e        0x2 
 .text.sendchar
                0x10006770       0x38 .build/obj_lily58_rev1_shanec80/protocol/chibios/usb_main.o
                0x10006770                sendchar
 .text.console_task
                0x100067a8       0x20 .build/obj_lily58_rev1_shanec80/protocol/chibios/usb_main.o
                0x100067a8                console_task
 .text.early_hardware_init_pre
                0x100067c8        0x2 .build/obj_lily58_rev1_shanec80/protocol/chibios/chibios.o
                0x100067c8                early_hardware_init_pre
 .text.early_hardware_init_post
                0x100067ca        0x2 .build/obj_lily58_rev1_shanec80/protocol/chibios/chibios.o
                0x100067ca                early_hardware_init_post
 .text.board_init
                0x100067cc        0x2 .build/obj_lily58_rev1_shanec80/protocol/chibios/chibios.o
                0x100067cc                board_init
 .text.__early_init
                0x100067ce       0x10 .build/obj_lily58_rev1_shanec80/protocol/chibios/chibios.o
                0x100067ce                __early_init
 .text.boardInit
                0x100067de        0xc .build/obj_lily58_rev1_shanec80/protocol/chibios/chibios.o
                0x100067de                boardInit
 .text.protocol_setup
                0x100067ea        0x8 .build/obj_lily58_rev1_shanec80/protocol/chibios/chibios.o
                0x100067ea                protocol_setup
 *fill*         0x100067f2        0x2 
 .text.protocol_pre_init
                0x100067f4       0x34 .build/obj_lily58_rev1_shanec80/protocol/chibios/chibios.o
                0x100067f4                protocol_pre_init
 .text.protocol_post_init
                0x10006828       0x10 .build/obj_lily58_rev1_shanec80/protocol/chibios/chibios.o
                0x10006828                protocol_post_init
 .text.protocol_pre_task
                0x10006838       0x60 .build/obj_lily58_rev1_shanec80/protocol/chibios/chibios.o
                0x10006838                protocol_pre_task
 .text.protocol_post_task
                0x10006898        0x8 .build/obj_lily58_rev1_shanec80/protocol/chibios/chibios.o
                0x10006898                protocol_post_task
 .text.get_usb_descriptor
                0x100068a0       0x80 .build/obj_lily58_rev1_shanec80/usb_descriptor.o
                0x100068a0                get_usb_descriptor
 .text.port_lock
                0x10006920       0x16 .build/obj_lily58_rev1_shanec80/protocol/chibios/usb_driver.o
 .text.port_unlock
                0x10006936       0x12 .build/obj_lily58_rev1_shanec80/protocol/chibios/usb_driver.o
 .text.obnotify
                0x10006948       0x3c .build/obj_lily58_rev1_shanec80/protocol/chibios/usb_driver.o