Archive member included to satisfy reference by file (symbol)

.build/obj_lily58_rev1_shanec80/serial_protocol.a(serial_protocol.o)
                              .build/obj_lily58_rev1_shanec80/quantum/split_common/transport.o (soft_serial_target_init)
.build/obj_lily58_rev1_shanec80/serial_vendor.a(serial_vendor.o)
                              .build/obj_lily58_rev1_shanec80/serial_protocol.a(serial_protocol.o) (serial_transport_driver_clear)
.build/obj_lily58_rev1_shanec80/i2c_master.a(i2c_master.o)
                              .build/obj_lily58_rev1_shanec80/oled_driver.o (i2c_init)
/usr/lib/gcc/arm-none-eabi/14.1.0/thumb/v6-m/nofp/libgcc.a(_thumb1_case_sqi.o)
                              .build/obj_lily58_rev1_shanec80/quantum/keycode_config.o (__gnu_thumb1_case_sqi)
/usr/lib/gcc/arm-none-eabi/14.1.0/thumb/v6-m/nofp/libgcc.a(_thumb1_case_uqi.o)
                              .build/obj_lily58_rev1_shanec80/./lib/layer_state_reader.o (__gnu_thumb1_case_uqi)
/usr/lib/gcc/arm-none-eabi/14.1.0/thumb/v6-m/nofp/libgcc.a(_thumb1_case_shi.o)
                              .build/obj_lily58_rev1_shanec80/lib/chibios/os/hal/lib/streams/chprintf.o (__gnu_thumb1_case_shi)
/usr/lib/gcc/arm-none-eabi/14.1.0/thumb/v6-m/nofp/libgcc.a(_thumb1_case_uhi.o)
                              .build/obj_lily58_rev1_shanec80/quantum/action.o (__gnu_thumb1_case_uhi)
/usr/lib/gcc/arm-none-eabi/14.1.0/thumb/v6-m/nofp/libgcc.a(_dvmd_tls.o)
                              .build/obj_lily58_rev1_shanec80/./lib/pico-sdk/src/rp2_common/pico_divider/divider.o (__aeabi_idiv0)
/usr/lib/gcc/arm-none-eabi/14.1.0/thumb/v6-m/nofp/libgcc.a(_ctzsi2.o)
                              .build/obj_lily58_rev1_shanec80/./lib/pico-sdk/src/rp2_common/hardware_pio/pio.o (__ctzsi2)
/usr/lib/gcc/arm-none-eabi/14.1.0/thumb/v6-m/nofp/libgcc.a(_fixunssfsi.o)
                              .build/obj_lily58_rev1_shanec80/serial_vendor.a(serial_vendor.o) (__aeabi_f2uiz)
/usr/lib/gcc/arm-none-eabi/14.1.0/thumb/v6-m/nofp/libgcc.a(divsf3.o)
                              .build/obj_lily58_rev1_shanec80/serial_vendor.a(serial_vendor.o) (__aeabi_fdiv)
/usr/lib/gcc/arm-none-eabi/14.1.0/thumb/v6-m/nofp/libgcc.a(mulsf3.o)
                              .build/obj_lily58_rev1_shanec80/serial_vendor.a(serial_vendor.o) (__aeabi_fmul)
/usr/lib/gcc/arm-none-eabi/14.1.0/thumb/v6-m/nofp/libgcc.a(subsf3.o)
                              .build/obj_lily58_rev1_shanec80/serial_vendor.a(serial_vendor.o) (__aeabi_fsub)
/usr/lib/gcc/arm-none-eabi/14.1.0/thumb/v6-m/nofp/libgcc.a(fixsfsi.o)
                              /usr/lib/gcc/arm-none-eabi/14.1.0/thumb/v6-m/nofp/libgcc.a(_fixunssfsi.o) (__aeabi_f2iz)
/usr/lib/gcc/arm-none-eabi/14.1.0/thumb/v6-m/nofp/libgcc.a(floatunsisf.o)
                              .build/obj_lily58_rev1_shanec80/serial_vendor.a(serial_vendor.o) (__aeabi_ui2f)
/usr/lib/gcc/arm-none-eabi/14.1.0/thumb/v6-m/nofp/libgcc.a(_arm_cmpsf2.o)
                              /usr/lib/gcc/arm-none-eabi/14.1.0/thumb/v6-m/nofp/libgcc.a(_fixunssfsi.o) (__aeabi_fcmpge)
/usr/lib/gcc/arm-none-eabi/14.1.0/thumb/v6-m/nofp/libgcc.a(_clzsi2.o)
                              /usr/lib/gcc/arm-none-eabi/14.1.0/thumb/v6-m/nofp/libgcc.a(divsf3.o) (__clzsi2)
/usr/lib/gcc/arm-none-eabi/14.1.0/thumb/v6-m/nofp/libgcc.a(eqsf2.o)
                              /usr/lib/gcc/arm-none-eabi/14.1.0/thumb/v6-m/nofp/libgcc.a(_arm_cmpsf2.o) (__eqsf2)
/usr/lib/gcc/arm-none-eabi/14.1.0/thumb/v6-m/nofp/libgcc.a(gesf2.o)
                              /usr/lib/gcc/arm-none-eabi/14.1.0/thumb/v6-m/nofp/libgcc.a(_arm_cmpsf2.o) (__gesf2)
/usr/lib/gcc/arm-none-eabi/14.1.0/thumb/v6-m/nofp/libgcc.a(lesf2.o)
                              /usr/lib/gcc/arm-none-eabi/14.1.0/thumb/v6-m/nofp/libgcc.a(_arm_cmpsf2.o) (__lesf2)
/usr/lib/gcc/arm-none-eabi/14.1.0/../../../../arm-none-eabi/lib/thumb/v6-m/nofp/libg_nano.a(libc_a-abort.o)
                              .build/obj_lily58_rev1_shanec80/lib/chibios/os/various/syscalls.o (abort)
/usr/lib/gcc/arm-none-eabi/14.1.0/../../../../arm-none-eabi/lib/thumb/v6-m/nofp/libg_nano.a(libc_a-rand.o)
                              .build/obj_lily58_rev1_shanec80/quantum/send_string/send_string.o (rand)
/usr/lib/gcc/arm-none-eabi/14.1.0/../../../../arm-none-eabi/lib/thumb/v6-m/nofp/libg_nano.a(libc_a-ctype_.o)
                              .build/obj_lily58_rev1_shanec80/quantum/send_string/send_string.o (_ctype_)
/usr/lib/gcc/arm-none-eabi/14.1.0/../../../../arm-none-eabi/lib/thumb/v6-m/nofp/libg_nano.a(libc_a-memcmp.o)
                              .build/obj_lily58_rev1_shanec80/quantum/action_util.o (memcmp)
/usr/lib/gcc/arm-none-eabi/14.1.0/../../../../arm-none-eabi/lib/thumb/v6-m/nofp/libg_nano.a(libc_a-memmove.o)
                              .build/obj_lily58_rev1_shanec80/oled_driver.o (memmove)
/usr/lib/gcc/arm-none-eabi/14.1.0/../../../../arm-none-eabi/lib/thumb/v6-m/nofp/libg_nano.a(libc_a-memset.o)
[...]
Memory Configuration

Name             Origin             Length             Attributes
flash0           0x00000000         0x00004000         xr
flash1           0x10000000         0x00200000         xr
flash2           0x00000000         0x00000000         xr
flash3           0x00000000         0x00000000         xr
flash4           0x00000000         0x00000000         xr
flash5           0x00000000         0x00000000         xr
flash6           0x00000000         0x00000000         xr
flash7           0x00000000         0x00000000         xr
ram0             0x20000000         0x00040000         xw
ram1             0x00000000         0x00040000         xw
ram2             0x00000000         0x00000000         xw
ram3             0x00000000         0x00000000         xw
ram4             0x20040000         0x00001000         xw
ram5             0x20041000         0x00001000         xw
ram6             0x00000000         0x00000000         xw
ram7             0x20041f00         0x00000100         xw
*default*        0x00000000         0xffffffff

Linker script and memory map

LOAD .build/obj_lily58_rev1_shanec80/./lib/rgb_state_reader.o
LOAD .build/obj_lily58_rev1_shanec80/./lib/layer_state_reader.o
LOAD .build/obj_lily58_rev1_shanec80/./lib/logo_reader.o
LOAD .build/obj_lily58_rev1_shanec80/.build/obj_lily58_rev1_shanec80/src/default_keyboard.o
LOAD .build/obj_lily58_rev1_shanec80/quantum/keymap_introspection.o
LOAD .build/obj_lily58_rev1_shanec80/quantum/quantum.o
LOAD .build/obj_lily58_rev1_shanec80/quantum/bitwise.o
LOAD .build/obj_lily58_rev1_shanec80/quantum/led.o
LOAD .build/obj_lily58_rev1_shanec80/quantum/action.o
LOAD .build/obj_lily58_rev1_shanec80/quantum/action_layer.o
LOAD .build/obj_lily58_rev1_shanec80/quantum/action_tapping.o
LOAD .build/obj_lily58_rev1_shanec80/quantum/action_util.o
LOAD .build/obj_lily58_rev1_shanec80/quantum/eeconfig.o
LOAD .build/obj_lily58_rev1_shanec80/quantum/keyboard.o
LOAD .build/obj_lily58_rev1_shanec80/quantum/keymap_common.o
LOAD .build/obj_lily58_rev1_shanec80/quantum/keycode_config.o
LOAD .build/obj_lily58_rev1_shanec80/quantum/sync_timer.o
LOAD .build/obj_lily58_rev1_shanec80/quantum/logging/debug.o
LOAD .build/obj_lily58_rev1_shanec80/quantum/logging/sendchar.o
LOAD .build/obj_lily58_rev1_shanec80/quantum/logging/print.o
LOAD .build/obj_lily58_rev1_shanec80/quantum/matrix_common.o
LOAD .build/obj_lily58_rev1_shanec80/quantum/matrix.o
LOAD .build/obj_lily58_rev1_shanec80/quantum/debounce/sym_defer_g.o
LOAD .build/obj_lily58_rev1_shanec80/quantum/split_common/split_util.o
LOAD .build/obj_lily58_rev1_shanec80/quantum/split_common/transport.o
LOAD .build/obj_lily58_rev1_shanec80/quantum/split_common/transactions.o
LOAD .build/obj_lily58_rev1_shanec80/quantum/main.o
LOAD .build/obj_lily58_rev1_shanec80/printf.o
LOAD .build/obj_lily58_rev1_shanec80/eeprom_driver.o
LOAD .build/obj_lily58_rev1_shanec80/eeprom_wear_leveling.o
LOAD .build/obj_lily58_rev1_shanec80/wear_leveling.o
LOAD .build/obj_lily58_rev1_shanec80/wear_leveling_rp2040_flash.o
LOAD .build/obj_lily58_rev1_shanec80/qmk_fnv_type_validation.o
LOAD .build/obj_lily58_rev1_shanec80/hash_32a.o
LOAD .build/obj_lily58_rev1_shanec80/hash_64a.o
LOAD .build/obj_lily58_rev1_shanec80/oled_driver.o
LOAD .build/obj_lily58_rev1_shanec80/quantum/bootmagic/bootmagic.o
LOAD .build/obj_lily58_rev1_shanec80/quantum/process_keycode/process_caps_word.o
LOAD .build/obj_lily58_rev1_shanec80/quantum/caps_word.o
LOAD .build/obj_lily58_rev1_shanec80/quantum/process_keycode/process_combo.o
LOAD .build/obj_lily58_rev1_shanec80/quantum/crc.o
LOAD .build/obj_lily58_rev1_shanec80/quantum/process_keycode/process_grave_esc.o
LOAD .build/obj_lily58_rev1_shanec80/quantum/process_keycode/process_magic.o
LOAD .build/obj_lily58_rev1_shanec80/quantum/mousekey.o
LOAD .build/obj_lily58_rev1_shanec80/quantum/send_string/send_string.o
LOAD .build/obj_lily58_rev1_shanec80/quantum/process_keycode/process_space_cadet.o
LOAD .build/obj_lily58_rev1_shanec80/quantum/wpm.o
LOAD .build/obj_lily58_rev1_shanec80/protocol/host.o
LOAD .build/obj_lily58_rev1_shanec80/protocol/report.o
LOAD .build/obj_lily58_rev1_shanec80/protocol/usb_device_state.o
LOAD .build/obj_lily58_rev1_shanec80/protocol/usb_util.o
LOAD .build/obj_lily58_rev1_shanec80/platforms/suspend.o
LOAD .build/obj_lily58_rev1_shanec80/platforms/synchronization_util.o
LOAD .build/obj_lily58_rev1_shanec80/platforms/timer.o
LOAD .build/obj_lily58_rev1_shanec80/platforms/chibios/hardware_id.o
LOAD .build/obj_lily58_rev1_shanec80/platforms/chibios/platform.o
LOAD .build/obj_lily58_rev1_shanec80/platforms/chibios/suspend.o
LOAD .build/obj_lily58_rev1_shanec80/platforms/chibios/timer.o
LOAD .build/obj_lily58_rev1_shanec80/platforms/chibios/bootloaders/rp2040.o
LOAD .build/obj_lily58_rev1_shanec80/serial_protocol.a
LOAD .build/obj_lily58_rev1_shanec80/serial_vendor.a
LOAD .build/obj_lily58_rev1_shanec80/i2c_master.a
LOAD .build/obj_lily58_rev1_shanec80/./lib/chibios/os/common/startup/ARMCMx/compilers/GCC/crt0_v6m.o
LOAD .build/obj_lily58_rev1_shanec80/./lib/chibios/os/common/startup/ARMCMx/compilers/GCC/vectors.o
LOAD .build/obj_lily58_rev1_shanec80/./lib/chibios/os/common/ports/ARMv6-M-RP2/compilers/GCC/chcoreasm.o
LOAD .build/obj_lily58_rev1_shanec80/protocol/chibios/usb_main.o
LOAD .build/obj_lily58_rev1_shanec80/protocol/chibios/chibios.o
LOAD .build/obj_lily58_rev1_shanec80/usb_descriptor.o
LOAD .build/obj_lily58_rev1_shanec80/protocol/chibios/usb_driver.o
LOAD .build/obj_lily58_rev1_shanec80/protocol/chibios/usb_util.o
LOAD .build/obj_lily58_rev1_shanec80/./lib/chibios/os/oslib/src/chmboxes.o
LOAD .build/obj_lily58_rev1_shanec80/./lib/chibios/os/oslib/src/chmemcore.o
LOAD .build/obj_lily58_rev1_shanec80/./lib/chibios/os/oslib/src/chmemheaps.o
LOAD .build/obj_lily58_rev1_shanec80/./lib/chibios/os/oslib/src/chmempools.o
LOAD .build/obj_lily58_rev1_shanec80/./lib/chibios/os/oslib/src/chpipes.o
LOAD .build/obj_lily58_rev1_shanec80/./lib/chibios/os/oslib/src/chobjcaches.o
LOAD .build/obj_lily58_rev1_shanec80/./lib/chibios/os/oslib/src/chdelegates.o
LOAD .build/obj_lily58_rev1_shanec80/./lib/chibios/os/oslib/src/chfactory.o
LOAD .build/obj_lily58_rev1_shanec80/lib/chibios/os/common/startup/ARMCMx/compilers/GCC/crt1.o
LOAD .build/obj_lily58_rev1_shanec80/lib/chibios/os/rt/src/chsys.o
LOAD .build/obj_lily58_rev1_shanec80/lib/chibios/os/rt/src/chrfcu.o
LOAD .build/obj_lily58_rev1_shanec80/lib/chibios/os/rt/src/chdebug.o
LOAD .build/obj_lily58_rev1_shanec80/lib/chibios/os/rt/src/chtrace.o
LOAD .build/obj_lily58_rev1_shanec80/lib/chibios/os/rt/src/chvt.o
LOAD .build/obj_lily58_rev1_shanec80/lib/chibios/os/rt/src/chschd.o
LOAD .build/obj_lily58_rev1_shanec80/lib/chibios/os/rt/src/chinstances.o
LOAD .build/obj_lily58_rev1_shanec80/lib/chibios/os/rt/src/chthreads.o
LOAD .build/obj_lily58_rev1_shanec80/lib/chibios/os/rt/src/chtm.o
LOAD .build/obj_lily58_rev1_shanec80/lib/chibios/os/rt/src/chstats.o
LOAD .build/obj_lily58_rev1_shanec80/lib/chibios/os/rt/src/chregistry.o
LOAD .build/obj_lily58_rev1_shanec80/lib/chibios/os/rt/src/chsem.o
LOAD .build/obj_lily58_rev1_shanec80/lib/chibios/os/rt/src/chmtx.o
LOAD .build/obj_lily58_rev1_shanec80/lib/chibios/os/rt/src/chcond.o
LOAD .build/obj_lily58_rev1_shanec80/lib/chibios/os/rt/src/chevents.o
LOAD .build/obj_lily58_rev1_shanec80/lib/chibios/os/rt/src/chmsg.o
LOAD .build/obj_lily58_rev1_shanec80/lib/chibios/os/rt/src/chdynamic.o
LOAD .build/obj_lily58_rev1_shanec80/lib/chibios/os/common/ports/ARMv6-M-RP2/chcore.o
LOAD .build/obj_lily58_rev1_shanec80/lib/chibios/os/hal/osal/rt-nil/osal.o
LOAD .build/obj_lily58_rev1_shanec80/lib/chibios/os/hal/src/hal.o
LOAD .build/obj_lily58_rev1_shanec80/lib/chibios/os/hal/src/hal_st.o
LOAD .build/obj_lily58_rev1_shanec80/lib/chibios/os/hal/src/hal_buffers.o
LOAD .build/obj_lily58_rev1_shanec80/lib/chibios/os/hal/src/hal_queues.o
LOAD .build/obj_lily58_rev1_shanec80/lib/chibios/os/hal/src/hal_flash.o
LOAD .build/obj_lily58_rev1_shanec80/lib/chibios/os/hal/src/hal_mmcsd.o
LOAD .build/obj_lily58_rev1_shanec80/lib/chibios/os/hal/src/hal_adc.o
LOAD .build/obj_lily58_rev1_shanec80/lib/chibios/os/hal/src/hal_can.o
LOAD .build/obj_lily58_rev1_shanec80/lib/chibios/os/hal/src/hal_crypto.o
LOAD .build/obj_lily58_rev1_shanec80/lib/chibios/os/hal/src/hal_dac.o
LOAD .build/obj_lily58_rev1_shanec80/lib/chibios/os/hal/src/hal_efl.o
LOAD .build/obj_lily58_rev1_shanec80/lib/chibios/os/hal/src/hal_gpt.o
LOAD .build/obj_lily58_rev1_shanec80/lib/chibios/os/hal/src/hal_i2c.o
LOAD .build/obj_lily58_rev1_shanec80/lib/chibios/os/hal/src/hal_i2s.o
LOAD .build/obj_lily58_rev1_shanec80/lib/chibios/os/hal/src/hal_icu.o
LOAD .build/obj_lily58_rev1_shanec80/lib/chibios/os/hal/src/hal_mac.o
LOAD .build/obj_lily58_rev1_shanec80/lib/chibios/os/hal/src/hal_mmc_spi.o
LOAD .build/obj_lily58_rev1_shanec80/lib/chibios/os/hal/src/hal_pal.o
LOAD .build/obj_lily58_rev1_shanec80/lib/chibios/os/hal/src/hal_pwm.o
LOAD .build/obj_lily58_rev1_shanec80/lib/chibios/os/hal/src/hal_rtc.o
LOAD .build/obj_lily58_rev1_shanec80/lib/chibios/os/hal/src/hal_sdc.o
LOAD .build/obj_lily58_rev1_shanec80/lib/chibios/os/hal/src/hal_serial.o
LOAD .build/obj_lily58_rev1_shanec80/lib/chibios/os/hal/src/hal_serial_usb.o
LOAD .build/obj_lily58_rev1_shanec80/lib/chibios/os/hal/src/hal_sio.o
LOAD .build/obj_lily58_rev1_shanec80/lib/chibios/os/hal/src/hal_spi.o
LOAD .build/obj_lily58_rev1_shanec80/lib/chibios/os/hal/src/hal_trng.o
LOAD .build/obj_lily58_rev1_shanec80/lib/chibios/os/hal/src/hal_uart.o
LOAD .build/obj_lily58_rev1_shanec80/lib/chibios/os/hal/src/hal_usb.o
LOAD .build/obj_lily58_rev1_shanec80/lib/chibios/os/hal/src/hal_wdg.o
LOAD .build/obj_lily58_rev1_shanec80/lib/chibios/os/hal/src/hal_wspi.o
LOAD .build/obj_lily58_rev1_shanec80/lib/chibios/os/hal/ports/common/ARMCMx/nvic.o
LOAD .build/obj_lily58_rev1_shanec80/lib/chibios/os/hal/ports/RP/RP2040/rp_isr.o
LOAD .build/obj_lily58_rev1_shanec80/lib/chibios/os/hal/ports/RP/RP2040/hal_lld.o
LOAD .build/obj_lily58_rev1_shanec80/lib/chibios/os/hal/ports/RP/LLD/DMAv1/rp_dma.o
LOAD .build/obj_lily58_rev1_shanec80/lib/chibios/os/hal/ports/RP/LLD/GPIOv1/hal_pal_lld.o
LOAD .build/obj_lily58_rev1_shanec80/lib/chibios/os/hal/ports/RP/LLD/SPIv1/hal_spi_lld.o
LOAD .build/obj_lily58_rev1_shanec80/lib/chibios/os/hal/ports/RP/LLD/TIMERv1/hal_st_lld.o
LOAD .build/obj_lily58_rev1_shanec80/lib/chibios/os/hal/ports/RP/LLD/UARTv1/hal_sio_lld.o
LOAD .build/obj_lily58_rev1_shanec80/lib/chibios/os/hal/ports/RP/LLD/RTCv1/hal_rtc_lld.o
LOAD .build/obj_lily58_rev1_shanec80/lib/chibios/os/hal/ports/RP/LLD/WDGv1/hal_wdg_lld.o
LOAD .build/obj_lily58_rev1_shanec80/lib/chibios-contrib/os/hal/ports/RP/LLD/I2Cv1/hal_i2c_lld.o
LOAD .build/obj_lily58_rev1_shanec80/lib/chibios-contrib/os/hal/ports/RP/LLD/PWMv1/hal_pwm_lld.o
LOAD .build/obj_lily58_rev1_shanec80/lib/chibios-contrib/os/hal/ports/RP/LLD/ADCv1/hal_adc_lld.o
LOAD .build/obj_lily58_rev1_shanec80/lib/chibios-contrib/os/hal/ports/RP/LLD/USBDv1/hal_usb_lld.o
LOAD .build/obj_lily58_rev1_shanec80/lib/chibios/os/hal/boards/RP_PICO_RP2040/board.o
LOAD .build/obj_lily58_rev1_shanec80/lib/chibios/os/hal/lib/streams/chprintf.o
LOAD .build/obj_lily58_rev1_shanec80/lib/chibios/os/hal/lib/streams/chscanf.o
LOAD .build/obj_lily58_rev1_shanec80/lib/chibios/os/hal/lib/streams/memstreams.o
LOAD .build/obj_lily58_rev1_shanec80/lib/chibios/os/hal/lib/streams/nullstreams.o
LOAD .build/obj_lily58_rev1_shanec80/lib/chibios/os/hal/lib/streams/bufstreams.o
LOAD .build/obj_lily58_rev1_shanec80/lib/chibios/os/various/syscalls.o
LOAD .build/obj_lily58_rev1_shanec80/platforms/chibios/syscall-fallbacks.o
LOAD .build/obj_lily58_rev1_shanec80/platforms/chibios/wait.o
LOAD .build/obj_lily58_rev1_shanec80/platforms/chibios/synchronization_util.o
LOAD .build/obj_lily58_rev1_shanec80/platforms/chibios/interrupt_handlers.o
LOAD .build/obj_lily58_rev1_shanec80/./lib/pico-sdk/src/rp2_common/hardware_clocks/clocks.o
LOAD .build/obj_lily58_rev1_shanec80/./lib/pico-sdk/src/rp2_common/hardware_pll/pll.o
LOAD .build/obj_lily58_rev1_shanec80/./lib/pico-sdk/src/rp2_common/hardware_pio/pio.o
LOAD .build/obj_lily58_rev1_shanec80/./lib/pico-sdk/src/rp2_common/hardware_timer/timer.o
LOAD .build/obj_lily58_rev1_shanec80/./lib/pico-sdk/src/rp2_common/hardware_flash/flash.o
LOAD .build/obj_lily58_rev1_shanec80/./lib/pico-sdk/src/rp2_common/hardware_gpio/gpio.o
LOAD .build/obj_lily58_rev1_shanec80/./lib/pico-sdk/src/rp2_common/hardware_claim/claim.o
LOAD .build/obj_lily58_rev1_shanec80/./lib/pico-sdk/src/rp2_common/hardware_watchdog/watchdog.o
LOAD .build/obj_lily58_rev1_shanec80/./lib/pico-sdk/src/rp2_common/hardware_xosc/xosc.o
LOAD .build/obj_lily58_rev1_shanec80/./lib/pico-sdk/src/rp2_common/pico_bootrom/bootrom.o
LOAD .build/obj_lily58_rev1_shanec80/platforms/chibios/vendors/RP/stage2_bootloaders.o
LOAD .build/obj_lily58_rev1_shanec80/platforms/chibios/vendors/RP/pico_sdk_shims.o
LOAD .build/obj_lily58_rev1_shanec80/./lib/pico-sdk/src/rp2_common/pico_divider/divider.o
LOAD .build/obj_lily58_rev1_shanec80/./lib/pico-sdk/src/rp2_common/pico_int64_ops/pico_int64_ops_aeabi.o
                0x00000800                        __process_stack_size__ = 0x800
                0x00000400                        __main_stack_size__ = 0x400
LOAD /usr/lib/gcc/arm-none-eabi/14.1.0/../../../../arm-none-eabi/lib/thumb/v6-m/nofp/libm.a
START GROUP
LOAD /usr/lib/gcc/arm-none-eabi/14.1.0/thumb/v6-m/nofp/libgcc.a
LOAD /usr/lib/gcc/arm-none-eabi/14.1.0/../../../../arm-none-eabi/lib/thumb/v6-m/nofp/libg_nano.a
LOAD /usr/lib/gcc/arm-none-eabi/14.1.0/../../../../arm-none-eabi/lib/thumb/v6-m/nofp/libc_nano.a
END GROUP
START GROUP
LOAD /usr/lib/gcc/arm-none-eabi/14.1.0/thumb/v6-m/nofp/libgcc.a
LOAD /usr/lib/gcc/arm-none-eabi/14.1.0/../../../../arm-none-eabi/lib/thumb/v6-m/nofp/libc_nano.a
END GROUP

.flash_begin    0x10000000        0x0
                0x10000000                        __flash_binary_start = .

.boot2          0x10000000      0x100
                0x10000000                        __boot2_start__ = .
 *(.boot2)
 .boot2         0x10000000      0x100 .build/obj_lily58_rev1_shanec80/platforms/chibios/vendors/RP/stage2_bootloaders.o
                0x10000000                BOOT2_ROM
                0x10000100                        __boot2_end__ = .

.mstack         0x20040000      0x400
                0x20040000                        . = ALIGN (0x8)
                0x20040000                        __main_stack_base__ = .
                0x20040400                        . = (. + __main_stack_size__)
 *fill*         0x20040000      0x400 
                0x20040400                        . = ALIGN (0x8)
                0x20040400                        __main_stack_end__ = .

.pstack         0x20040400      0x800
                0x20040400                        . = ALIGN (0x8)
                0x20040400                        __process_stack_base__ = .
                0x20040400                        __main_thread_stack_base__ = .
                0x20040c00                        . = (. + __process_stack_size__)
 *fill*         0x20040400      0x800 
                0x20040c00                        . = ALIGN (0x8)
                0x20040c00                        __process_stack_end__ = .
                0x20040c00                        __main_thread_stack_end__ = .
                0x00000400                        __c1_main_stack_size__ = __main_stack_size__
                0x00000800                        __c1_process_stack_size__ = __process_stack_size__

.c1_mstack      0x20041000      0x400
                0x20041000                        . = ALIGN (0x8)
                0x20041000                        __c1_main_stack_base__ = .
                0x20041400                        . = (. + __c1_main_stack_size__)
 *fill*         0x20041000      0x400 
                0x20041400                        . = ALIGN (0x8)
                0x20041400                        __c1_main_stack_end__ = .

.c1_pstack      0x20041400      0x800
                0x20041400                        . = ALIGN (0x8)
                0x20041400                        __c1_process_stack_base__ = .
                0x20041400                        __c1_main_thread_stack_base__ = .
                0x20041c00                        . = (. + __c1_process_stack_size__)
 *fill*         0x20041400      0x800 
                0x20041c00                        . = ALIGN (0x8)
                0x20041c00                        __c1_process_stack_end__ = .
                0x20041c00                        __c1_main_thread_stack_end__ = .

.vectors        0x10000100       0xc0
                0x10000100                        __textvectors_base__ = LOADADDR (.vectors)
                0x10000100                        __vectors_base__ = .
 *(.vectors)
 .vectors       0x10000100       0xc0 .build/obj_lily58_rev1_shanec80/./lib/chibios/os/common/startup/ARMCMx/compilers/GCC/vectors.o
                0x10000100                _vectors
                0x100001c0                        __vectors_end__ = .

.xtors          0x100001c0        0x0
                0x100001c0                        __init_array_base__ = .
 *(SORT_BY_NAME(.init_array.*))
 *(.init_array)
                0x100001c0                        __init_array_end__ = .
                0x100001c0                        __fini_array_base__ = .
 *(.fini_array)
 *(SORT_BY_NAME(.fini_array.*))
                0x100001c0                        __fini_array_end__ = .

.text           0x100001c0     0x9cf8
                0x100001c0                        __text_base__ = .
 *(.text)
 .text          0x100001c0      0x104 .build/obj_lily58_rev1_shanec80/./lib/chibios/os/common/startup/ARMCMx/compilers/GCC/crt0_v6m.o
                0x100001c0                _crt0_entry
 .text          0x100002c4        0x8 .build/obj_lily58_rev1_shanec80/./lib/chibios/os/common/startup/ARMCMx/compilers/GCC/vectors.o
                0x100002c4                Reset_Handler
                0x100002c6                Vector58
                0x100002c6                Vector9C
                0x100002c6                VectorAC
                0x100002c6                DebugMon_Handler
                0x100002c6                HardFault_Handler
                0x100002c6                Vector8C
                0x100002c6                SysTick_Handler
                0x100002c6                PendSV_Handler
                0x100002c6                Vector94
                0x100002c6                VectorA8
                0x100002c6                VectorB4
                0x100002c6                Vector74
                0x100002c6                UsageFault_Handler
                0x100002c6                VectorBC
                0x100002c6                Vector64
                0x100002c6                Vector24
                0x100002c6                Vector84
                0x100002c6                SecureFault_Handler
                0x100002c6                MemManage_Handler
                0x100002c6                SVC_Handler
                0x100002c6                VectorB0
                0x100002c6                Vector90
                0x100002c6                Vector60
                0x100002c6                Vector68
                0x100002c6                Vector78
                0x100002c6                Vector88
                0x100002c6                BusFault_Handler
                0x100002c6                Vector50
                0x100002c6                Vector28
                0x100002c6                VectorB8
                0x100002c6                Vector34
                0x100002c6                VectorA4
                0x100002c6                Vector20
                0x100002ca                _unhandled_exception
 .text          0x100002cc       0x48 .build/obj_lily58_rev1_shanec80/./lib/chibios/os/common/ports/ARMv6-M-RP2/compilers/GCC/chcoreasm.o
                0x100002cc                __port_switch
                0x100002ec                __port_thread_start
                0x100002fe                __port_switch_from_isr
                0x10000302                __port_exit_from_isr
 .text          0x10000314       0x14 /usr/lib/gcc/arm-none-eabi/14.1.0/thumb/v6-m/nofp/libgcc.a(_thumb1_case_sqi.o)
                0x10000314                __gnu_thumb1_case_sqi
 .text          0x10000328       0x14 /usr/lib/gcc/arm-none-eabi/14.1.0/thumb/v6-m/nofp/libgcc.a(_thumb1_case_uqi.o)
                0x10000328                __gnu_thumb1_case_uqi
 .text          0x1000033c       0x14 /usr/lib/gcc/arm-none-eabi/14.1.0/thumb/v6-m/nofp/libgcc.a(_thumb1_case_uhi.o)
                0x1000033c                __gnu_thumb1_case_uhi
 .text          0x10000350        0x4 /usr/lib/gcc/arm-none-eabi/14.1.0/thumb/v6-m/nofp/libgcc.a(_dvmd_tls.o)
                0x10000350                __aeabi_ldiv0
                0x10000350                __aeabi_idiv0
 .text          0x10000354       0x40 /usr/lib/gcc/arm-none-eabi/14.1.0/thumb/v6-m/nofp/libgcc.a(_ctzsi2.o)
                0x10000354                __ctzsi2
 .text          0x10000394       0x74 /usr/lib/gcc/arm-none-eabi/14.1.0/thumb/v6-m/nofp/libgcc.a(_arm_cmpsf2.o)
                0x10000394                __aeabi_cfrcmple
                0x1000039c                __aeabi_cfcmple
                0x1000039c                __aeabi_cfcmpeq
                0x100003ac                __aeabi_fcmpeq
                0x100003b8                __aeabi_fcmplt
                0x100003cc                __aeabi_fcmple
                0x100003e0                __aeabi_fcmpgt
                0x100003f4                __aeabi_fcmpge
 .text          0x10000408       0x3c /usr/lib/gcc/arm-none-eabi/14.1.0/thumb/v6-m/nofp/libgcc.a(_clzsi2.o)
                0x10000408                __clzsi2
 .text          0x10000444        0xe /usr/lib/gcc/arm-none-eabi/14.1.0/../../../../arm-none-eabi/lib/thumb/v6-m/nofp/libg_nano.a(libc_a-strlen.o)
                0x10000444                strlen
 *(.text.*)
 *fill*         0x10000452        0x2 
 .text.caps_word_press_user
                0x10000454       0x48 .build/obj_lily58_rev1_shanec80/quantum/keymap_introspection.o
                0x10000454                caps_word_press_user
 .text.oled_init_user
                0x1000049c        0x4 .build/obj_lily58_rev1_shanec80/quantum/keymap_introspection.o
                0x1000049c                oled_init_user
 .text.oled_task_user
                0x100004a0      0x230 .build/obj_lily58_rev1_shanec80/quantum/keymap_introspection.o
                0x100004a0                oled_task_user
 .text.process_record_user
                0x100006d0      0x1b8 .build/obj_lily58_rev1_shanec80/quantum/keymap_introspection.o
                0x100006d0                process_record_user
 .text.keycode_at_keymap_location_raw
                0x10000888       0x2c .build/obj_lily58_rev1_shanec80/quantum/keymap_introspection.o
                0x10000888                keycode_at_keymap_location_raw
 .text.keycode_at_keymap_location
                0x100008b4        0x8 .build/obj_lily58_rev1_shanec80/quantum/keymap_introspection.o
                0x100008b4                keycode_at_keymap_location
 .text.combo_count
                0x100008bc        0x4 .build/obj_lily58_rev1_shanec80/quantum/keymap_introspection.o
                0x100008bc                combo_count
 .text.combo_get
                0x100008c0       0x10 .build/obj_lily58_rev1_shanec80/quantum/keymap_introspection.o
                0x100008c0                combo_get
 .text.pre_process_record_user
                0x100008d0        0x4 .build/obj_lily58_rev1_shanec80/quantum/quantum.o
                0x100008d0                pre_process_record_user
 .text.pre_process_record_kb
                0x100008d4        0x8 .build/obj_lily58_rev1_shanec80/quantum/quantum.o
                0x100008d4                pre_process_record_kb
 .text.process_action_kb
                0x100008dc        0x4 .build/obj_lily58_rev1_shanec80/quantum/quantum.o
                0x100008dc                process_action_kb
 .text.process_record_kb
                0x100008e0        0x8 .build/obj_lily58_rev1_shanec80/quantum/quantum.o
                0x100008e0                process_record_kb
 .text.post_process_record_user
                0x100008e8        0x2 .build/obj_lily58_rev1_shanec80/quantum/quantum.o
                0x100008e8                post_process_record_user
 .text.post_process_record_kb
                0x100008ea        0x8 .build/obj_lily58_rev1_shanec80/quantum/quantum.o
                0x100008ea                post_process_record_kb
 *fill*         0x100008f2        0x2 
 .text.get_event_keycode
                0x100008f4       0x4c .build/obj_lily58_rev1_shanec80/quantum/quantum.o
                0x100008f4                get_event_keycode
 .text.get_record_keycode
                0x10000940       0x1c .build/obj_lily58_rev1_shanec80/quantum/quantum.o
                0x10000940                get_record_keycode
 .text.pre_process_record_quantum
                0x1000095c       0x20 .build/obj_lily58_rev1_shanec80/quantum/quantum.o
                0x1000095c                pre_process_record_quantum
 .text.post_process_record_quantum
                0x1000097c       0x12 .build/obj_lily58_rev1_shanec80/quantum/quantum.o
                0x1000097c                post_process_record_quantum
 .text.shutdown_user
                0x1000098e        0x4 .build/obj_lily58_rev1_shanec80/quantum/quantum.o
                0x1000098e                shutdown_user
 .text.shutdown_kb
                0x10000992        0x8 .build/obj_lily58_rev1_shanec80/quantum/quantum.o
                0x10000992                shutdown_kb
 *fill*         0x1000099a        0x2 
 .text.shutdown_quantum
                0x1000099c       0x1c .build/obj_lily58_rev1_shanec80/quantum/quantum.o
                0x1000099c                shutdown_quantum
 .text.reset_keyboard
                0x100009b8        0xe .build/obj_lily58_rev1_shanec80/quantum/quantum.o
                0x100009b8                reset_keyboard
 .text.soft_reset_keyboard
                0x100009c6        0xe .build/obj_lily58_rev1_shanec80/quantum/quantum.o
                0x100009c6                soft_reset_keyboard
 .text.process_record_quantum
                0x100009d4       0xf4 .build/obj_lily58_rev1_shanec80/quantum/quantum.o
                0x100009d4                process_record_quantum
 .text.suspend_power_down_quantum
                0x10000ac8       0x10 .build/obj_lily58_rev1_shanec80/quantum/quantum.o
                0x10000ac8                suspend_power_down_quantum
 .text.suspend_wakeup_init_quantum
                0x10000ad8        0xc .build/obj_lily58_rev1_shanec80/quantum/quantum.o
                0x10000ad8                suspend_wakeup_init_quantum
 .text.biton16  0x10000ae4       0x26 .build/obj_lily58_rev1_shanec80/quantum/bitwise.o
                0x10000ae4                biton16
 .text.bitrev   0x10000b0a       0x26 .build/obj_lily58_rev1_shanec80/quantum/bitwise.o
                0x10000b0a                bitrev
 .text.last_led_activity_elapsed
                0x10000b30       0x10 .build/obj_lily58_rev1_shanec80/quantum/led.o
                0x10000b30                last_led_activity_elapsed
 .text.led_set_user
                0x10000b40        0x2 .build/obj_lily58_rev1_shanec80/quantum/led.o
                0x10000b40                led_set_user
 .text.led_update_user
                0x10000b42        0x4 .build/obj_lily58_rev1_shanec80/quantum/led.o
                0x10000b42                led_update_user
 .text.led_update_ports
                0x10000b46        0x2 .build/obj_lily58_rev1_shanec80/quantum/led.o
                0x10000b46                led_update_ports
 .text.led_update_kb
                0x10000b48       0x16 .build/obj_lily58_rev1_shanec80/quantum/led.o
                0x10000b48                led_update_kb
 .text.led_init_ports
                0x10000b5e        0x2 .build/obj_lily58_rev1_shanec80/quantum/led.o
                0x10000b5e                led_init_ports
 .text.led_set  0x10000b60       0x10 .build/obj_lily58_rev1_shanec80/quantum/led.o
                0x10000b60                led_set
 .text.led_suspend
                0x10000b70        0xa .build/obj_lily58_rev1_shanec80/quantum/led.o
                0x10000b70                led_suspend
 .text.led_wakeup
                0x10000b7a        0xc .build/obj_lily58_rev1_shanec80/quantum/led.o
                0x10000b7a                led_wakeup
 *fill*         0x10000b86        0x2 
 .text.led_task
                0x10000b88       0x48 .build/obj_lily58_rev1_shanec80/quantum/led.o
                0x10000b88                led_task
 .text.action_exec
                0x10000bd0       0x4c .build/obj_lily58_rev1_shanec80/quantum/action.o
                0x10000bd0                action_exec
 .text.process_record_tap_hint
                0x10000c1c       0x10 .build/obj_lily58_rev1_shanec80/quantum/action.o
                0x10000c1c                process_record_tap_hint
 .text.register_mouse
                0x10000c2c       0x16 .build/obj_lily58_rev1_shanec80/quantum/action.o
                0x10000c2c                register_mouse
 *fill*         0x10000c42        0x2 
 .text.register_code
                0x10000c44       0x88 .build/obj_lily58_rev1_shanec80/quantum/action.o
                0x10000c44                register_code
 .text.unregister_code
                0x10000ccc       0x6a .build/obj_lily58_rev1_shanec80/quantum/action.o
                0x10000ccc                unregister_code
 *fill*         0x10000d36        0x2 
 .text.tap_code_delay
                0x10000d38       0x44 .build/obj_lily58_rev1_shanec80/quantum/action.o
                0x10000d38                tap_code_delay
 .text.tap_code
                0x10000d7c       0x10 .build/obj_lily58_rev1_shanec80/quantum/action.o
                0x10000d7c                tap_code
 .text.register_mods
                0x10000d8c       0x10 .build/obj_lily58_rev1_shanec80/quantum/action.o
                0x10000d8c                register_mods
 .text.unregister_mods
                0x10000d9c       0x10 .build/obj_lily58_rev1_shanec80/quantum/action.o
                0x10000d9c                unregister_mods
 .text.process_action
                0x10000dac      0x3c0 .build/obj_lily58_rev1_shanec80/quantum/action.o
                0x10000dac                process_action
 .text.process_record_handler
                0x1000116c       0x2c .build/obj_lily58_rev1_shanec80/quantum/action.o
                0x1000116c                process_record_handler
 .text.process_record
                0x10001198       0x44 .build/obj_lily58_rev1_shanec80/quantum/action.o
                0x10001198                process_record
 .text.unregister_weak_mods
                0x100011dc       0x10 .build/obj_lily58_rev1_shanec80/quantum/action.o
                0x100011dc                unregister_weak_mods
 .text.clear_keyboard_but_mods_and_keys
                0x100011ec       0x20 .build/obj_lily58_rev1_shanec80/quantum/action.o
                0x100011ec                clear_keyboard_but_mods_and_keys
 .text.clear_keyboard_but_mods
                0x1000120c        0xc .build/obj_lily58_rev1_shanec80/quantum/action.o
                0x1000120c                clear_keyboard_but_mods
 .text.clear_keyboard
                0x10001218        0xc .build/obj_lily58_rev1_shanec80/quantum/action.o
                0x10001218                clear_keyboard
 .text.is_tap_action
                0x10001224       0x50 .build/obj_lily58_rev1_shanec80/quantum/action.o
                0x10001224                is_tap_action
 .text.is_tap_record
                0x10001274       0x22 .build/obj_lily58_rev1_shanec80/quantum/action.o
                0x10001274                is_tap_record
 .text.debug_event
                0x10001296        0x6 .build/obj_lily58_rev1_shanec80/quantum/action.o
                0x10001296                debug_event
 .text.debug_record
                0x1000129c        0x6 .build/obj_lily58_rev1_shanec80/quantum/action.o
                0x1000129c                debug_record
 .text.default_layer_state_set_user
                0x100012a2        0x2 .build/obj_lily58_rev1_shanec80/quantum/action_layer.o
                0x100012a2                default_layer_state_set_user
 .text.default_layer_state_set_kb
                0x100012a4        0x8 .build/obj_lily58_rev1_shanec80/quantum/action_layer.o
                0x100012a4                default_layer_state_set_kb
 .text.default_layer_state_set
                0x100012ac       0x10 .build/obj_lily58_rev1_shanec80/quantum/action_layer.o
 .text.default_layer_debug
                0x100012bc        0x2 .build/obj_lily58_rev1_shanec80/quantum/action_layer.o
                0x100012bc                default_layer_debug
 .text.default_layer_set
                0x100012be        0x8 .build/obj_lily58_rev1_shanec80/quantum/action_layer.o
                0x100012be                default_layer_set
 *fill*         0x100012c6        0x2 
 .text.default_layer_or
                0x100012c8       0x14 .build/obj_lily58_rev1_shanec80/quantum/action_layer.o
                0x100012c8                default_layer_or
 .text.default_layer_and
                0x100012dc       0x14 .build/obj_lily58_rev1_shanec80/quantum/action_layer.o
                0x100012dc                default_layer_and
 .text.default_layer_xor
                0x100012f0       0x14 .build/obj_lily58_rev1_shanec80/quantum/action_layer.o
                0x100012f0                default_layer_xor
 .text.layer_state_set_user
                0x10001304        0x2 .build/obj_lily58_rev1_shanec80/quantum/action_layer.o
                0x10001304                layer_state_set_user
 .text.layer_state_set_kb
                0x10001306        0x8 .build/obj_lily58_rev1_shanec80/quantum/action_layer.o
                0x10001306                layer_state_set_kb
 *fill*         0x1000130e        0x2 
 .text.layer_state_set
                0x10001310       0x10 .build/obj_lily58_rev1_shanec80/quantum/action_layer.o
                0x10001310                layer_state_set
 .text.layer_clear
                0x10001320        0xa .build/obj_lily58_rev1_shanec80/quantum/action_layer.o
                0x10001320                layer_clear
 .text.layer_move
                0x1000132a        0xe .build/obj_lily58_rev1_shanec80/quantum/action_layer.o
                0x1000132a                layer_move
 .text.layer_on
                0x10001338       0x18 .build/obj_lily58_rev1_shanec80/quantum/action_layer.o
                0x10001338                layer_on
 .text.layer_off
                0x10001350       0x18 .build/obj_lily58_rev1_shanec80/quantum/action_layer.o
                0x10001350                layer_off
 .text.layer_invert
                0x10001368       0x18 .build/obj_lily58_rev1_shanec80/quantum/action_layer.o
                0x10001368                layer_invert
 .text.layer_or
                0x10001380       0x14 .build/obj_lily58_rev1_shanec80/quantum/action_layer.o
                0x10001380                layer_or
 .text.layer_and
                0x10001394       0x14 .build/obj_lily58_rev1_shanec80/quantum/action_layer.o
                0x10001394                layer_and
 .text.layer_xor
                0x100013a8       0x14 .build/obj_lily58_rev1_shanec80/quantum/action_layer.o
                0x100013a8                layer_xor
 .text.layer_debug
                0x100013bc        0x2 .build/obj_lily58_rev1_shanec80/quantum/action_layer.o
                0x100013bc                layer_debug
 .text.update_source_layers_cache_impl
                0x100013be       0x30 .build/obj_lily58_rev1_shanec80/quantum/action_layer.o
                0x100013be                update_source_layers_cache_impl
 .text.read_source_layers_cache_impl
                0x100013ee       0x26 .build/obj_lily58_rev1_shanec80/quantum/action_layer.o
                0x100013ee                read_source_layers_cache_impl
 .text.update_source_layers_cache
                0x10001414       0x28 .build/obj_lily58_rev1_shanec80/quantum/action_layer.o
                0x10001414                update_source_layers_cache
 .text.read_source_layers_cache
                0x1000143c       0x28 .build/obj_lily58_rev1_shanec80/quantum/action_layer.o
                0x1000143c                read_source_layers_cache
 .text.layer_switch_get_layer
                0x10001464       0x44 .build/obj_lily58_rev1_shanec80/quantum/action_layer.o
                0x10001464                layer_switch_get_layer
 .text.layer_switch_get_action
                0x100014a8       0x14 .build/obj_lily58_rev1_shanec80/quantum/action_layer.o
                0x100014a8                layer_switch_get_action
 .text.store_or_get_action
                0x100014bc       0x44 .build/obj_lily58_rev1_shanec80/quantum/action_layer.o
                0x100014bc                store_or_get_action
 .text.debug_waiting_buffer
                0x10001500       0x44 .build/obj_lily58_rev1_shanec80/quantum/action_tapping.o
 .text.debug_tapping_key
                0x10001544       0x20 .build/obj_lily58_rev1_shanec80/quantum/action_tapping.o
 .text.waiting_buffer_scan_tap
                0x10001564       0x84 .build/obj_lily58_rev1_shanec80/quantum/action_tapping.o
 .text.waiting_buffer_typed.isra.0
                0x100015e8       0x4c .build/obj_lily58_rev1_shanec80/quantum/action_tapping.o
 .text.process_tapping
                0x10001634      0x250 .build/obj_lily58_rev1_shanec80/quantum/action_tapping.o
 .text.action_tapping_process
                0x10001884       0xc4 .build/obj_lily58_rev1_shanec80/quantum/action_tapping.o
                0x10001884                action_tapping_process
 .text.get_oneshot_layer
                0x10001948        0xc .build/obj_lily58_rev1_shanec80/quantum/action_util.o
                0x10001948                get_oneshot_layer
 .text.get_oneshot_layer_state
                0x10001954       0x10 .build/obj_lily58_rev1_shanec80/quantum/action_util.o
                0x10001954                get_oneshot_layer_state
 .text.is_oneshot_layer_active
                0x10001964       0x14 .build/obj_lily58_rev1_shanec80/quantum/action_util.o
                0x10001964                is_oneshot_layer_active
 .text.get_mods
                0x10001978        0xc .build/obj_lily58_rev1_shanec80/quantum/action_util.o
                0x10001978                get_mods
 .text.add_mods
                0x10001984       0x10 .build/obj_lily58_rev1_shanec80/quantum/action_util.o
                0x10001984                add_mods
 .text.del_mods
                0x10001994       0x10 .build/obj_lily58_rev1_shanec80/quantum/action_util.o
                0x10001994                del_mods
 .text.clear_mods
                0x100019a4        0xc .build/obj_lily58_rev1_shanec80/quantum/action_util.o
                0x100019a4                clear_mods
 .text.get_weak_mods
                0x100019b0        0xc .build/obj_lily58_rev1_shanec80/quantum/action_util.o
                0x100019b0                get_weak_mods
 .text.add_weak_mods
                0x100019bc       0x10 .build/obj_lily58_rev1_shanec80/quantum/action_util.o
                0x100019bc                add_weak_mods
 .text.del_weak_mods
                0x100019cc       0x10 .build/obj_lily58_rev1_shanec80/quantum/action_util.o
                0x100019cc                del_weak_mods
 .text.set_weak_mods
                0x100019dc        0xc .build/obj_lily58_rev1_shanec80/quantum/action_util.o
                0x100019dc                set_weak_mods
 .text.clear_weak_mods
                0x100019e8        0xc .build/obj_lily58_rev1_shanec80/quantum/action_util.o
                0x100019e8                clear_weak_mods
 .text.get_oneshot_mods
                0x100019f4        0xc .build/obj_lily58_rev1_shanec80/quantum/action_util.o
                0x100019f4                get_oneshot_mods
 .text.oneshot_locked_mods_changed_user
                0x10001a00        0x2 .build/obj_lily58_rev1_shanec80/quantum/action_util.o
                0x10001a00                oneshot_locked_mods_changed_user
 .text.oneshot_locked_mods_changed_kb
                0x10001a02        0x8 .build/obj_lily58_rev1_shanec80/quantum/action_util.o
                0x10001a02                oneshot_locked_mods_changed_kb
 *fill*         0x10001a0a        0x2 
 .text.del_oneshot_locked_mods
                0x10001a0c       0x1c .build/obj_lily58_rev1_shanec80/quantum/action_util.o
                0x10001a0c                del_oneshot_locked_mods
 .text.oneshot_mods_changed_user
                0x10001a28        0x2 .build/obj_lily58_rev1_shanec80/quantum/action_util.o
                0x10001a28                oneshot_mods_changed_user
 .text.oneshot_mods_changed_kb
                0x10001a2a        0x8 .build/obj_lily58_rev1_shanec80/quantum/action_util.o
                0x10001a2a                oneshot_mods_changed_kb
 *fill*         0x10001a32        0x2 
 .text.add_oneshot_mods
                0x10001a34       0x1c .build/obj_lily58_rev1_shanec80/quantum/action_util.o
                0x10001a34                add_oneshot_mods
 .text.del_oneshot_mods
                0x10001a50       0x1c .build/obj_lily58_rev1_shanec80/quantum/action_util.o
                0x10001a50                del_oneshot_mods
 .text.clear_oneshot_mods
                0x10001a6c       0x18 .build/obj_lily58_rev1_shanec80/quantum/action_util.o
                0x10001a6c                clear_oneshot_mods
 .text.get_mods_for_report
                0x10001a84       0x34 .build/obj_lily58_rev1_shanec80/quantum/action_util.o
 .text.send_6kro_report
                0x10001ab8       0x38 .build/obj_lily58_rev1_shanec80/quantum/action_util.o
                0x10001ab8                send_6kro_report
 .text.send_nkro_report
                0x10001af0       0x38 .build/obj_lily58_rev1_shanec80/quantum/action_util.o
                0x10001af0                send_nkro_report
 .text.send_keyboard_report
                0x10001b28       0x28 .build/obj_lily58_rev1_shanec80/quantum/action_util.o
                0x10001b28                send_keyboard_report
 .text.oneshot_layer_changed_user
                0x10001b50        0x2 .build/obj_lily58_rev1_shanec80/quantum/action_util.o
                0x10001b50                oneshot_layer_changed_user
 .text.oneshot_layer_changed_kb
                0x10001b52        0x8 .build/obj_lily58_rev1_shanec80/quantum/action_util.o
                0x10001b52                oneshot_layer_changed_kb
 *fill*         0x10001b5a        0x2 
 .text.set_oneshot_layer
                0x10001b5c       0x30 .build/obj_lily58_rev1_shanec80/quantum/action_util.o
                0x10001b5c                set_oneshot_layer
 .text.reset_oneshot_layer
                0x10001b8c       0x14 .build/obj_lily58_rev1_shanec80/quantum/action_util.o
                0x10001b8c                reset_oneshot_layer
 .text.clear_oneshot_layer_state
                0x10001ba0       0x30 .build/obj_lily58_rev1_shanec80/quantum/action_util.o
                0x10001ba0                clear_oneshot_layer_state
 .text.oneshot_set
                0x10001bd0       0x4c .build/obj_lily58_rev1_shanec80/quantum/action_util.o
                0x10001bd0                oneshot_set
 .text.oneshot_toggle
                0x10001c1c       0x18 .build/obj_lily58_rev1_shanec80/quantum/action_util.o
                0x10001c1c                oneshot_toggle
 .text.oneshot_enable
                0x10001c34        0xa .build/obj_lily58_rev1_shanec80/quantum/action_util.o
                0x10001c34                oneshot_enable
 .text.oneshot_disable
                0x10001c3e        0xa .build/obj_lily58_rev1_shanec80/quantum/action_util.o
                0x10001c3e                oneshot_disable
 .text.eeconfig_disable
                0x10001c48       0x14 .build/obj_lily58_rev1_shanec80/quantum/eeconfig.o
                0x10001c48                eeconfig_disable
 .text.eeconfig_is_enabled
                0x10001c5c       0x18 .build/obj_lily58_rev1_shanec80/quantum/eeconfig.o
                0x10001c5c                eeconfig_is_enabled
 .text.eeconfig_read_debug
                0x10001c74        0xa .build/obj_lily58_rev1_shanec80/quantum/eeconfig.o
                0x10001c74                eeconfig_read_debug
 .text.eeconfig_read_default_layer
                0x10001c7e        0xa .build/obj_lily58_rev1_shanec80/quantum/eeconfig.o
                0x10001c7e                eeconfig_read_default_layer
 .text.eeconfig_read_keymap
                0x10001c88        0xa .build/obj_lily58_rev1_shanec80/quantum/eeconfig.o
                0x10001c88                eeconfig_read_keymap
 .text.eeconfig_update_keymap
                0x10001c92        0xc .build/obj_lily58_rev1_shanec80/quantum/eeconfig.o
                0x10001c92                eeconfig_update_keymap
 .text.eeconfig_update_kb
                0x10001c9e        0xc .build/obj_lily58_rev1_shanec80/quantum/eeconfig.o
                0x10001c9e                eeconfig_update_kb
 .text.eeconfig_update_user
                0x10001caa        0xc .build/obj_lily58_rev1_shanec80/quantum/eeconfig.o
                0x10001caa                eeconfig_update_user
 .text.eeconfig_init_user
                0x10001cb6        0xa .build/obj_lily58_rev1_shanec80/quantum/eeconfig.o
                0x10001cb6                eeconfig_init_user
 .text.eeconfig_init_kb
                0x10001cc0        0xe .build/obj_lily58_rev1_shanec80/quantum/eeconfig.o
                0x10001cc0                eeconfig_init_kb
 *fill*         0x10001cce        0x2 
 .text.eeconfig_init_quantum
                0x10001cd0       0x8c .build/obj_lily58_rev1_shanec80/quantum/eeconfig.o
                0x10001cd0                eeconfig_init_quantum
 .text.eeconfig_init
                0x10001d5c        0x8 .build/obj_lily58_rev1_shanec80/quantum/eeconfig.o
                0x10001d5c                eeconfig_init
 .text.eeconfig_update_handedness
                0x10001d64        0xc .build/obj_lily58_rev1_shanec80/quantum/eeconfig.o
                0x10001d64                eeconfig_update_handedness
 .text.generate_tick_event
                0x10001d70       0x30 .build/obj_lily58_rev1_shanec80/quantum/keyboard.o
 .text.last_input_activity_elapsed
                0x10001da0       0x10 .build/obj_lily58_rev1_shanec80/quantum/keyboard.o
                0x10001da0                last_input_activity_elapsed
 .text.last_matrix_activity_trigger
                0x10001db0       0x18 .build/obj_lily58_rev1_shanec80/quantum/keyboard.o
                0x10001db0                last_matrix_activity_trigger
 .text.matrix_setup
                0x10001dc8        0x2 .build/obj_lily58_rev1_shanec80/quantum/keyboard.o
                0x10001dc8                matrix_setup
 .text.keyboard_pre_init_user
                0x10001dca        0x2 .build/obj_lily58_rev1_shanec80/quantum/keyboard.o
                0x10001dca                keyboard_pre_init_user
 .text.keyboard_pre_init_kb
                0x10001dcc        0x8 .build/obj_lily58_rev1_shanec80/quantum/keyboard.o
                0x10001dcc                keyboard_pre_init_kb
 .text.keyboard_post_init_user
                0x10001dd4        0x2 .build/obj_lily58_rev1_shanec80/quantum/keyboard.o
                0x10001dd4                keyboard_post_init_user
 .text.keyboard_post_init_kb
                0x10001dd6        0x8 .build/obj_lily58_rev1_shanec80/quantum/keyboard.o
                0x10001dd6                keyboard_post_init_kb
 .text.matrix_can_read
                0x10001dde        0x4 .build/obj_lily58_rev1_shanec80/quantum/keyboard.o
                0x10001dde                matrix_can_read
 *fill*         0x10001de2        0x2 
 .text.keyboard_setup
                0x10001de4       0x1c .build/obj_lily58_rev1_shanec80/quantum/keyboard.o
                0x10001de4                keyboard_setup
 .text.should_process_keypress
                0x10001e00        0x8 .build/obj_lily58_rev1_shanec80/quantum/keyboard.o
                0x10001e00                should_process_keypress
 .text.housekeeping_task_kb
                0x10001e08        0x2 .build/obj_lily58_rev1_shanec80/quantum/keyboard.o
                0x10001e08                housekeeping_task_kb
 .text.housekeeping_task_user
                0x10001e0a        0x2 .build/obj_lily58_rev1_shanec80/quantum/keyboard.o
                0x10001e0a                housekeeping_task_user
 .text.housekeeping_task
                0x10001e0c        0xc .build/obj_lily58_rev1_shanec80/quantum/keyboard.o
                0x10001e0c                housekeeping_task
 .text.quantum_init
                0x10001e18       0x40 .build/obj_lily58_rev1_shanec80/quantum/keyboard.o
                0x10001e18                quantum_init
 .text.keyboard_init
                0x10001e58       0x2e .build/obj_lily58_rev1_shanec80/quantum/keyboard.o
                0x10001e58                keyboard_init
 .text.quantum_task
                0x10001e86       0x18 .build/obj_lily58_rev1_shanec80/quantum/keyboard.o
                0x10001e86                quantum_task
 *fill*         0x10001e9e        0x2 
 .text.keyboard_task
                0x10001ea0       0xe0 .build/obj_lily58_rev1_shanec80/quantum/keyboard.o
                0x10001ea0                keyboard_task
 .text.action_for_keycode
                0x10001f80      0x1d4 .build/obj_lily58_rev1_shanec80/quantum/keymap_common.o
                0x10001f80                action_for_keycode
 .text.keymap_key_to_keycode
                0x10002154       0x20 .build/obj_lily58_rev1_shanec80/quantum/keymap_common.o
                0x10002154                keymap_key_to_keycode
 .text.action_for_key
                0x10002174       0x12 .build/obj_lily58_rev1_shanec80/quantum/keymap_common.o
                0x10002174                action_for_key
 *fill*         0x10002186        0x2 
 .text.keycode_config
                0x10002188      0x124 .build/obj_lily58_rev1_shanec80/quantum/keycode_config.o
                0x10002188                keycode_config
 .text.mod_config
                0x100022ac       0x98 .build/obj_lily58_rev1_shanec80/quantum/keycode_config.o
                0x100022ac                mod_config
 .text.sync_timer_init
                0x10002344        0xc .build/obj_lily58_rev1_shanec80/quantum/sync_timer.o
                0x10002344                sync_timer_init
 .text.sync_timer_update
                0x10002350       0x1c .build/obj_lily58_rev1_shanec80/quantum/sync_timer.o
                0x10002350                sync_timer_update
 .text.sync_timer_read32
                0x1000236c       0x20 .build/obj_lily58_rev1_shanec80/quantum/sync_timer.o
                0x1000236c                sync_timer_read32
 .text.sync_timer_elapsed32
                0x1000238c       0x1c .build/obj_lily58_rev1_shanec80/quantum/sync_timer.o
                0x1000238c                sync_timer_elapsed32
 .text.null_sendchar_func
                0x100023a8        0x4 .build/obj_lily58_rev1_shanec80/quantum/logging/print.o
 .text.print_set_sendchar
                0x100023ac        0xc .build/obj_lily58_rev1_shanec80/quantum/logging/print.o
                0x100023ac                print_set_sendchar
 .text.putchar_
                0x100023b8       0x10 .build/obj_lily58_rev1_shanec80/quantum/logging/print.o
                0x100023b8                putchar_
 .text.matrix_init_user
                0x100023c8        0x2 .build/obj_lily58_rev1_shanec80/quantum/matrix_common.o
                0x100023c8                matrix_init_user
 .text.matrix_init_kb
                0x100023ca        0x8 .build/obj_lily58_rev1_shanec80/quantum/matrix_common.o
                0x100023ca                matrix_init_kb
 .text.matrix_scan_user
                0x100023d2        0x2 .build/obj_lily58_rev1_shanec80/quantum/matrix_common.o
                0x100023d2                matrix_scan_user
 .text.matrix_scan_kb
                0x100023d4        0x8 .build/obj_lily58_rev1_shanec80/quantum/matrix_common.o
                0x100023d4                matrix_scan_kb
 .text.matrix_get_row
                0x100023dc        0xc .build/obj_lily58_rev1_shanec80/quantum/matrix_common.o
                0x100023dc                matrix_get_row
 .text.matrix_print
                0x100023e8       0x50 .build/obj_lily58_rev1_shanec80/quantum/matrix_common.o
                0x100023e8                matrix_print
 .text.matrix_io_delay
                0x10002438        0xa .build/obj_lily58_rev1_shanec80/quantum/matrix_common.o
                0x10002438                matrix_io_delay
 *fill*         0x10002442        0x2 
 .text.matrix_output_select_delay
                0x10002444      0x184 .build/obj_lily58_rev1_shanec80/quantum/matrix_common.o
                0x10002444                matrix_output_select_delay
 .text.matrix_output_unselect_delay
                0x100025c8        0x8 .build/obj_lily58_rev1_shanec80/quantum/matrix_common.o
                0x100025c8                matrix_output_unselect_delay
 .text.matrix_slave_scan_user
                0x100025d0        0x2 .build/obj_lily58_rev1_shanec80/quantum/matrix_common.o
                0x100025d0                matrix_slave_scan_user
 .text.matrix_slave_scan_kb
                0x100025d2        0x8 .build/obj_lily58_rev1_shanec80/quantum/matrix_common.o
                0x100025d2                matrix_slave_scan_kb
 *fill*         0x100025da        0x2 
 .text.matrix_post_scan
                0x100025dc       0x90 .build/obj_lily58_rev1_shanec80/quantum/matrix_common.o
                0x100025dc                matrix_post_scan
 .text.setPinInputHigh_atomic
                0x1000266c       0x44 .build/obj_lily58_rev1_shanec80/quantum/matrix.o
 .text.matrix_init_pins
                0x100026b0       0x3c .build/obj_lily58_rev1_shanec80/quantum/matrix.o
                0x100026b0                matrix_init_pins
 .text.matrix_read_cols_on_row
                0x100026ec       0xb8 .build/obj_lily58_rev1_shanec80/quantum/matrix.o
                0x100026ec                matrix_read_cols_on_row
 .text.matrix_init
                0x100027a4       0x58 .build/obj_lily58_rev1_shanec80/quantum/matrix.o
                0x100027a4                matrix_init
 .text.matrix_scan
                0x100027fc       0x70 .build/obj_lily58_rev1_shanec80/quantum/matrix.o
                0x100027fc                matrix_scan
 .text.debounce_init
                0x1000286c        0x2 .build/obj_lily58_rev1_shanec80/quantum/debounce/sym_defer_g.o
                0x1000286c                debounce_init
 *fill*         0x1000286e        0x2 
 .text.debounce
                0x10002870       0x5c .build/obj_lily58_rev1_shanec80/quantum/debounce/sym_defer_g.o
                0x10002870                debounce
 .text.is_keyboard_master_impl
                0x100028cc       0x28 .build/obj_lily58_rev1_shanec80/quantum/split_common/split_util.o
                0x100028cc                is_keyboard_master_impl
 .text.is_keyboard_left
                0x100028f4        0xc .build/obj_lily58_rev1_shanec80/quantum/split_common/split_util.o
                0x100028f4                is_keyboard_left
 .text.is_keyboard_master
                0x10002900        0xc .build/obj_lily58_rev1_shanec80/quantum/split_common/split_util.o
                0x10002900                is_keyboard_master
 .text.is_keyboard_left_impl
                0x1000290c        0x8 .build/obj_lily58_rev1_shanec80/quantum/split_common/split_util.o
                0x1000290c                is_keyboard_left_impl
 .text.split_pre_init
                0x10002914       0x30 .build/obj_lily58_rev1_shanec80/quantum/split_common/split_util.o
                0x10002914                split_pre_init
 .text.split_post_init
                0x10002944       0x10 .build/obj_lily58_rev1_shanec80/quantum/split_common/split_util.o
                0x10002944                split_post_init
 .text.is_transport_connected
                0x10002954       0x14 .build/obj_lily58_rev1_shanec80/quantum/split_common/split_util.o
                0x10002954                is_transport_connected
 .text.transport_master_if_connected
                0x10002968       0x88 .build/obj_lily58_rev1_shanec80/quantum/split_common/split_util.o
                0x10002968                transport_master_if_connected
 .text.transport_master_init
                0x100029f0        0x8 .build/obj_lily58_rev1_shanec80/quantum/split_common/transport.o
                0x100029f0                transport_master_init
 .text.transport_slave_init
                0x100029f8        0x8 .build/obj_lily58_rev1_shanec80/quantum/split_common/transport.o
                0x100029f8                transport_slave_init
 .text.transport_execute_transaction
                0x10002a00       0x6c .build/obj_lily58_rev1_shanec80/quantum/split_common/transport.o
                0x10002a00                transport_execute_transaction
 .text.transport_master
                0x10002a6c        0x8 .build/obj_lily58_rev1_shanec80/quantum/split_common/transport.o
                0x10002a6c                transport_master
 .text.transport_slave
                0x10002a74        0x8 .build/obj_lily58_rev1_shanec80/quantum/split_common/transport.o
                0x10002a74                transport_slave
 .text.transaction_handler_master
                0x10002a7c       0x5c .build/obj_lily58_rev1_shanec80/quantum/split_common/transactions.o
 .text.sync_timer_handlers_master
                0x10002ad8       0x3c .build/obj_lily58_rev1_shanec80/quantum/split_common/transactions.o
 .text.send_if_condition.constprop.0
                0x10002b14       0x34 .build/obj_lily58_rev1_shanec80/quantum/split_common/transactions.o
 .text.led_state_handlers_master
                0x10002b48       0x2c .build/obj_lily58_rev1_shanec80/quantum/split_common/transactions.o
 .text.wpm_handlers_master
                0x10002b74       0x2c .build/obj_lily58_rev1_shanec80/quantum/split_common/transactions.o
 .text.slave_matrix_handlers_master
                0x10002ba0       0xac .build/obj_lily58_rev1_shanec80/quantum/split_common/transactions.o
 .text.transactions_master
                0x10002c4c       0x64 .build/obj_lily58_rev1_shanec80/quantum/split_common/transactions.o
                0x10002c4c                transactions_master
 .text.transactions_slave
                0x10002cb0       0x64 .build/obj_lily58_rev1_shanec80/quantum/split_common/transactions.o
                0x10002cb0                transactions_slave
 .text.protocol_init
                0x10002d14       0x10 .build/obj_lily58_rev1_shanec80/quantum/main.o
                0x10002d14                protocol_init
 .text.protocol_task
                0x10002d24       0x10 .build/obj_lily58_rev1_shanec80/quantum/main.o
                0x10002d24                protocol_task
 .text.startup.main
                0x10002d34       0x1c .build/obj_lily58_rev1_shanec80/quantum/main.o
                0x10002d34                main
 .text.putchar_via_gadget
                0x10002d50       0x24 .build/obj_lily58_rev1_shanec80/printf.o
 .text.out_rev_
                0x10002d74       0x56 .build/obj_lily58_rev1_shanec80/printf.o
 *fill*         0x10002dca        0x2 
 .text.print_integer
                0x10002dcc      0x190 .build/obj_lily58_rev1_shanec80/printf.o
 .text.putchar_wrapper
                0x10002f5c        0x8 .build/obj_lily58_rev1_shanec80/printf.o
 .text.vsnprintf_impl.constprop.0
                0x10002f64      0x398 .build/obj_lily58_rev1_shanec80/printf.o
 .text.vprintf  0x100032fc       0x28 .build/obj_lily58_rev1_shanec80/printf.o
                0x100032fc                vprintf
 .text.printf   0x10003324       0x16 .build/obj_lily58_rev1_shanec80/printf.o
                0x10003324                printf
 .text.eeprom_read_byte
                0x1000333a       0x18 .build/obj_lily58_rev1_shanec80/eeprom_driver.o
                0x1000333a                eeprom_read_byte
 .text.eeprom_read_word
                0x10003352       0x18 .build/obj_lily58_rev1_shanec80/eeprom_driver.o
                0x10003352                eeprom_read_word
 .text.eeprom_read_dword
                0x1000336a       0x14 .build/obj_lily58_rev1_shanec80/eeprom_driver.o
                0x1000336a                eeprom_read_dword
 .text.eeprom_write_byte
                0x1000337e       0x14 .build/obj_lily58_rev1_shanec80/eeprom_driver.o
                0x1000337e                eeprom_write_byte
 .text.eeprom_write_word
                0x10003392       0x14 .build/obj_lily58_rev1_shanec80/eeprom_driver.o
                0x10003392                eeprom_write_word
 .text.eeprom_write_dword
                0x100033a6       0x10 .build/obj_lily58_rev1_shanec80/eeprom_driver.o
                0x100033a6                eeprom_write_dword
 .text.eeprom_update_block
                0x100033b6       0x3a .build/obj_lily58_rev1_shanec80/eeprom_driver.o
                0x100033b6                eeprom_update_block
 .text.eeprom_update_byte
                0x100033f0       0x18 .build/obj_lily58_rev1_shanec80/eeprom_driver.o
                0x100033f0                eeprom_update_byte
 .text.eeprom_update_word
                0x10003408       0x18 .build/obj_lily58_rev1_shanec80/eeprom_driver.o
                0x10003408                eeprom_update_word
 .text.eeprom_update_dword
                0x10003420       0x18 .build/obj_lily58_rev1_shanec80/eeprom_driver.o
                0x10003420                eeprom_update_dword
 .text.eeprom_driver_init
                0x10003438        0x8 .build/obj_lily58_rev1_shanec80/eeprom_wear_leveling.o
                0x10003438                eeprom_driver_init
 .text.eeprom_driver_erase
                0x10003440        0x8 .build/obj_lily58_rev1_shanec80/eeprom_wear_leveling.o
                0x10003440                eeprom_driver_erase
 .text.eeprom_read_block
                0x10003448        0xe .build/obj_lily58_rev1_shanec80/eeprom_wear_leveling.o
                0x10003448                eeprom_read_block
 .text.eeprom_write_block
                0x10003456        0xe .build/obj_lily58_rev1_shanec80/eeprom_wear_leveling.o
                0x10003456                eeprom_write_block
 .text.wear_leveling_clear_cache
                0x10003464       0x24 .build/obj_lily58_rev1_shanec80/wear_leveling.o
 .text.wear_leveling_unlock
                0x10003488       0x24 .build/obj_lily58_rev1_shanec80/wear_leveling.o
 .text.wear_leveling_lock
                0x100034ac       0x28 .build/obj_lily58_rev1_shanec80/wear_leveling.o
 .text.wear_leveling_erase
                0x100034d4       0x2e .build/obj_lily58_rev1_shanec80/wear_leveling.o
                0x100034d4                wear_leveling_erase
 *fill*         0x10003502        0x2 
 .text.wear_leveling_read
                0x10003504       0x24 .build/obj_lily58_rev1_shanec80/wear_leveling.o
                0x10003504                wear_leveling_read
 .text.wear_leveling_consolidate_force
                0x10003528       0x6c .build/obj_lily58_rev1_shanec80/wear_leveling.o
 .text.wear_leveling_consolidate_if_needed
                0x10003594       0x20 .build/obj_lily58_rev1_shanec80/wear_leveling.o
 .text.wear_leveling_append_raw
                0x100035b4       0x28 .build/obj_lily58_rev1_shanec80/wear_leveling.o
 .text.wear_leveling_write
                0x100035dc      0x154 .build/obj_lily58_rev1_shanec80/wear_leveling.o
                0x100035dc                wear_leveling_write
 .text.wear_leveling_init
                0x10003730      0x190 .build/obj_lily58_rev1_shanec80/wear_leveling.o
                0x10003730                wear_leveling_init
 .text.backing_store_init
                0x100038c0       0x1c .build/obj_lily58_rev1_shanec80/wear_leveling_rp2040_flash.o
                0x100038c0                backing_store_init
 .text.backing_store_unlock
                0x100038dc        0x4 .build/obj_lily58_rev1_shanec80/wear_leveling_rp2040_flash.o
                0x100038dc                backing_store_unlock
 .text.backing_store_erase
                0x100038e0       0x28 .build/obj_lily58_rev1_shanec80/wear_leveling_rp2040_flash.o
                0x100038e0                backing_store_erase
 .text.backing_store_write_bulk
                0x10003908       0x24 .build/obj_lily58_rev1_shanec80/wear_leveling_rp2040_flash.o
                0x10003908                backing_store_write_bulk
 .text.backing_store_write
                0x1000392c       0x14 .build/obj_lily58_rev1_shanec80/wear_leveling_rp2040_flash.o
                0x1000392c                backing_store_write
 .text.backing_store_lock
                0x10003940        0x4 .build/obj_lily58_rev1_shanec80/wear_leveling_rp2040_flash.o
                0x10003940                backing_store_lock
 .text.backing_store_read_bulk
                0x10003944       0x20 .build/obj_lily58_rev1_shanec80/wear_leveling_rp2040_flash.o
                0x10003944                backing_store_read_bulk
 .text.backing_store_read
                0x10003964        0xc .build/obj_lily58_rev1_shanec80/wear_leveling_rp2040_flash.o
                0x10003964                backing_store_read
 .text.fnv_64a_buf
                0x10003970       0x8c .build/obj_lily58_rev1_shanec80/hash_64a.o
                0x10003970                fnv_64a_buf
 .text.oled_send_cmd
                0x100039fc       0x16 .build/obj_lily58_rev1_shanec80/oled_driver.o
                0x100039fc                oled_send_cmd
 .text.oled_send_cmd_P
                0x10003a12        0x8 .build/obj_lily58_rev1_shanec80/oled_driver.o
                0x10003a12                oled_send_cmd_P
 .text.oled_send_data
                0x10003a1a       0x1a .build/obj_lily58_rev1_shanec80/oled_driver.o
                0x10003a1a                oled_send_data
 .text.oled_driver_init
                0x10003a34        0x8 .build/obj_lily58_rev1_shanec80/oled_driver.o
                0x10003a34                oled_driver_init
 .text.oled_init_kb
                0x10003a3c        0x2 .build/obj_lily58_rev1_shanec80/oled_driver.o
                0x10003a3c                oled_init_kb
 *fill*         0x10003a3e        0x2 
 .text.oled_clear
                0x10003a40       0x2c .build/obj_lily58_rev1_shanec80/oled_driver.o
                0x10003a40                oled_clear
 .text.oled_init
                0x10003a6c       0xc8 .build/obj_lily58_rev1_shanec80/oled_driver.o
                0x10003a6c                oled_init
 .text.oled_set_cursor
                0x10003b34       0x30 .build/obj_lily58_rev1_shanec80/oled_driver.o
                0x10003b34                oled_set_cursor
 .text.oled_advance_char
                0x10003b64       0x44 .build/obj_lily58_rev1_shanec80/oled_driver.o
                0x10003b64                oled_advance_char
 .text.oled_write_char
                0x10003ba8       0xb0 .build/obj_lily58_rev1_shanec80/oled_driver.o
                0x10003ba8                oled_write_char
 .text.oled_advance_page
                0x10003c58       0x60 .build/obj_lily58_rev1_shanec80/oled_driver.o
                0x10003c58                oled_advance_page
 .text.oled_write
                0x10003cb8       0x1e .build/obj_lily58_rev1_shanec80/oled_driver.o
                0x10003cb8                oled_write
 *fill*         0x10003cd6        0x2 
 .text.oled_write_raw
                0x10003cd8       0x58 .build/obj_lily58_rev1_shanec80/oled_driver.o
                0x10003cd8                oled_write_raw
 .text.oled_on  0x10003d30       0x58 .build/obj_lily58_rev1_shanec80/oled_driver.o
                0x10003d30                oled_on
 .text.oled_render_dirty
                0x10003d88      0x184 .build/obj_lily58_rev1_shanec80/oled_driver.o
                0x10003d88                oled_render_dirty
 .text.oled_off
                0x10003f0c       0x48 .build/obj_lily58_rev1_shanec80/oled_driver.o
                0x10003f0c                oled_off
 .text.oled_task_kb
                0x10003f54        0x8 .build/obj_lily58_rev1_shanec80/oled_driver.o
                0x10003f54                oled_task_kb
 .text.oled_task
                0x10003f5c       0x60 .build/obj_lily58_rev1_shanec80/oled_driver.o
                0x10003f5c                oled_task
 .text.bootmagic_reset_eeprom
                0x10003fbc        0x8 .build/obj_lily58_rev1_shanec80/quantum/bootmagic/bootmagic.o
                0x10003fbc                bootmagic_reset_eeprom
 .text.bootmagic_should_reset
                0x10003fc4        0xe .build/obj_lily58_rev1_shanec80/quantum/bootmagic/bootmagic.o
                0x10003fc4                bootmagic_should_reset
 *fill*         0x10003fd2        0x2 
 .text.bootmagic_scan
                0x10003fd4       0x28 .build/obj_lily58_rev1_shanec80/quantum/bootmagic/bootmagic.o
                0x10003fd4                bootmagic_scan
 .text.bootmagic
                0x10003ffc        0x8 .build/obj_lily58_rev1_shanec80/quantum/bootmagic/bootmagic.o
                0x10003ffc                bootmagic
 .text.process_caps_word
                0x10004004      0x1b4 .build/obj_lily58_rev1_shanec80/quantum/process_keycode/process_caps_word.o
                0x10004004                process_caps_word
 .text.caps_word_reset_idle_timer
                0x100041b8       0x18 .build/obj_lily58_rev1_shanec80/quantum/caps_word.o
                0x100041b8                caps_word_reset_idle_timer
 .text.is_caps_word_on
                0x100041d0        0xc .build/obj_lily58_rev1_shanec80/quantum/caps_word.o
                0x100041d0                is_caps_word_on
 .text.caps_word_set_user
                0x100041dc        0x2 .build/obj_lily58_rev1_shanec80/quantum/caps_word.o
                0x100041dc                caps_word_set_user
 *fill*         0x100041de        0x2 
 .text.caps_word_on
                0x100041e0       0x24 .build/obj_lily58_rev1_shanec80/quantum/caps_word.o
                0x100041e0                caps_word_on
 .text.caps_word_off
                0x10004204       0x20 .build/obj_lily58_rev1_shanec80/quantum/caps_word.o
                0x10004204                caps_word_off
 .text.caps_word_task
                0x10004224       0x30 .build/obj_lily58_rev1_shanec80/quantum/caps_word.o
                0x10004224                caps_word_task
 .text.caps_word_toggle
                0x10004254       0x1c .build/obj_lily58_rev1_shanec80/quantum/caps_word.o
                0x10004254                caps_word_toggle
 .text.process_combo_event
                0x10004270        0x2 .build/obj_lily58_rev1_shanec80/quantum/process_keycode/process_combo.o
                0x10004270                process_combo_event
 *fill*         0x10004272        0x2 
 .text.dump_key_buffer
                0x10004274       0x80 .build/obj_lily58_rev1_shanec80/quantum/process_keycode/process_combo.o
 .text.combo_ref_from_layer
                0x100042f4        0x2 .build/obj_lily58_rev1_shanec80/quantum/process_keycode/process_combo.o
                0x100042f4                combo_ref_from_layer
 *fill*         0x100042f6        0x2 
 .text.clear_combos
                0x100042f8       0x2c .build/obj_lily58_rev1_shanec80/quantum/process_keycode/process_combo.o
                0x100042f8                clear_combos
 .text.drop_combo_from_buffer
                0x10004324       0x44 .build/obj_lily58_rev1_shanec80/quantum/process_keycode/process_combo.o
                0x10004324                drop_combo_from_buffer
 .text.apply_combo
                0x10004368       0x98 .build/obj_lily58_rev1_shanec80/quantum/process_keycode/process_combo.o
                0x10004368                apply_combo
 .text.apply_combos
                0x10004400       0x40 .build/obj_lily58_rev1_shanec80/quantum/process_keycode/process_combo.o
 .text.overlaps
                0x10004440       0x50 .build/obj_lily58_rev1_shanec80/quantum/process_keycode/process_combo.o
                0x10004440                overlaps
 .text.combo_task
                0x10004490       0x58 .build/obj_lily58_rev1_shanec80/quantum/process_keycode/process_combo.o
                0x10004490                combo_task
 .text.combo_disable
                0x100044e8       0x30 .build/obj_lily58_rev1_shanec80/quantum/process_keycode/process_combo.o
                0x100044e8                combo_disable
 .text.combo_toggle
                0x10004518       0x1c .build/obj_lily58_rev1_shanec80/quantum/process_keycode/process_combo.o
                0x10004518                combo_toggle
 .text.process_combo
                0x10004534      0x2a4 .build/obj_lily58_rev1_shanec80/quantum/process_keycode/process_combo.o
                0x10004534                process_combo
 .text.crc_init
                0x100047d8        0x2 .build/obj_lily58_rev1_shanec80/quantum/crc.o
                0x100047d8                crc_init
 .text.crc8     0x100047da       0x30 .build/obj_lily58_rev1_shanec80/quantum/crc.o
                0x100047da                crc8
 *fill*         0x1000480a        0x2 
 .text.process_grave_esc
                0x1000480c       0x54 .build/obj_lily58_rev1_shanec80/quantum/process_keycode/process_grave_esc.o
                0x1000480c                process_grave_esc
 .text.process_magic
                0x10004860      0x1b8 .build/obj_lily58_rev1_shanec80/quantum/process_keycode/process_magic.o
                0x10004860                process_magic
 .text.times_inv_sqrt2
                0x10004a18       0x20 .build/obj_lily58_rev1_shanec80/quantum/mousekey.o
 .text.move_unit
                0x10004a38       0x6c .build/obj_lily58_rev1_shanec80/quantum/mousekey.o
 .text.wheel_unit
                0x10004aa4       0x68 .build/obj_lily58_rev1_shanec80/quantum/mousekey.o
 .text.mousekey_on
                0x10004b0c       0xbc .build/obj_lily58_rev1_shanec80/quantum/mousekey.o
                0x10004b0c                mousekey_on
 .text.mousekey_off
                0x10004bc8       0xe8 .build/obj_lily58_rev1_shanec80/quantum/mousekey.o
                0x10004bc8                mousekey_off
 .text.mousekey_send
                0x10004cb0       0xe8 .build/obj_lily58_rev1_shanec80/quantum/mousekey.o
                0x10004cb0                mousekey_send
 .text.mousekey_clear
                0x10004d98       0x2c .build/obj_lily58_rev1_shanec80/quantum/mousekey.o
                0x10004d98                mousekey_clear
 .text.should_mousekey_report_send
                0x10004dc4       0x26 .build/obj_lily58_rev1_shanec80/quantum/mousekey.o
                0x10004dc4                should_mousekey_report_send
 *fill*         0x10004dea        0x2 
 .text.mousekey_task
                0x10004dec      0x174 .build/obj_lily58_rev1_shanec80/quantum/mousekey.o
                0x10004dec                mousekey_task
 .text.send_char_with_delay
                0x10004f60      0x178 .build/obj_lily58_rev1_shanec80/quantum/send_string/send_string.o
                0x10004f60                send_char_with_delay
 .text.send_string_with_delay
                0x100050d8       0xd4 .build/obj_lily58_rev1_shanec80/quantum/send_string/send_string.o
                0x100050d8                send_string_with_delay
 .text.perform_space_cadet
                0x100051ac       0xb4 .build/obj_lily58_rev1_shanec80/quantum/process_keycode/process_space_cadet.o
                0x100051ac                perform_space_cadet
 .text.process_space_cadet
                0x10005260       0xa8 .build/obj_lily58_rev1_shanec80/quantum/process_keycode/process_space_cadet.o
                0x10005260                process_space_cadet
 .text.reset_space_cadet
                0x10005308        0xc .build/obj_lily58_rev1_shanec80/quantum/process_keycode/process_space_cadet.o
                0x10005308                reset_space_cadet
 .text.set_current_wpm
                0x10005314        0xc .build/obj_lily58_rev1_shanec80/quantum/wpm.o
                0x10005314                set_current_wpm
 .text.get_current_wpm
                0x10005320        0xc .build/obj_lily58_rev1_shanec80/quantum/wpm.o
                0x10005320                get_current_wpm
 .text.wpm_keycode_user
                0x1000532c       0x32 .build/obj_lily58_rev1_shanec80/quantum/wpm.o
                0x1000532c                wpm_keycode_user
 .text.wpm_keycode_kb
                0x1000535e        0x8 .build/obj_lily58_rev1_shanec80/quantum/wpm.o
                0x1000535e                wpm_keycode_kb
 *fill*         0x10005366        0x2 
 .text.update_wpm
                0x10005368       0x2c .build/obj_lily58_rev1_shanec80/quantum/wpm.o
                0x10005368                update_wpm
 .text.decay_wpm
                0x10005394       0xf0 .build/obj_lily58_rev1_shanec80/quantum/wpm.o
                0x10005394                decay_wpm
 .text.host_set_driver
                0x10005484        0xc .build/obj_lily58_rev1_shanec80/protocol/host.o
                0x10005484                host_set_driver
 .text.set_split_host_keyboard_leds
                0x10005490        0xc .build/obj_lily58_rev1_shanec80/protocol/host.o
                0x10005490                set_split_host_keyboard_leds
 .text.host_keyboard_leds
                0x1000549c       0x28 .build/obj_lily58_rev1_shanec80/protocol/host.o
                0x1000549c                host_keyboard_leds
 .text.host_keyboard_led_state
                0x100054c4        0x8 .build/obj_lily58_rev1_shanec80/protocol/host.o
                0x100054c4                host_keyboard_led_state
 .text.host_keyboard_send
                0x100054cc       0x60 .build/obj_lily58_rev1_shanec80/protocol/host.o
                0x100054cc                host_keyboard_send
 .text.host_nkro_send
                0x1000552c       0x64 .build/obj_lily58_rev1_shanec80/protocol/host.o
                0x1000552c                host_nkro_send
 .text.host_mouse_send
                0x10005590       0x18 .build/obj_lily58_rev1_shanec80/protocol/host.o
                0x10005590                host_mouse_send
 .text.host_system_send
                0x100055a8       0x30 .build/obj_lily58_rev1_shanec80/protocol/host.o
                0x100055a8                host_system_send
 .text.host_consumer_send
                0x100055d8       0x30 .build/obj_lily58_rev1_shanec80/protocol/host.o
                0x100055d8                host_consumer_send
 .text.has_anykey
                0x10005608       0x48 .build/obj_lily58_rev1_shanec80/protocol/report.o
                0x10005608                has_anykey
 .text.is_key_pressed
                0x10005650       0x64 .build/obj_lily58_rev1_shanec80/protocol/report.o
                0x10005650                is_key_pressed
 .text.add_key_byte
                0x100056b4       0x2a .build/obj_lily58_rev1_shanec80/protocol/report.o
                0x100056b4                add_key_byte
 .text.del_key_byte
                0x100056de       0x18 .build/obj_lily58_rev1_shanec80/protocol/report.o
                0x100056de                del_key_byte
 *fill*         0x100056f6        0x2 
 .text.add_key_bit
                0x100056f8       0x34 .build/obj_lily58_rev1_shanec80/protocol/report.o
                0x100056f8                add_key_bit
 .text.del_key_bit
                0x1000572c       0x34 .build/obj_lily58_rev1_shanec80/protocol/report.o
                0x1000572c                del_key_bit
 .text.add_key_to_report
                0x10005760       0x38 .build/obj_lily58_rev1_shanec80/protocol/report.o
                0x10005760                add_key_to_report
 .text.del_key_from_report
                0x10005798       0x38 .build/obj_lily58_rev1_shanec80/protocol/report.o
                0x10005798                del_key_from_report
 .text.clear_keys_from_report
                0x100057d0       0x3c .build/obj_lily58_rev1_shanec80/protocol/report.o
                0x100057d0                clear_keys_from_report
 .text.has_mouse_report_changed
                0x1000580c       0x58 .build/obj_lily58_rev1_shanec80/protocol/report.o
                0x1000580c                has_mouse_report_changed
 .text.notify_usb_device_state_change_user
                0x10005864        0x2 .build/obj_lily58_rev1_shanec80/protocol/usb_device_state.o
                0x10005864                notify_usb_device_state_change_user
 .text.notify_usb_device_state_change_kb
                0x10005866        0x8 .build/obj_lily58_rev1_shanec80/protocol/usb_device_state.o
                0x10005866                notify_usb_device_state_change_kb
 *fill*         0x1000586e        0x2 
 .text.usb_device_state_set_configuration
                0x10005870       0x14 .build/obj_lily58_rev1_shanec80/protocol/usb_device_state.o
                0x10005870                usb_device_state_set_configuration
 .text.usb_device_state_set_suspend
                0x10005884       0x14 .build/obj_lily58_rev1_shanec80/protocol/usb_device_state.o
                0x10005884                usb_device_state_set_suspend
 .text.usb_device_state_set_resume
                0x10005898        0x8 .build/obj_lily58_rev1_shanec80/protocol/usb_device_state.o
                0x10005898                usb_device_state_set_resume
 .text.usb_device_state_set_reset
                0x100058a0       0x14 .build/obj_lily58_rev1_shanec80/protocol/usb_device_state.o
                0x100058a0                usb_device_state_set_reset
 .text.usb_device_state_init
                0x100058b4        0x8 .build/obj_lily58_rev1_shanec80/protocol/usb_device_state.o
                0x100058b4                usb_device_state_init
 .text.matrix_power_up
                0x100058bc        0x2 .build/obj_lily58_rev1_shanec80/platforms/suspend.o
                0x100058bc                matrix_power_up
 .text.matrix_power_down
                0x100058be        0x2 .build/obj_lily58_rev1_shanec80/platforms/suspend.o
                0x100058be                matrix_power_down
 .text.suspend_power_down_user
                0x100058c0        0x2 .build/obj_lily58_rev1_shanec80/platforms/suspend.o
                0x100058c0                suspend_power_down_user
 .text.suspend_power_down_kb
                0x100058c2        0x8 .build/obj_lily58_rev1_shanec80/platforms/suspend.o
                0x100058c2                suspend_power_down_kb
 .text.suspend_wakeup_init_user
                0x100058ca        0x2 .build/obj_lily58_rev1_shanec80/platforms/suspend.o
                0x100058ca                suspend_wakeup_init_user
 .text.suspend_wakeup_init_kb
                0x100058cc        0x8 .build/obj_lily58_rev1_shanec80/platforms/suspend.o
                0x100058cc                suspend_wakeup_init_kb
 .text.suspend_wakeup_condition
                0x100058d4       0x28 .build/obj_lily58_rev1_shanec80/platforms/suspend.o
                0x100058d4                suspend_wakeup_condition
 .text.platform_setup
                0x100058fc        0xc .build/obj_lily58_rev1_shanec80/platforms/chibios/platform.o
                0x100058fc                platform_setup
 .text.suspend_power_down
                0x10005908       0x14 .build/obj_lily58_rev1_shanec80/platforms/chibios/suspend.o
                0x10005908                suspend_power_down
 .text.suspend_wakeup_init
                0x1000591c       0x24 .build/obj_lily58_rev1_shanec80/platforms/chibios/suspend.o
                0x1000591c                suspend_wakeup_init
 .text.timer_clear
                0x10005940       0x40 .build/obj_lily58_rev1_shanec80/platforms/chibios/timer.o
                0x10005940                timer_clear
 .text.timer_init
                0x10005980        0x8 .build/obj_lily58_rev1_shanec80/platforms/chibios/timer.o
                0x10005980                timer_init
 .text.timer_read32
                0x10005988       0x90 .build/obj_lily58_rev1_shanec80/platforms/chibios/timer.o
                0x10005988                timer_read32
 .text.timer_read
                0x10005a18        0xa .build/obj_lily58_rev1_shanec80/platforms/chibios/timer.o
                0x10005a18                timer_read
 .text.timer_elapsed
                0x10005a22        0xe .build/obj_lily58_rev1_shanec80/platforms/chibios/timer.o
                0x10005a22                timer_elapsed
 .text.timer_elapsed32
                0x10005a30        0xc .build/obj_lily58_rev1_shanec80/platforms/chibios/timer.o
                0x10005a30                timer_elapsed32
 .text.mcu_reset
                0x10005a3c       0x1c .build/obj_lily58_rev1_shanec80/platforms/chibios/bootloaders/rp2040.o
                0x10005a3c                mcu_reset
 .text.bootloader_jump
                0x10005a58       0x14 .build/obj_lily58_rev1_shanec80/platforms/chibios/bootloaders/rp2040.o
                0x10005a58                bootloader_jump
 .text.__late_init
                0x10005a6c       0x40 .build/obj_lily58_rev1_shanec80/platforms/chibios/bootloaders/rp2040.o
                0x10005a6c                __late_init
 .text.SlaveThread
                0x10005aac       0xb0 .build/obj_lily58_rev1_shanec80/serial_protocol.a(serial_protocol.o)
 .text.soft_serial_target_init
                0x10005b5c       0x24 .build/obj_lily58_rev1_shanec80/serial_protocol.a(serial_protocol.o)
                0x10005b5c                soft_serial_target_init
 .text.soft_serial_initiator_init
                0x10005b80        0x8 .build/obj_lily58_rev1_shanec80/serial_protocol.a(serial_protocol.o)
                0x10005b80                soft_serial_initiator_init
 .text.soft_serial_transaction
                0x10005b88       0x98 .build/obj_lily58_rev1_shanec80/serial_protocol.a(serial_protocol.o)
                0x10005b88                soft_serial_transaction
 .text.port_lock
                0x10005c20       0x16 .build/obj_lily58_rev1_shanec80/serial_vendor.a(serial_vendor.o)
 .text.port_unlock
                0x10005c36       0x12 .build/obj_lily58_rev1_shanec80/serial_vendor.a(serial_vendor.o)
 .text.sm_config_set_clkdiv
                0x10005c48       0x3a .build/obj_lily58_rev1_shanec80/serial_vendor.a(serial_vendor.o)
 *fill*         0x10005c82        0x2 
 .text.pio_sm_set_enabled.constprop.0
                0x10005c84       0x18 .build/obj_lily58_rev1_shanec80/serial_vendor.a(serial_vendor.o)
 .text.receive_impl
                0x10005c9c       0xb0 .build/obj_lily58_rev1_shanec80/serial_vendor.a(serial_vendor.o)
 .text.Vector5C
                0x10005d4c       0x9c .build/obj_lily58_rev1_shanec80/serial_vendor.a(serial_vendor.o)
                0x10005d4c                Vector5C
 .text.serial_transport_driver_clear
                0x10005de8       0x44 .build/obj_lily58_rev1_shanec80/serial_vendor.a(serial_vendor.o)
                0x10005de8                serial_transport_driver_clear
 .text.hot.serial_transport_send
                0x10005e2c       0xb8 .build/obj_lily58_rev1_shanec80/serial_vendor.a(serial_vendor.o)
                0x10005e2c                serial_transport_send
 .text.hot.serial_transport_receive
                0x10005ee4       0x10 .build/obj_lily58_rev1_shanec80/serial_vendor.a(serial_vendor.o)
                0x10005ee4                serial_transport_receive
 .text.hot.serial_transport_receive_blocking
                0x10005ef4        0xc .build/obj_lily58_rev1_shanec80/serial_vendor.a(serial_vendor.o)
                0x10005ef4                serial_transport_receive_blocking
 .text.serial_transport_driver_slave_init
                0x10005f00      0x1e0 .build/obj_lily58_rev1_shanec80/serial_vendor.a(serial_vendor.o)
                0x10005f00                serial_transport_driver_slave_init
 .text.serial_transport_driver_master_init
                0x100060e0        0x8 .build/obj_lily58_rev1_shanec80/serial_vendor.a(serial_vendor.o)
                0x100060e0                serial_transport_driver_master_init
 .text.i2c_epilogue
                0x100060e8       0x20 .build/obj_lily58_rev1_shanec80/i2c_master.a(i2c_master.o)
 .text.i2c_init
                0x10006108       0x54 .build/obj_lily58_rev1_shanec80/i2c_master.a(i2c_master.o)
                0x10006108                i2c_init
 .text.i2c_transmit
                0x1000615c       0x64 .build/obj_lily58_rev1_shanec80/i2c_master.a(i2c_master.o)
                0x1000615c                i2c_transmit
 .text.i2c_write_register
                0x100061c0       0xa0 .build/obj_lily58_rev1_shanec80/i2c_master.a(i2c_master.o)
                0x100061c0                i2c_write_register
 .text.port_lock
                0x10006260       0x16 .build/obj_lily58_rev1_shanec80/protocol/chibios/usb_main.o
 .text.port_unlock
                0x10006276       0x12 .build/obj_lily58_rev1_shanec80/protocol/chibios/usb_main.o
 .text.dummy_usb_cb
                0x10006288        0x2 .build/obj_lily58_rev1_shanec80/protocol/chibios/usb_main.o
 .text.usb_sof_cb
                0x1000628a        0xc .build/obj_lily58_rev1_shanec80/protocol/chibios/usb_main.o
 *fill*         0x10006296        0x2 
 .text.usb_get_descriptor_cb
                0x10006298       0x3c .build/obj_lily58_rev1_shanec80/protocol/chibios/usb_main.o
 .text.set_led_transfer_cb
                0x100062d4       0x30 .build/obj_lily58_rev1_shanec80/protocol/chibios/usb_main.o
 .text.chVTSetI.constprop.0
                0x10006304       0x2c .build/obj_lily58_rev1_shanec80/protocol/chibios/usb_main.o
 .text.keyboard_idle_timer_cb
                0x10006330       0x80 .build/obj_lily58_rev1_shanec80/protocol/chibios/usb_main.o
 .text.usb_requests_hook_cb
                0x100063b0      0x190 .build/obj_lily58_rev1_shanec80/protocol/chibios/usb_main.o
 .text.usb_event_queue_enqueue.isra.0
                0x10006540       0x28 .build/obj_lily58_rev1_shanec80/protocol/chibios/usb_main.o
 .text.usb_event_cb
                0x10006568       0x64 .build/obj_lily58_rev1_shanec80/protocol/chibios/usb_main.o
 .text.rbuf_has_data
                0x100065cc       0x28 .build/obj_lily58_rev1_shanec80/protocol/chibios/usb_main.o
 .text.usb_event_queue_init
                0x100065f4       0x24 .build/obj_lily58_rev1_shanec80/protocol/chibios/usb_main.o
                0x100065f4                usb_event_queue_init
 .text.usb_event_queue_task
                0x10006618       0xa4 .build/obj_lily58_rev1_shanec80/protocol/chibios/usb_main.o
                0x10006618                usb_event_queue_task
 .text.init_usb_driver
                0x100066bc       0x44 .build/obj_lily58_rev1_shanec80/protocol/chibios/usb_main.o
                0x100066bc                init_usb_driver
 .text.restart_usb_driver
                0x10006700       0x30 .build/obj_lily58_rev1_shanec80/protocol/chibios/usb_main.o
                0x10006700                restart_usb_driver
 .text.keyboard_leds
                0x10006730        0xc .build/obj_lily58_rev1_shanec80/protocol/chibios/usb_main.o
                0x10006730                keyboard_leds
 .text.send_report
                0x1000673c       0x50 .build/obj_lily58_rev1_shanec80/protocol/chibios/usb_main.o
                0x1000673c                send_report
 .text.send_keyboard
                0x1000678c       0x20 .build/obj_lily58_rev1_shanec80/protocol/chibios/usb_main.o
                0x1000678c                send_keyboard
 .text.send_nkro
                0x100067ac        0xe .build/obj_lily58_rev1_shanec80/protocol/chibios/usb_main.o
                0x100067ac                send_nkro
 *fill*         0x100067ba        0x2 
 .text.send_mouse
                0x100067bc       0x20 .build/obj_lily58_rev1_shanec80/protocol/chibios/usb_main.o
                0x100067bc                send_mouse
 .text.send_extra
                0x100067dc        0xe .build/obj_lily58_rev1_shanec80/protocol/chibios/usb_main.o
                0x100067dc                send_extra
 *fill*         0x100067ea        0x2 
 .text.sendchar
                0x100067ec       0x34 .build/obj_lily58_rev1_shanec80/protocol/chibios/usb_main.o
                0x100067ec                sendchar
 .text.console_task
                0x10006820       0x88 .build/obj_lily58_rev1_shanec80/protocol/chibios/usb_main.o
                0x10006820                console_task
 .text.early_hardware_init_pre
                0x100068a8        0x2 .build/obj_lily58_rev1_shanec80/protocol/chibios/chibios.o
                0x100068a8                early_hardware_init_pre
 .text.early_hardware_init_post
                0x100068aa        0x2 .build/obj_lily58_rev1_shanec80/protocol/chibios/chibios.o
                0x100068aa                early_hardware_init_post
 .text.board_init
                0x100068ac        0x2 .build/obj_lily58_rev1_shanec80/protocol/chibios/chibios.o
                0x100068ac                board_init
 .text.__early_init
                0x100068ae       0x10 .build/obj_lily58_rev1_shanec80/protocol/chibios/chibios.o
                0x100068ae                __early_init
 .text.boardInit
                0x100068be        0xc .build/obj_lily58_rev1_shanec80/protocol/chibios/chibios.o
                0x100068be                boardInit
 .text.protocol_setup
                0x100068ca        0x8 .build/obj_lily58_rev1_shanec80/protocol/chibios/chibios.o
                0x100068ca                protocol_setup
 *fill*         0x100068d2        0x2 
 .text.protocol_pre_init
                0x100068d4       0x34 .build/obj_lily58_rev1_shanec80/protocol/chibios/chibios.o
                0x100068d4                protocol_pre_init
 .text.protocol_post_init
                0x10006908       0x10 .build/obj_lily58_rev1_shanec80/protocol/chibios/chibios.o
                0x10006908                protocol_post_init
 .text.protocol_pre_task
                0x10006918       0x60 .build/obj_lily58_rev1_shanec80/protocol/chibios/chibios.o
                0x10006918                protocol_pre_task
 .text.protocol_post_task
                0x10006978        0x8 .build/obj_lily58_rev1_shanec80/protocol/chibios/chibios.o
                0x10006978                protocol_post_task
 .text.get_usb_descriptor
                0x10006980       0x80 .build/obj_lily58_rev1_shanec80/usb_descriptor.o
                0x10006980                get_usb_descriptor
 .text.usb_disconnect
                0x10006a00       0x20 .build/obj_lily58_rev1_shanec80/protocol/chibios/usb_util.o
                0x10006a00                usb_disconnect
 .text.usb_connected_state
                0x10006a20       0x14 .build/obj_lily58_rev1_shanec80/protocol/chibios/usb_util.o
                0x10006a20                usb_connected_state